Archive member included because of file (symbol)

/mnt/scratch/gnuarm/arm-none-eabi/lib//libc.a(lib_a-memset.o)
                              src/raspi/calibrate.o (memset)
/mnt/scratch/gnuarm/arm-none-eabi/lib//libc.a(lib_a-printf.o)
                              src/raspi/calibrate.o (printf)
/mnt/scratch/gnuarm/arm-none-eabi/lib//libc.a(lib_a-sprintf.o)
                              src/raspi/uart.o (sprintf)
/mnt/scratch/gnuarm/arm-none-eabi/lib//libc.a(lib_a-svfprintf.o)
                              /mnt/scratch/gnuarm/arm-none-eabi/lib//libc.a(lib_a-sprintf.o) (_svfprintf_r)
/mnt/scratch/gnuarm/arm-none-eabi/lib//libc.a(lib_a-vfprintf.o)
                              /mnt/scratch/gnuarm/arm-none-eabi/lib//libc.a(lib_a-printf.o) (_vfprintf_r)
/mnt/scratch/gnuarm/arm-none-eabi/lib//libc.a(lib_a-wsetup.o)
                              /mnt/scratch/gnuarm/arm-none-eabi/lib//libc.a(lib_a-vfprintf.o) (__swsetup_r)
/mnt/scratch/gnuarm/arm-none-eabi/lib//libc.a(lib_a-dtoa.o)
                              /mnt/scratch/gnuarm/arm-none-eabi/lib//libc.a(lib_a-svfprintf.o) (_dtoa_r)
/mnt/scratch/gnuarm/arm-none-eabi/lib//libc.a(lib_a-fflush.o)
                              /mnt/scratch/gnuarm/arm-none-eabi/lib//libc.a(lib_a-vfprintf.o) (_fflush_r)
/mnt/scratch/gnuarm/arm-none-eabi/lib//libc.a(lib_a-findfp.o)
                              /mnt/scratch/gnuarm/arm-none-eabi/lib//libc.a(lib_a-vfprintf.o) (__sinit)
/mnt/scratch/gnuarm/arm-none-eabi/lib//libc.a(lib_a-freer.o)
                              /mnt/scratch/gnuarm/arm-none-eabi/lib//libc.a(lib_a-wsetup.o) (_free_r)
/mnt/scratch/gnuarm/arm-none-eabi/lib//libc.a(lib_a-fwalk.o)
                              /mnt/scratch/gnuarm/arm-none-eabi/lib//libc.a(lib_a-findfp.o) (_fwalk)
/mnt/scratch/gnuarm/arm-none-eabi/lib//libc.a(lib_a-impure.o)
                              /mnt/scratch/gnuarm/arm-none-eabi/lib//libc.a(lib_a-fflush.o) (_global_impure_ptr)
/mnt/scratch/gnuarm/arm-none-eabi/lib//libc.a(lib_a-locale.o)
                              /mnt/scratch/gnuarm/arm-none-eabi/lib//libc.a(lib_a-svfprintf.o) (_localeconv_r)
/mnt/scratch/gnuarm/arm-none-eabi/lib//libc.a(lib_a-makebuf.o)
                              /mnt/scratch/gnuarm/arm-none-eabi/lib//libc.a(lib_a-wsetup.o) (__smakebuf_r)
/mnt/scratch/gnuarm/arm-none-eabi/lib//libc.a(lib_a-mallocr.o)
                              /mnt/scratch/gnuarm/arm-none-eabi/lib//libc.a(lib_a-svfprintf.o) (_malloc_r)
/mnt/scratch/gnuarm/arm-none-eabi/lib//libc.a(lib_a-memchr-stub.o)
                              /mnt/scratch/gnuarm/arm-none-eabi/lib//libc.a(lib_a-svfprintf.o) (memchr)
/mnt/scratch/gnuarm/arm-none-eabi/lib//libc.a(lib_a-memcpy-stub.o)
                              /mnt/scratch/gnuarm/arm-none-eabi/lib//libc.a(lib_a-dtoa.o) (memcpy)
/mnt/scratch/gnuarm/arm-none-eabi/lib//libc.a(lib_a-mlock.o)
                              /mnt/scratch/gnuarm/arm-none-eabi/lib//libc.a(lib_a-freer.o) (__malloc_lock)
/mnt/scratch/gnuarm/arm-none-eabi/lib//libc.a(lib_a-mprec.o)
                              /mnt/scratch/gnuarm/arm-none-eabi/lib//libc.a(lib_a-dtoa.o) (_Balloc)
/mnt/scratch/gnuarm/arm-none-eabi/lib//libc.a(lib_a-s_fpclassify.o)
                              /mnt/scratch/gnuarm/arm-none-eabi/lib//libc.a(lib_a-svfprintf.o) (__fpclassifyd)
/mnt/scratch/gnuarm/arm-none-eabi/lib//libc.a(lib_a-sbrkr.o)
                              /mnt/scratch/gnuarm/arm-none-eabi/lib//libc.a(lib_a-freer.o) (_sbrk_r)
/mnt/scratch/gnuarm/arm-none-eabi/lib//libc.a(lib_a-stdio.o)
                              /mnt/scratch/gnuarm/arm-none-eabi/lib//libc.a(lib_a-findfp.o) (__sread)
/mnt/scratch/gnuarm/arm-none-eabi/lib//libc.a(lib_a-strcmp.o)
                              /mnt/scratch/gnuarm/arm-none-eabi/lib//libc.a(lib_a-locale.o) (strcmp)
/mnt/scratch/gnuarm/arm-none-eabi/lib//libc.a(lib_a-strlen.o)
                              /mnt/scratch/gnuarm/arm-none-eabi/lib//libc.a(lib_a-svfprintf.o) (strlen)
/mnt/scratch/gnuarm/arm-none-eabi/lib//libc.a(lib_a-svfiprintf.o)
                              /mnt/scratch/gnuarm/arm-none-eabi/lib//libc.a(lib_a-svfprintf.o) (__ssprint_r)
/mnt/scratch/gnuarm/arm-none-eabi/lib//libc.a(lib_a-syscalls.o)
                              /mnt/scratch/gnuarm/arm-none-eabi/lib//libc.a(lib_a-sbrkr.o) (_sbrk)
/mnt/scratch/gnuarm/arm-none-eabi/lib//libc.a(lib_a-vfiprintf.o)
                              /mnt/scratch/gnuarm/arm-none-eabi/lib//libc.a(lib_a-vfprintf.o) (__sprint_r)
/mnt/scratch/gnuarm/arm-none-eabi/lib//libc.a(lib_a-writer.o)
                              /mnt/scratch/gnuarm/arm-none-eabi/lib//libc.a(lib_a-stdio.o) (_write_r)
/mnt/scratch/gnuarm/arm-none-eabi/lib//libc.a(lib_a-callocr.o)
                              /mnt/scratch/gnuarm/arm-none-eabi/lib//libc.a(lib_a-mprec.o) (_calloc_r)
/mnt/scratch/gnuarm/arm-none-eabi/lib//libc.a(lib_a-closer.o)
                              /mnt/scratch/gnuarm/arm-none-eabi/lib//libc.a(lib_a-stdio.o) (_close_r)
[...]
Memory Configuration

Name             Origin             Length             Attributes
ram              0x00008000         0x10000000
*default*        0x00000000         0xffffffff

Linker script and memory map

LOAD src/raspi/vectors.o
LOAD src/raspi/calibrate.o
LOAD src/raspi/cubePinMapping.o
LOAD src/raspi/gpio.o
LOAD src/raspi/integrate.o
LOAD src/raspi/irq.o
LOAD src/raspi/main.o
LOAD src/raspi/maindebug.o
LOAD src/raspi/mpu60x0.o
LOAD src/raspi/mpu60x0regs.o
LOAD src/raspi/spi.o
LOAD src/raspi/support.o
LOAD src/raspi/systimer.o
LOAD src/raspi/uart.o

.text           0x00008000     0xda88
 *(.text)
 .text          0x00008000       0xd4 src/raspi/vectors.o
                0x00008000                _start
                0x00008084                PUT32
                0x0000808c                PUT16
                0x00008094                PUT8
                0x0000809c                GET32
                0x000080a4                GETPC
                0x000080ac                BRANCHTO
                0x000080b0                dummy
                0x000080b4                enable_irq
 .text          0x000080d4      0x2f4 src/raspi/calibrate.o
                0x000080d4                find_orientation
                0x000081a4                sum_results
                0x000081d4                compute_averages
                0x00008210                static_calibration
 .text          0x000083c8       0x98 src/raspi/cubePinMapping.o
                0x000083c8                shape_set_cs
 .text          0x00008460       0xc0 src/raspi/gpio.o
                0x00008460                gpio_function_select
                0x000084c4                gpio_set_output_level
 .text          0x00008520      0x1c0 src/raspi/integrate.o
                0x00008520                findArea
                0x00008580                integrate_vector
 .text          0x000086e0      0x220 src/raspi/irq.o
                0x000086e0                irq_gpio_falling_edge_en
                0x0000873c                enable_interrupt_for_irq
                0x000087a0                c_irq_handler
                0x000088a4                register_irq_handler
                0x000088e0                c_enable_irq
 .text          0x00008900      0x270 src/raspi/main.o
                0x00008900                gpio_irq
                0x00008930                gpio_set_interrupts
                0x000089b0                select_mode
                0x00008a00                not_main
 .text          0x00008b70       0x88 src/raspi/maindebug.o
                0x00008b70                main_debug
 .text          0x00008bf8      0x468 src/raspi/mpu60x0.o
                0x00008bf8                mpu60x0_enable_interrupt
                0x00008c30                mpu60x0_init
                0x00008d00                mpu60x0_get_reading
                0x00008f00                mpu60x0_get_reading_raw
 .text          0x00009060        0x0 src/raspi/mpu60x0regs.o
 .text          0x00009060      0x1dc src/raspi/spi.o
                0x00009060                spi_pin_init
                0x000090ac                spi_begin
                0x00009110                spi_transfer
                0x00009188                spi_end
                0x000091d8                spi_write
                0x00009208                spi_read
 .text          0x0000923c       0x4c src/raspi/support.o
                0x0000923c                wait
                0x00009258                write_mmap_register
                0x00009270                read_mmap_register
 .text          0x00009288       0xec src/raspi/systimer.o
                0x00009288                systimer_get_32bit_time
                0x0000929c                systimer_get_64bit_time
                0x000092a4                systimer_init
                0x000092c4                systimer_alloc
                0x0000933c                systimer_has_timed_out
                0x00009360                systimer_free
 .text          0x00009374      0x2cc src/raspi/uart.o
                0x00009374                calc_baud_num
                0x00009390                uart_init
                0x00009494                uart_putc
                0x000094c4                uart_getc
                0x00009504                uart_get_line
                0x00009574                uart_puts
                0x0000959c                uart_putbuf
                0x000095c4                uart_put_readings
 .text          0x00009640       0xf4 /mnt/scratch/gnuarm/arm-none-eabi/lib//libc.a(lib_a-memset.o)
                0x00009640                memset
 .text          0x00009734       0x74 /mnt/scratch/gnuarm/arm-none-eabi/lib//libc.a(lib_a-printf.o)
                0x00009734                _printf_r
                0x00009768                printf
 .text          0x000097a8       0xdc /mnt/scratch/gnuarm/arm-none-eabi/lib//libc.a(lib_a-sprintf.o)
                0x000097a8                _sprintf_r
                0x00009810                sprintf
 .text          0x00009884     0x1ce4 /mnt/scratch/gnuarm/arm-none-eabi/lib//libc.a(lib_a-svfprintf.o)
                0x00009884                _svfprintf_r
 .text          0x0000b568     0x1e58 /mnt/scratch/gnuarm/arm-none-eabi/lib//libc.a(lib_a-vfprintf.o)
                0x0000b568                _vfprintf_r
                0x0000d2c8                vfprintf
 .text          0x0000d3c0      0x15c /mnt/scratch/gnuarm/arm-none-eabi/lib//libc.a(lib_a-wsetup.o)
                0x0000d3c0                __swsetup_r
 *fill*         0x0000d51c        0x4 00
 .text          0x0000d520     0x18d8 /mnt/scratch/gnuarm/arm-none-eabi/lib//libc.a(lib_a-dtoa.o)
                0x0000d700                _dtoa_r
 .text          0x0000edf8      0x2d4 /mnt/scratch/gnuarm/arm-none-eabi/lib//libc.a(lib_a-fflush.o)
                0x0000edf8                __sflush_r
                0x0000f03c                _fflush_r
                0x0000f090                fflush
 .text          0x0000f0cc      0x350 /mnt/scratch/gnuarm/arm-none-eabi/lib//libc.a(lib_a-findfp.o)
                0x0000f0dc                _cleanup_r
                0x0000f0f4                __sfmoreglue
                0x0000f140                _cleanup
                0x0000f164                __sinit
                0x0000f2cc                __sfp
                0x0000f3c4                __sfp_lock_acquire
                0x0000f3c8                __sfp_lock_release
                0x0000f3cc                __sinit_lock_acquire
                0x0000f3d0                __sinit_lock_release
                0x0000f3d4                __fp_lock_all
                0x0000f3f8                __fp_unlock_all
 .text          0x0000f41c      0x36c /mnt/scratch/gnuarm/arm-none-eabi/lib//libc.a(lib_a-freer.o)
                0x0000f41c                _malloc_trim_r
                0x0000f51c                _free_r
 .text          0x0000f788      0x110 /mnt/scratch/gnuarm/arm-none-eabi/lib//libc.a(lib_a-fwalk.o)
                0x0000f788                _fwalk
                0x0000f80c                _fwalk_reent
 .text          0x0000f898        0x0 /mnt/scratch/gnuarm/arm-none-eabi/lib//libc.a(lib_a-impure.o)
 .text          0x0000f898       0xd0 /mnt/scratch/gnuarm/arm-none-eabi/lib//libc.a(lib_a-locale.o)
                0x0000f898                _setlocale_r
                0x0000f908                __locale_charset
                0x0000f914                __locale_mb_cur_max
                0x0000f924                __locale_msgcharset
                0x0000f930                __locale_cjk_lang
                0x0000f938                _localeconv_r
                0x0000f944                setlocale
                0x0000f95c                localeconv
 .text          0x0000f968      0x174 /mnt/scratch/gnuarm/arm-none-eabi/lib//libc.a(lib_a-makebuf.o)
                0x0000f968                __smakebuf_r
 .text          0x0000fadc      0x72c /mnt/scratch/gnuarm/arm-none-eabi/lib//libc.a(lib_a-mallocr.o)
                0x0000fadc                _malloc_r
 .text          0x00010208      0x114 /mnt/scratch/gnuarm/arm-none-eabi/lib//libc.a(lib_a-memchr-stub.o)
                0x00010208                memchr
 .text          0x0001031c       0xf0 /mnt/scratch/gnuarm/arm-none-eabi/lib//libc.a(lib_a-memcpy-stub.o)
                0x0001031c                memcpy
 .text          0x0001040c        0x8 /mnt/scratch/gnuarm/arm-none-eabi/lib//libc.a(lib_a-mlock.o)
                0x0001040c                __malloc_lock
                0x00010410                __malloc_unlock
 .text          0x00010414      0xd30 /mnt/scratch/gnuarm/arm-none-eabi/lib//libc.a(lib_a-mprec.o)
                0x00010414                _Balloc
                0x000104a0                _Bfree
                0x000104bc                __multadd
                0x00010598                __s2b
                0x00010680                __hi0bits
                0x000106dc                __lo0bits
                0x00010770                __i2b
                0x00010794                __multiply
                0x0001097c                __pow5mult
                0x00010a80                __lshift
                0x00010b8c                __mcmp
                0x00010bec                __mdiff
                0x00010d30                __ulp
                0x00010d94                __b2d
                0x00010e6c                __d2b
                0x00010f78                __ratio
                0x00011000                _mprec_log10
                0x00011058                __copybits
                0x000110c8                __any_on
 .text          0x00011144       0x6c /mnt/scratch/gnuarm/arm-none-eabi/lib//libc.a(lib_a-s_fpclassify.o)
                0x00011144                __fpclassifyd
 .text          0x000111b0       0x44 /mnt/scratch/gnuarm/arm-none-eabi/lib//libc.a(lib_a-sbrkr.o)
                0x000111b0                _sbrk_r
 .text          0x000111f4       0xd8 /mnt/scratch/gnuarm/arm-none-eabi/lib//libc.a(lib_a-stdio.o)
                0x000111f4                __sread
                0x00011228                __seofread
                0x00011230                __swrite
                0x00011288                __sseek
                0x000112b8                __sclose
 .text          0x000112cc      0x230 /mnt/scratch/gnuarm/arm-none-eabi/lib//libc.a(lib_a-strcmp.o)
                0x000112cc                strcmp
 .text          0x000114fc       0x60 /mnt/scratch/gnuarm/arm-none-eabi/lib//libc.a(lib_a-strlen.o)
                0x000114fc                strlen
 .text          0x0001155c     0x101c /mnt/scratch/gnuarm/arm-none-eabi/lib//libc.a(lib_a-svfiprintf.o)
                0x0001155c                __ssprint_r
                0x00011708                _svfiprintf_r
 .text          0x00012578      0x150 /mnt/scratch/gnuarm/arm-none-eabi/lib//libc.a(lib_a-syscalls.o)
                0x00012578                initialise_monitor_handles
                0x0001257c                _read
                0x00012584                _lseek
                0x0001258c                _write
                0x000125bc                _open
                0x000125cc                _close
                0x000125d4                _exit
                0x000125d8                _kill
                0x000125e0                _getpid
                0x000125e8                _sbrk
                0x00012610                _fstat
                0x00012618                _stat
                0x00012620                _link
                0x00012628                _unlink
                0x00012630                _raise
                0x00012634                _gettimeofday
                0x0001265c                _times
                0x0001267c                _isatty
                0x00012684                _system
                0x000126ac                _rename
 .text          0x000126c8     0x1234 /mnt/scratch/gnuarm/arm-none-eabi/lib//libc.a(lib_a-vfiprintf.o)
                0x00012774                __sprint_r
                0x0001278c                _vfiprintf_r
                0x00013804                vfiprintf
 .text          0x000138fc       0x44 /mnt/scratch/gnuarm/arm-none-eabi/lib//libc.a(lib_a-writer.o)
                0x000138fc                _write_r
 .text          0x00013940       0x9c /mnt/scratch/gnuarm/arm-none-eabi/lib//libc.a(lib_a-callocr.o)
                0x00013940                _calloc_r
 .text          0x000139dc       0x3c /mnt/scratch/gnuarm/arm-none-eabi/lib//libc.a(lib_a-closer.o)
                0x000139dc                _close_r
 .text          0x00013a18       0x10 /mnt/scratch/gnuarm/arm-none-eabi/lib//libc.a(lib_a-errno.o)
                0x00013a18                __errno
 .text          0x00013a28      0x104 /mnt/scratch/gnuarm/arm-none-eabi/lib//libc.a(lib_a-fclose.o)
                0x00013a28                _fclose_r
                0x00013b18                fclose
 .text          0x00013b2c      0x1a0 /mnt/scratch/gnuarm/arm-none-eabi/lib//libc.a(lib_a-fputwc.o)
                0x00013b2c                _fputwc_r
                0x00013c70                fputwc
 .text          0x00013ccc       0x40 /mnt/scratch/gnuarm/arm-none-eabi/lib//libc.a(lib_a-fstatr.o)
                0x00013ccc                _fstat_r
 .text          0x00013d0c      0x4d0 /mnt/scratch/gnuarm/arm-none-eabi/lib//libc.a(lib_a-fvwrite.o)
                0x00013d0c                __sfvwrite_r
 .text          0x000141dc       0x3c /mnt/scratch/gnuarm/arm-none-eabi/lib//libc.a(lib_a-isattyr.o)
                0x000141dc                _isatty_r
 .text          0x00014218       0x44 /mnt/scratch/gnuarm/arm-none-eabi/lib//libc.a(lib_a-lseekr.o)
                0x00014218                _lseek_r
 .text          0x0001425c      0x134 /mnt/scratch/gnuarm/arm-none-eabi/lib//libc.a(lib_a-memmove.o)
                0x0001425c                memmove
 .text          0x00014390       0x44 /mnt/scratch/gnuarm/arm-none-eabi/lib//libc.a(lib_a-readr.o)
                0x00014390                _read_r
 .text          0x000143d4      0x56c /mnt/scratch/gnuarm/arm-none-eabi/lib//libc.a(lib_a-reallocr.o)
                0x000143d4                _realloc_r
 .text          0x00014940      0x1a8 /mnt/scratch/gnuarm/arm-none-eabi/lib//libc.a(lib_a-reent.o)
                0x00014940                cleanup_glue
                0x0001496c                _reclaim_reent
                0x00014a74                _wrapup_reent
 .text          0x00014ae8      0x13c /mnt/scratch/gnuarm/arm-none-eabi/lib//libc.a(lib_a-wbuf.o)
                0x00014ae8                __swbuf_r
                0x00014c0c                __swbuf
 .text          0x00014c24      0x130 /mnt/scratch/gnuarm/arm-none-eabi/lib//libc.a(lib_a-wcrtomb.o)
                0x00014c24                _wcrtomb_r
                0x00014cb4                wcrtomb
 .text          0x00014d54       0x7c /mnt/scratch/gnuarm/arm-none-eabi/lib//libc.a(lib_a-wctomb_r.o)
                0x00014d54                __ascii_wctomb
                0x00014d80                _wctomb_r
 .text          0x00014dd0      0x114 /mnt/scratch/gnuarm/lib/gcc/arm-none-eabi/4.8.1/libgcc.a(_udivsi3.o)
                0x00014dd0                __udivsi3
                0x00014dd0                __aeabi_uidiv
                0x00014ec4                __aeabi_uidivmod
 .text          0x00014ee4      0x148 /mnt/scratch/gnuarm/lib/gcc/arm-none-eabi/4.8.1/libgcc.a(_divsi3.o)
                0x00014ee4                __aeabi_idiv
                0x00014ee4                __divsi3
                0x0001500c                __aeabi_idivmod
 .text          0x0001502c        0x4 /mnt/scratch/gnuarm/lib/gcc/arm-none-eabi/4.8.1/libgcc.a(_dvmd_tls.o)
                0x0001502c                __aeabi_ldiv0
                0x0001502c                __aeabi_idiv0
 .text          0x00015030      0x41c /mnt/scratch/gnuarm/lib/gcc/arm-none-eabi/4.8.1/libgcc.a(_arm_addsubdf3.o)
                0x00015030                __aeabi_drsub
                0x00015038                __aeabi_dsub
                0x00015038                __subdf3
                0x0001503c                __adddf3
                0x0001503c                __aeabi_dadd
                0x0001534c                __aeabi_ui2d
                0x0001534c                __floatunsidf
                0x00015370                __floatsidf
                0x00015370                __aeabi_i2d
                0x00015398                __extendsfdf2
                0x00015398                __aeabi_f2d
                0x000153d8                __aeabi_ul2d
                0x000153d8                __floatundidf
                0x000153ec                __floatdidf
                0x000153ec                __aeabi_l2d
 .text          0x0001544c      0x49c /mnt/scratch/gnuarm/lib/gcc/arm-none-eabi/4.8.1/libgcc.a(_arm_muldivdf3.o)
                0x0001544c                __aeabi_dmul
                0x0001544c                __muldf3
                0x000156dc                __aeabi_ddiv
                0x000156dc                __divdf3
 .text          0x000158e8      0x144 /mnt/scratch/gnuarm/lib/gcc/arm-none-eabi/4.8.1/libgcc.a(_arm_cmpdf2.o)
                0x000158e8                __gtdf2
                0x000158e8                __gedf2
                0x000158f0                __ltdf2
                0x000158f0                __ledf2
                0x000158f8                __cmpdf2
                0x000158f8                __eqdf2
                0x000158f8                __nedf2
                0x00015980                __aeabi_cdrcmple
                0x0001599c                __aeabi_cdcmple
                0x0001599c                __aeabi_cdcmpeq
                0x000159b4                __aeabi_dcmpeq
                0x000159cc                __aeabi_dcmplt
                0x000159e4                __aeabi_dcmple
                0x000159fc                __aeabi_dcmpge
                0x00015a14                __aeabi_dcmpgt
 .text          0x00015a2c       0x5c /mnt/scratch/gnuarm/lib/gcc/arm-none-eabi/4.8.1/libgcc.a(_arm_fixdfsi.o)
                0x00015a2c                __fixdfsi
                0x00015a2c                __aeabi_d2iz

.rodata.str1.4  0x00015a88      0x168
 .rodata.str1.4
                0x00015a88       0x6b src/raspi/calibrate.o
                                 0x6c (size before relaxing)
 *fill*         0x00015af3        0x1 00
 .rodata.str1.4
                0x00015af4       0x1f src/raspi/irq.o
                                 0x20 (size before relaxing)
 *fill*         0x00015b13        0x1 00
 .rodata.str1.4
                0x00015b14       0x61 src/raspi/main.o
                                 0x64 (size before relaxing)
 *fill*         0x00015b75        0x3 00
 .rodata.str1.4
                0x00015b78        0xa src/raspi/maindebug.o
                                  0xc (size before relaxing)
 *fill*         0x00015b82        0x2 00
 .rodata.str1.4
                0x00015b84        0x5 src/raspi/uart.o
                                  0x8 (size before relaxing)
 *fill*         0x00015b89        0x3 00
 .rodata.str1.4
                0x00015b8c       0x42 /mnt/scratch/gnuarm/arm-none-eabi/lib//libc.a(lib_a-svfprintf.o)
                                 0x44 (size before relaxing)
 .rodata.str1.4
                0x00000000       0x44 /mnt/scratch/gnuarm/arm-none-eabi/lib//libc.a(lib_a-vfprintf.o)
 *fill*         0x00015bce        0x2 00
 .rodata.str1.4
                0x00015bd0       0x10 /mnt/scratch/gnuarm/arm-none-eabi/lib//libc.a(lib_a-dtoa.o)
                                 0x14 (size before relaxing)
 .rodata.str1.4
                0x00015be0        0x2 /mnt/scratch/gnuarm/arm-none-eabi/lib//libc.a(lib_a-impure.o)
                                  0x4 (size before relaxing)
 *fill*         0x00015be2        0x2 00
 .rodata.str1.4
                0x00015be4        0xc /mnt/scratch/gnuarm/arm-none-eabi/lib//libc.a(lib_a-locale.o)
                                 0x14 (size before relaxing)
 .rodata.str1.4
                0x00000000       0x30 /mnt/scratch/gnuarm/arm-none-eabi/lib//libc.a(lib_a-svfiprintf.o)
 .rodata.str1.4
                0x00000000       0x30 /mnt/scratch/gnuarm/arm-none-eabi/lib//libc.a(lib_a-vfiprintf.o)

.rodata         0x00015bf0      0x1f8
 .rodata        0x00015bf0        0x8 src/raspi/irq.o
                0x00015bf0                IRQ_BITS_PER_REG
                0x00015bf4                GPIO_TOTAL
 .rodata        0x00015bf8       0x40 src/raspi/mpu60x0regs.o
                0x00015bf8                inv_mpu60x0_gyro_conv_ratio
                0x00015c18                inv_mpu60x0_accl_conv_ratio
 .rodata        0x00015c38        0x4 src/raspi/systimer.o
                0x00015c38                sysclk_freq
 .rodata        0x00015c3c       0x20 /mnt/scratch/gnuarm/arm-none-eabi/lib//libc.a(lib_a-svfprintf.o)
 .rodata        0x00015c5c       0x20 /mnt/scratch/gnuarm/arm-none-eabi/lib//libc.a(lib_a-vfprintf.o)
 .rodata        0x00015c7c        0x4 /mnt/scratch/gnuarm/arm-none-eabi/lib//libc.a(lib_a-impure.o)
                0x00015c7c                _global_impure_ptr
 .rodata        0x00015c80      0x128 /mnt/scratch/gnuarm/arm-none-eabi/lib//libc.a(lib_a-mprec.o)
                0x00015c90                __mprec_tens
                0x00015d58                __mprec_tinytens
                0x00015d80                __mprec_bigtens
 .rodata        0x00015da8       0x20 /mnt/scratch/gnuarm/arm-none-eabi/lib//libc.a(lib_a-svfiprintf.o)
 .rodata        0x00015dc8       0x20 /mnt/scratch/gnuarm/arm-none-eabi/lib//libc.a(lib_a-vfiprintf.o)

.glue_7         0x00015de8        0x0
 .glue_7        0x00000000        0x0 linker stubs

.glue_7t        0x00015de8        0x0
 .glue_7t       0x00000000        0x0 linker stubs

.vfp11_veneer   0x00015de8        0x0
 .vfp11_veneer  0x00000000        0x0 linker stubs

.v4_bx          0x00015de8        0x0
 .v4_bx         0x00000000        0x0 linker stubs

.iplt           0x00015de8        0x0
 .iplt          0x00000000        0x0 src/raspi/vectors.o

.rel.dyn        0x00015de8        0x0
 .rel.iplt      0x00000000        0x0 src/raspi/vectors.o

.data           0x00015de8      0x954
 *(.data)
 .data          0x00015de8        0x0 src/raspi/vectors.o
 .data          0x00015de8        0x0 src/raspi/calibrate.o
 .data          0x00015de8        0x8 src/raspi/cubePinMapping.o
                0x00015de8                shape_cs_mappings
 .data          0x00015df0       0x10 src/raspi/gpio.o
                0x00015df0                GPIO_GPFSEL0
                0x00015df4                GPIO_GPCLR0
                0x00015df8                GPIO_GPSET0
                0x00015dfc                GPIO_GPLEV0
 .data          0x00015e00        0x0 src/raspi/integrate.o
 .data          0x00015e00       0x40 src/raspi/irq.o
                0x00015e00                GPIO_FEN0
                0x00015e04                IRQ_TOTAL
                0x00015e08                IRQ_IRQ1ENABLE
                0x00015e0c                IRQ_PENDING1
                0x00015e10                IRQ_PENDING2
                0x00015e14                GPIO_INT3
                0x00015e18                GPIO_INT2
                0x00015e1c                GPIO_INT1
                0x00015e20                GPIO_INT0
                0x00015e24                IRQ_BASICDISABLE
                0x00015e28                IRQ_IRQ1DISABLE
                0x00015e2c                IRQ_BASICENABLE
                0x00015e30                IRQ_IRQ2ENABLE
                0x00015e34                IRQ_FIQ_CONTROL
                0x00015e38                IRQ_BASICPENDING
                0x00015e3c                IRQBASE
 .data          0x00015e40        0x0 src/raspi/main.o
 .data          0x00015e40        0x0 src/raspi/maindebug.o
 .data          0x00015e40        0x0 src/raspi/mpu60x0.o
 .data          0x00015e40        0x0 src/raspi/mpu60x0regs.o
 .data          0x00015e40       0x18 src/raspi/spi.o
                0x00015e40                SPI0_CONTROL
                0x00015e44                SPI0_CLK
                0x00015e48                SPI0_FIFO
                0x00015e4c                SPI0_DC
                0x00015e50                SPI0_LTOH
                0x00015e54                SPI0_DLEN
 .data          0x00015e58        0x0 src/raspi/support.o
 .data          0x00015e58       0x20 src/raspi/systimer.o
                0x00015e58                SYSTIMER_CLO
                0x00015e5c                SYSTIMER_C0
                0x00015e60                SYSTIMER_CS
                0x00015e64                SYSTIMER_C3
                0x00015e68                SYSTIMER_C2
                0x00015e6c                SYSTIMER_C1
                0x00015e70                SYSTIMER_CHI
                0x00015e74                SYSTIMER_BASE
 .data          0x00015e78        0x0 src/raspi/uart.o
 .data          0x00015e78        0x0 /mnt/scratch/gnuarm/arm-none-eabi/lib//libc.a(lib_a-memset.o)
 .data          0x00015e78        0x0 /mnt/scratch/gnuarm/arm-none-eabi/lib//libc.a(lib_a-printf.o)
 .data          0x00015e78        0x0 /mnt/scratch/gnuarm/arm-none-eabi/lib//libc.a(lib_a-sprintf.o)
 .data          0x00015e78        0x0 /mnt/scratch/gnuarm/arm-none-eabi/lib//libc.a(lib_a-svfprintf.o)
 .data          0x00015e78        0x0 /mnt/scratch/gnuarm/arm-none-eabi/lib//libc.a(lib_a-vfprintf.o)
 .data          0x00015e78        0x0 /mnt/scratch/gnuarm/arm-none-eabi/lib//libc.a(lib_a-wsetup.o)
 .data          0x00015e78        0x0 /mnt/scratch/gnuarm/arm-none-eabi/lib//libc.a(lib_a-dtoa.o)
 .data          0x00015e78        0x0 /mnt/scratch/gnuarm/arm-none-eabi/lib//libc.a(lib_a-fflush.o)
 .data          0x00015e78        0x0 /mnt/scratch/gnuarm/arm-none-eabi/lib//libc.a(lib_a-findfp.o)
 .data          0x00015e78        0x0 /mnt/scratch/gnuarm/arm-none-eabi/lib//libc.a(lib_a-freer.o)
 .data          0x00015e78        0x0 /mnt/scratch/gnuarm/arm-none-eabi/lib//libc.a(lib_a-fwalk.o)
 .data          0x00015e78      0x430 /mnt/scratch/gnuarm/arm-none-eabi/lib//libc.a(lib_a-impure.o)
                0x00015e78                _impure_ptr
 .data          0x000162a8       0x7c /mnt/scratch/gnuarm/arm-none-eabi/lib//libc.a(lib_a-locale.o)
                0x000162c8                __mb_cur_max
 .data          0x00016324        0x0 /mnt/scratch/gnuarm/arm-none-eabi/lib//libc.a(lib_a-makebuf.o)
 .data          0x00016324      0x410 /mnt/scratch/gnuarm/arm-none-eabi/lib//libc.a(lib_a-mallocr.o)
                0x00016324                __malloc_av_
                0x0001672c                __malloc_sbrk_base
                0x00016730                __malloc_trim_threshold
 .data          0x00016734        0x0 /mnt/scratch/gnuarm/arm-none-eabi/lib//libc.a(lib_a-memchr-stub.o)
 .data          0x00016734        0x0 /mnt/scratch/gnuarm/arm-none-eabi/lib//libc.a(lib_a-memcpy-stub.o)
 .data          0x00016734        0x0 /mnt/scratch/gnuarm/arm-none-eabi/lib//libc.a(lib_a-mlock.o)
 .data          0x00016734        0x0 /mnt/scratch/gnuarm/arm-none-eabi/lib//libc.a(lib_a-mprec.o)
 .data          0x00016734        0x0 /mnt/scratch/gnuarm/arm-none-eabi/lib//libc.a(lib_a-s_fpclassify.o)
 .data          0x00016734        0x0 /mnt/scratch/gnuarm/arm-none-eabi/lib//libc.a(lib_a-sbrkr.o)
 .data          0x00016734        0x0 /mnt/scratch/gnuarm/arm-none-eabi/lib//libc.a(lib_a-stdio.o)
 .data          0x00016734        0x0 /mnt/scratch/gnuarm/arm-none-eabi/lib//libc.a(lib_a-strcmp.o)
 .data          0x00016734        0x0 /mnt/scratch/gnuarm/arm-none-eabi/lib//libc.a(lib_a-strlen.o)
 .data          0x00016734        0x0 /mnt/scratch/gnuarm/arm-none-eabi/lib//libc.a(lib_a-svfiprintf.o)
 .data          0x00016734        0x4 /mnt/scratch/gnuarm/arm-none-eabi/lib//libc.a(lib_a-syscalls.o)
                0x00016734                heap_end
 .data          0x00016738        0x0 /mnt/scratch/gnuarm/arm-none-eabi/lib//libc.a(lib_a-vfiprintf.o)
 .data          0x00016738        0x0 /mnt/scratch/gnuarm/arm-none-eabi/lib//libc.a(lib_a-writer.o)
 .data          0x00016738        0x0 /mnt/scratch/gnuarm/arm-none-eabi/lib//libc.a(lib_a-callocr.o)
 .data          0x00016738        0x0 /mnt/scratch/gnuarm/arm-none-eabi/lib//libc.a(lib_a-closer.o)
 .data          0x00016738        0x0 /mnt/scratch/gnuarm/arm-none-eabi/lib//libc.a(lib_a-errno.o)
 .data          0x00016738        0x0 /mnt/scratch/gnuarm/arm-none-eabi/lib//libc.a(lib_a-fclose.o)
 .data          0x00016738        0x0 /mnt/scratch/gnuarm/arm-none-eabi/lib//libc.a(lib_a-fputwc.o)
 .data          0x00016738        0x0 /mnt/scratch/gnuarm/arm-none-eabi/lib//libc.a(lib_a-fstatr.o)
 .data          0x00016738        0x0 /mnt/scratch/gnuarm/arm-none-eabi/lib//libc.a(lib_a-fvwrite.o)
 .data          0x00016738        0x0 /mnt/scratch/gnuarm/arm-none-eabi/lib//libc.a(lib_a-isattyr.o)
 .data          0x00016738        0x0 /mnt/scratch/gnuarm/arm-none-eabi/lib//libc.a(lib_a-lseekr.o)
 .data          0x00016738        0x0 /mnt/scratch/gnuarm/arm-none-eabi/lib//libc.a(lib_a-memmove.o)
 .data          0x00016738        0x0 /mnt/scratch/gnuarm/arm-none-eabi/lib//libc.a(lib_a-readr.o)
 .data          0x00016738        0x0 /mnt/scratch/gnuarm/arm-none-eabi/lib//libc.a(lib_a-reallocr.o)
 .data          0x00016738        0x0 /mnt/scratch/gnuarm/arm-none-eabi/lib//libc.a(lib_a-reent.o)
 .data          0x00016738        0x0 /mnt/scratch/gnuarm/arm-none-eabi/lib//libc.a(lib_a-wbuf.o)
 .data          0x00016738        0x0 /mnt/scratch/gnuarm/arm-none-eabi/lib//libc.a(lib_a-wcrtomb.o)
 .data          0x00016738        0x4 /mnt/scratch/gnuarm/arm-none-eabi/lib//libc.a(lib_a-wctomb_r.o)
                0x00016738                __wctomb
 .data          0x0001673c        0x0 /mnt/scratch/gnuarm/lib/gcc/arm-none-eabi/4.8.1/libgcc.a(_udivsi3.o)
 .data          0x0001673c        0x0 /mnt/scratch/gnuarm/lib/gcc/arm-none-eabi/4.8.1/libgcc.a(_divsi3.o)
 .data          0x0001673c        0x0 /mnt/scratch/gnuarm/lib/gcc/arm-none-eabi/4.8.1/libgcc.a(_dvmd_tls.o)
 .data          0x0001673c        0x0 /mnt/scratch/gnuarm/lib/gcc/arm-none-eabi/4.8.1/libgcc.a(_arm_addsubdf3.o)
 .data          0x0001673c        0x0 /mnt/scratch/gnuarm/lib/gcc/arm-none-eabi/4.8.1/libgcc.a(_arm_muldivdf3.o)
 .data          0x0001673c        0x0 /mnt/scratch/gnuarm/lib/gcc/arm-none-eabi/4.8.1/libgcc.a(_arm_cmpdf2.o)
 .data          0x0001673c        0x0 /mnt/scratch/gnuarm/lib/gcc/arm-none-eabi/4.8.1/libgcc.a(_arm_fixdfsi.o)
                0x0001673c                __bss_start__ = .

.igot.plt       0x0001673c        0x0
 .igot.plt      0x00000000        0x0 src/raspi/vectors.o

.bss            0x00016740      0x178
 *(.bss)
 .bss           0x00016740        0x0 src/raspi/vectors.o
 .bss           0x00016740        0x0 src/raspi/calibrate.o
 .bss           0x00016740        0x0 src/raspi/cubePinMapping.o
 .bss           0x00016740        0x0 src/raspi/gpio.o
 .bss           0x00016740       0x18 src/raspi/integrate.o
 .bss           0x00016758        0x0 src/raspi/irq.o
 .bss           0x00016758        0x0 src/raspi/main.o
 .bss           0x00016758        0x0 src/raspi/maindebug.o
 .bss           0x00016758        0x0 src/raspi/mpu60x0.o
 .bss           0x00016758        0x0 src/raspi/mpu60x0regs.o
 .bss           0x00016758        0x0 src/raspi/spi.o
 .bss           0x00016758        0x0 src/raspi/support.o
 .bss           0x00016758        0x0 src/raspi/systimer.o
 .bss           0x00016758        0x0 src/raspi/uart.o
 .bss           0x00016758        0x0 /mnt/scratch/gnuarm/arm-none-eabi/lib//libc.a(lib_a-memset.o)
 .bss           0x00016758        0x0 /mnt/scratch/gnuarm/arm-none-eabi/lib//libc.a(lib_a-printf.o)
 .bss           0x00016758        0x0 /mnt/scratch/gnuarm/arm-none-eabi/lib//libc.a(lib_a-sprintf.o)
 .bss           0x00016758        0x0 /mnt/scratch/gnuarm/arm-none-eabi/lib//libc.a(lib_a-svfprintf.o)
 .bss           0x00016758        0x0 /mnt/scratch/gnuarm/arm-none-eabi/lib//libc.a(lib_a-vfprintf.o)
 .bss           0x00016758        0x0 /mnt/scratch/gnuarm/arm-none-eabi/lib//libc.a(lib_a-wsetup.o)
 .bss           0x00016758        0x0 /mnt/scratch/gnuarm/arm-none-eabi/lib//libc.a(lib_a-dtoa.o)
 .bss           0x00016758        0x0 /mnt/scratch/gnuarm/arm-none-eabi/lib//libc.a(lib_a-fflush.o)
 .bss           0x00016758        0x0 /mnt/scratch/gnuarm/arm-none-eabi/lib//libc.a(lib_a-findfp.o)
 .bss           0x00016758        0x0 /mnt/scratch/gnuarm/arm-none-eabi/lib//libc.a(lib_a-freer.o)
 .bss           0x00016758        0x0 /mnt/scratch/gnuarm/arm-none-eabi/lib//libc.a(lib_a-fwalk.o)
 .bss           0x00016758        0x0 /mnt/scratch/gnuarm/arm-none-eabi/lib//libc.a(lib_a-impure.o)
 .bss           0x00016758        0xc /mnt/scratch/gnuarm/arm-none-eabi/lib//libc.a(lib_a-locale.o)
                0x00016758                _PathLocale
                0x0001675c                __mlocale_changed
                0x00016760                __nlocale_changed
 .bss           0x00016764        0x0 /mnt/scratch/gnuarm/arm-none-eabi/lib//libc.a(lib_a-makebuf.o)
 .bss           0x00016764       0x34 /mnt/scratch/gnuarm/arm-none-eabi/lib//libc.a(lib_a-mallocr.o)
                0x00016764                __malloc_top_pad
                0x00016768                __malloc_current_mallinfo
                0x00016790                __malloc_max_sbrked_mem
                0x00016794                __malloc_max_total_mem
 .bss           0x00016798        0x0 /mnt/scratch/gnuarm/arm-none-eabi/lib//libc.a(lib_a-memchr-stub.o)
 .bss           0x00016798        0x0 /mnt/scratch/gnuarm/arm-none-eabi/lib//libc.a(lib_a-memcpy-stub.o)
 .bss           0x00016798        0x0 /mnt/scratch/gnuarm/arm-none-eabi/lib//libc.a(lib_a-mlock.o)
 .bss           0x00016798        0x0 /mnt/scratch/gnuarm/arm-none-eabi/lib//libc.a(lib_a-mprec.o)
 .bss           0x00016798        0x0 /mnt/scratch/gnuarm/arm-none-eabi/lib//libc.a(lib_a-s_fpclassify.o)
 .bss           0x00016798        0x0 /mnt/scratch/gnuarm/arm-none-eabi/lib//libc.a(lib_a-sbrkr.o)
 .bss           0x00016798        0x0 /mnt/scratch/gnuarm/arm-none-eabi/lib//libc.a(lib_a-stdio.o)
 .bss           0x00016798        0x0 /mnt/scratch/gnuarm/arm-none-eabi/lib//libc.a(lib_a-strcmp.o)
 .bss           0x00016798        0x0 /mnt/scratch/gnuarm/arm-none-eabi/lib//libc.a(lib_a-strlen.o)
 .bss           0x00016798        0x0 /mnt/scratch/gnuarm/arm-none-eabi/lib//libc.a(lib_a-svfiprintf.o)
 .bss           0x00016798        0x0 /mnt/scratch/gnuarm/arm-none-eabi/lib//libc.a(lib_a-syscalls.o)
 .bss           0x00016798        0x0 /mnt/scratch/gnuarm/arm-none-eabi/lib//libc.a(lib_a-vfiprintf.o)
 .bss           0x00016798        0x0 /mnt/scratch/gnuarm/arm-none-eabi/lib//libc.a(lib_a-writer.o)
 .bss           0x00016798        0x0 /mnt/scratch/gnuarm/arm-none-eabi/lib//libc.a(lib_a-callocr.o)
 .bss           0x00016798        0x0 /mnt/scratch/gnuarm/arm-none-eabi/lib//libc.a(lib_a-closer.o)
 .bss           0x00016798        0x0 /mnt/scratch/gnuarm/arm-none-eabi/lib//libc.a(lib_a-errno.o)
 .bss           0x00016798        0x0 /mnt/scratch/gnuarm/arm-none-eabi/lib//libc.a(lib_a-fclose.o)
 .bss           0x00016798        0x0 /mnt/scratch/gnuarm/arm-none-eabi/lib//libc.a(lib_a-fputwc.o)
 .bss           0x00016798        0x0 /mnt/scratch/gnuarm/arm-none-eabi/lib//libc.a(lib_a-fstatr.o)
 .bss           0x00016798        0x0 /mnt/scratch/gnuarm/arm-none-eabi/lib//libc.a(lib_a-fvwrite.o)
 .bss           0x00016798        0x0 /mnt/scratch/gnuarm/arm-none-eabi/lib//libc.a(lib_a-isattyr.o)
 .bss           0x00016798        0x0 /mnt/scratch/gnuarm/arm-none-eabi/lib//libc.a(lib_a-lseekr.o)
 .bss           0x00016798        0x0 /mnt/scratch/gnuarm/arm-none-eabi/lib//libc.a(lib_a-memmove.o)
 .bss           0x00016798        0x0 /mnt/scratch/gnuarm/arm-none-eabi/lib//libc.a(lib_a-readr.o)
 .bss           0x00016798        0x0 /mnt/scratch/gnuarm/arm-none-eabi/lib//libc.a(lib_a-reallocr.o)
 .bss           0x00016798        0x0 /mnt/scratch/gnuarm/arm-none-eabi/lib//libc.a(lib_a-reent.o)
 .bss           0x00016798        0x0 /mnt/scratch/gnuarm/arm-none-eabi/lib//libc.a(lib_a-wbuf.o)
 .bss           0x00016798        0x0 /mnt/scratch/gnuarm/arm-none-eabi/lib//libc.a(lib_a-wcrtomb.o)
 .bss           0x00016798        0x0 /mnt/scratch/gnuarm/arm-none-eabi/lib//libc.a(lib_a-wctomb_r.o)
 .bss           0x00016798        0x0 /mnt/scratch/gnuarm/lib/gcc/arm-none-eabi/4.8.1/libgcc.a(_udivsi3.o)
 .bss           0x00016798        0x0 /mnt/scratch/gnuarm/lib/gcc/arm-none-eabi/4.8.1/libgcc.a(_divsi3.o)
 .bss           0x00016798        0x0 /mnt/scratch/gnuarm/lib/gcc/arm-none-eabi/4.8.1/libgcc.a(_dvmd_tls.o)
 .bss           0x00016798        0x0 /mnt/scratch/gnuarm/lib/gcc/arm-none-eabi/4.8.1/libgcc.a(_arm_addsubdf3.o)
 .bss           0x00016798        0x0 /mnt/scratch/gnuarm/lib/gcc/arm-none-eabi/4.8.1/libgcc.a(_arm_muldivdf3.o)
 .bss           0x00016798        0x0 /mnt/scratch/gnuarm/lib/gcc/arm-none-eabi/4.8.1/libgcc.a(_arm_cmpdf2.o)
 .bss           0x00016798        0x0 /mnt/scratch/gnuarm/lib/gcc/arm-none-eabi/4.8.1/libgcc.a(_arm_fixdfsi.o)
 COMMON         0x00016798      0x100 src/raspi/irq.o
                0x00016798                irq_handlers
 COMMON         0x00016898        0x4 src/raspi/main.o
                0x00016898                flag
 COMMON         0x0001689c        0x4 src/raspi/spi.o
                0x0001689c                active_pin
 COMMON         0x000168a0       0x10 src/raspi/systimer.o
                0x000168a0                timers
 COMMON         0x000168b0        0x4 /mnt/scratch/gnuarm/arm-none-eabi/lib//libc.a(lib_a-syscalls.o)
                0x000168b0                prev_heap_end
 COMMON         0x000168b4        0x4 /mnt/scratch/gnuarm/arm-none-eabi/lib//libc.a(lib_a-reent.o)
                0x000168b4                errno
                0x000168b8                __bss_end__ = .
LOAD /mnt/scratch/gnuarm/arm-none-eabi/lib//libc.a
LOAD /mnt/scratch/gnuarm/lib/gcc/arm-none-eabi/4.8.1/libgcc.a
LOAD /mnt/scratch/gnuarm/arm-none-eabi/lib//libm.a
OUTPUT(bin/kernel.elf elf32-littlearm)

.ARM.attributes
                0x00000000       0x34
 .ARM.attributes
                0x00000000       0x26 src/raspi/vectors.o
 .ARM.attributes
                0x00000026       0x38 src/raspi/calibrate.o
 .ARM.attributes
                0x0000005e       0x38 src/raspi/cubePinMapping.o
 .ARM.attributes
                0x00000096       0x38 src/raspi/gpio.o
 .ARM.attributes
                0x000000ce       0x38 src/raspi/integrate.o
 .ARM.attributes
                0x00000106       0x38 src/raspi/irq.o
 .ARM.attributes
                0x0000013e       0x38 src/raspi/main.o
 .ARM.attributes
                0x00000176       0x38 src/raspi/maindebug.o
 .ARM.attributes
                0x000001ae       0x38 src/raspi/mpu60x0.o
 .ARM.attributes
                0x000001e6       0x38 src/raspi/mpu60x0regs.o
 .ARM.attributes
                0x0000021e       0x38 src/raspi/spi.o
 .ARM.attributes
                0x00000256       0x38 src/raspi/support.o
 .ARM.attributes
                0x0000028e       0x38 src/raspi/systimer.o
 .ARM.attributes
                0x000002c6       0x38 src/raspi/uart.o
 .ARM.attributes
                0x000002fe       0x30 /mnt/scratch/gnuarm/arm-none-eabi/lib//libc.a(lib_a-memset.o)
 .ARM.attributes
                0x0000032e       0x30 /mnt/scratch/gnuarm/arm-none-eabi/lib//libc.a(lib_a-printf.o)
 .ARM.attributes
                0x0000035e       0x30 /mnt/scratch/gnuarm/arm-none-eabi/lib//libc.a(lib_a-sprintf.o)
 .ARM.attributes
                0x0000038e       0x30 /mnt/scratch/gnuarm/arm-none-eabi/lib//libc.a(lib_a-svfprintf.o)
 .ARM.attributes
                0x000003be       0x30 /mnt/scratch/gnuarm/arm-none-eabi/lib//libc.a(lib_a-vfprintf.o)
 .ARM.attributes
                0x000003ee       0x30 /mnt/scratch/gnuarm/arm-none-eabi/lib//libc.a(lib_a-wsetup.o)
 .ARM.attributes
                0x0000041e       0x30 /mnt/scratch/gnuarm/arm-none-eabi/lib//libc.a(lib_a-dtoa.o)
 .ARM.attributes
                0x0000044e       0x30 /mnt/scratch/gnuarm/arm-none-eabi/lib//libc.a(lib_a-fflush.o)
 .ARM.attributes
                0x0000047e       0x30 /mnt/scratch/gnuarm/arm-none-eabi/lib//libc.a(lib_a-findfp.o)
 .ARM.attributes
                0x000004ae       0x30 /mnt/scratch/gnuarm/arm-none-eabi/lib//libc.a(lib_a-freer.o)
 .ARM.attributes
                0x000004de       0x30 /mnt/scratch/gnuarm/arm-none-eabi/lib//libc.a(lib_a-fwalk.o)
 .ARM.attributes
                0x0000050e       0x30 /mnt/scratch/gnuarm/arm-none-eabi/lib//libc.a(lib_a-impure.o)
 .ARM.attributes
                0x0000053e       0x30 /mnt/scratch/gnuarm/arm-none-eabi/lib//libc.a(lib_a-locale.o)
 .ARM.attributes
                0x0000056e       0x30 /mnt/scratch/gnuarm/arm-none-eabi/lib//libc.a(lib_a-makebuf.o)
 .ARM.attributes
                0x0000059e       0x30 /mnt/scratch/gnuarm/arm-none-eabi/lib//libc.a(lib_a-mallocr.o)
 .ARM.attributes
                0x000005ce       0x30 /mnt/scratch/gnuarm/arm-none-eabi/lib//libc.a(lib_a-memchr-stub.o)
 .ARM.attributes
                0x000005fe       0x30 /mnt/scratch/gnuarm/arm-none-eabi/lib//libc.a(lib_a-memcpy-stub.o)
 .ARM.attributes
                0x0000062e       0x30 /mnt/scratch/gnuarm/arm-none-eabi/lib//libc.a(lib_a-mlock.o)
 .ARM.attributes
                0x0000065e       0x30 /mnt/scratch/gnuarm/arm-none-eabi/lib//libc.a(lib_a-mprec.o)
 .ARM.attributes
                0x0000068e       0x30 /mnt/scratch/gnuarm/arm-none-eabi/lib//libc.a(lib_a-s_fpclassify.o)
 .ARM.attributes
                0x000006be       0x30 /mnt/scratch/gnuarm/arm-none-eabi/lib//libc.a(lib_a-sbrkr.o)
 .ARM.attributes
                0x000006ee       0x30 /mnt/scratch/gnuarm/arm-none-eabi/lib//libc.a(lib_a-stdio.o)
 .ARM.attributes
                0x0000071e       0x16 /mnt/scratch/gnuarm/arm-none-eabi/lib//libc.a(lib_a-strcmp.o)
 .ARM.attributes
                0x00000734       0x30 /mnt/scratch/gnuarm/arm-none-eabi/lib//libc.a(lib_a-strlen.o)
 .ARM.attributes
                0x00000764       0x30 /mnt/scratch/gnuarm/arm-none-eabi/lib//libc.a(lib_a-svfiprintf.o)
 .ARM.attributes
                0x00000794       0x30 /mnt/scratch/gnuarm/arm-none-eabi/lib//libc.a(lib_a-syscalls.o)
 .ARM.attributes
                0x000007c4       0x30 /mnt/scratch/gnuarm/arm-none-eabi/lib//libc.a(lib_a-vfiprintf.o)
 .ARM.attributes
                0x000007f4       0x30 /mnt/scratch/gnuarm/arm-none-eabi/lib//libc.a(lib_a-writer.o)
 .ARM.attributes
                0x00000824       0x30 /mnt/scratch/gnuarm/arm-none-eabi/lib//libc.a(lib_a-callocr.o)
 .ARM.attributes
                0x00000854       0x30 /mnt/scratch/gnuarm/arm-none-eabi/lib//libc.a(lib_a-closer.o)
 .ARM.attributes
                0x00000884       0x30 /mnt/scratch/gnuarm/arm-none-eabi/lib//libc.a(lib_a-errno.o)
 .ARM.attributes
                0x000008b4       0x30 /mnt/scratch/gnuarm/arm-none-eabi/lib//libc.a(lib_a-fclose.o)
 .ARM.attributes
                0x000008e4       0x30 /mnt/scratch/gnuarm/arm-none-eabi/lib//libc.a(lib_a-fputwc.o)
 .ARM.attributes
                0x00000914       0x30 /mnt/scratch/gnuarm/arm-none-eabi/lib//libc.a(lib_a-fstatr.o)
 .ARM.attributes
                0x00000944       0x30 /mnt/scratch/gnuarm/arm-none-eabi/lib//libc.a(lib_a-fvwrite.o)
 .ARM.attributes
                0x00000974       0x30 /mnt/scratch/gnuarm/arm-none-eabi/lib//libc.a(lib_a-isattyr.o)
 .ARM.attributes
                0x000009a4       0x30 /mnt/scratch/gnuarm/arm-none-eabi/lib//libc.a(lib_a-lseekr.o)
 .ARM.attributes
                0x000009d4       0x30 /mnt/scratch/gnuarm/arm-none-eabi/lib//libc.a(lib_a-memmove.o)
 .ARM.attributes
                0x00000a04       0x30 /mnt/scratch/gnuarm/arm-none-eabi/lib//libc.a(lib_a-readr.o)
 .ARM.attributes
                0x00000a34       0x30 /mnt/scratch/gnuarm/arm-none-eabi/lib//libc.a(lib_a-reallocr.o)
 .ARM.attributes
                0x00000a64       0x30 /mnt/scratch/gnuarm/arm-none-eabi/lib//libc.a(lib_a-reent.o)
 .ARM.attributes
                0x00000a94       0x30 /mnt/scratch/gnuarm/arm-none-eabi/lib//libc.a(lib_a-wbuf.o)
 .ARM.attributes
                0x00000ac4       0x30 /mnt/scratch/gnuarm/arm-none-eabi/lib//libc.a(lib_a-wcrtomb.o)
 .ARM.attributes
                0x00000af4       0x30 /mnt/scratch/gnuarm/arm-none-eabi/lib//libc.a(lib_a-wctomb_r.o)
 .ARM.attributes
                0x00000b24       0x18 /mnt/scratch/gnuarm/lib/gcc/arm-none-eabi/4.8.1/libgcc.a(_udivsi3.o)
 .ARM.attributes
                0x00000b3c       0x18 /mnt/scratch/gnuarm/lib/gcc/arm-none-eabi/4.8.1/libgcc.a(_divsi3.o)
 .ARM.attributes
                0x00000b54       0x18 /mnt/scratch/gnuarm/lib/gcc/arm-none-eabi/4.8.1/libgcc.a(_dvmd_tls.o)
 .ARM.attributes
                0x00000b6c       0x18 /mnt/scratch/gnuarm/lib/gcc/arm-none-eabi/4.8.1/libgcc.a(_arm_addsubdf3.o)
 .ARM.attributes
                0x00000b84       0x18 /mnt/scratch/gnuarm/lib/gcc/arm-none-eabi/4.8.1/libgcc.a(_arm_muldivdf3.o)
 .ARM.attributes
                0x00000b9c       0x18 /mnt/scratch/gnuarm/lib/gcc/arm-none-eabi/4.8.1/libgcc.a(_arm_cmpdf2.o)
 .ARM.attributes
                0x00000bb4       0x18 /mnt/scratch/gnuarm/lib/gcc/arm-none-eabi/4.8.1/libgcc.a(_arm_fixdfsi.o)

.comment        0x00000000       0x81
 .comment       0x00000000       0x70 src/raspi/calibrate.o
                                 0x71 (size before relaxing)
 .comment       0x00000000       0x71 src/raspi/cubePinMapping.o
 .comment       0x00000000       0x71 src/raspi/gpio.o
 .comment       0x00000000       0x71 src/raspi/integrate.o
 .comment       0x00000000       0x71 src/raspi/irq.o
 .comment       0x00000000       0x71 src/raspi/main.o
 .comment       0x00000000       0x71 src/raspi/maindebug.o
 .comment       0x00000000       0x71 src/raspi/mpu60x0.o
 .comment       0x00000000       0x71 src/raspi/mpu60x0regs.o
 .comment       0x00000000       0x71 src/raspi/spi.o
 .comment       0x00000000       0x71 src/raspi/support.o
 .comment       0x00000000       0x71 src/raspi/systimer.o
 .comment       0x00000000       0x71 src/raspi/uart.o
 .comment       0x00000070       0x11 /mnt/scratch/gnuarm/arm-none-eabi/lib//libc.a(lib_a-memset.o)
                                 0x12 (size before relaxing)
 .comment       0x00000000       0x12 /mnt/scratch/gnuarm/arm-none-eabi/lib//libc.a(lib_a-printf.o)
 .comment       0x00000000       0x12 /mnt/scratch/gnuarm/arm-none-eabi/lib//libc.a(lib_a-sprintf.o)
 .comment       0x00000000       0x12 /mnt/scratch/gnuarm/arm-none-eabi/lib//libc.a(lib_a-svfprintf.o)
 .comment       0x00000000       0x12 /mnt/scratch/gnuarm/arm-none-eabi/lib//libc.a(lib_a-vfprintf.o)
 .comment       0x00000000       0x12 /mnt/scratch/gnuarm/arm-none-eabi/lib//libc.a(lib_a-wsetup.o)
 .comment       0x00000000       0x12 /mnt/scratch/gnuarm/arm-none-eabi/lib//libc.a(lib_a-dtoa.o)
 .comment       0x00000000       0x12 /mnt/scratch/gnuarm/arm-none-eabi/lib//libc.a(lib_a-fflush.o)
 .comment       0x00000000       0x12 /mnt/scratch/gnuarm/arm-none-eabi/lib//libc.a(lib_a-findfp.o)
 .comment       0x00000000       0x12 /mnt/scratch/gnuarm/arm-none-eabi/lib//libc.a(lib_a-freer.o)
 .comment       0x00000000       0x12 /mnt/scratch/gnuarm/arm-none-eabi/lib//libc.a(lib_a-fwalk.o)
 .comment       0x00000000       0x12 /mnt/scratch/gnuarm/arm-none-eabi/lib//libc.a(lib_a-impure.o)
 .comment       0x00000000       0x12 /mnt/scratch/gnuarm/arm-none-eabi/lib//libc.a(lib_a-locale.o)
 .comment       0x00000000       0x12 /mnt/scratch/gnuarm/arm-none-eabi/lib//libc.a(lib_a-makebuf.o)
 .comment       0x00000000       0x12 /mnt/scratch/gnuarm/arm-none-eabi/lib//libc.a(lib_a-mallocr.o)
 .comment       0x00000000       0x12 /mnt/scratch/gnuarm/arm-none-eabi/lib//libc.a(lib_a-memchr-stub.o)
 .comment       0x00000000       0x12 /mnt/scratch/gnuarm/arm-none-eabi/lib//libc.a(lib_a-memcpy-stub.o)
 .comment       0x00000000       0x12 /mnt/scratch/gnuarm/arm-none-eabi/lib//libc.a(lib_a-mlock.o)
 .comment       0x00000000       0x12 /mnt/scratch/gnuarm/arm-none-eabi/lib//libc.a(lib_a-mprec.o)
 .comment       0x00000000       0x12 /mnt/scratch/gnuarm/arm-none-eabi/lib//libc.a(lib_a-s_fpclassify.o)
 .comment       0x00000000       0x12 /mnt/scratch/gnuarm/arm-none-eabi/lib//libc.a(lib_a-sbrkr.o)
 .comment       0x00000000       0x12 /mnt/scratch/gnuarm/arm-none-eabi/lib//libc.a(lib_a-stdio.o)
 .comment       0x00000000       0x12 /mnt/scratch/gnuarm/arm-none-eabi/lib//libc.a(lib_a-strlen.o)
 .comment       0x00000000       0x12 /mnt/scratch/gnuarm/arm-none-eabi/lib//libc.a(lib_a-svfiprintf.o)
 .comment       0x00000000       0x12 /mnt/scratch/gnuarm/arm-none-eabi/lib//libc.a(lib_a-syscalls.o)
 .comment       0x00000000       0x12 /mnt/scratch/gnuarm/arm-none-eabi/lib//libc.a(lib_a-vfiprintf.o)
 .comment       0x00000000       0x12 /mnt/scratch/gnuarm/arm-none-eabi/lib//libc.a(lib_a-writer.o)
 .comment       0x00000000       0x12 /mnt/scratch/gnuarm/arm-none-eabi/lib//libc.a(lib_a-callocr.o)
 .comment       0x00000000       0x12 /mnt/scratch/gnuarm/arm-none-eabi/lib//libc.a(lib_a-closer.o)
 .comment       0x00000000       0x12 /mnt/scratch/gnuarm/arm-none-eabi/lib//libc.a(lib_a-errno.o)
 .comment       0x00000000       0x12 /mnt/scratch/gnuarm/arm-none-eabi/lib//libc.a(lib_a-fclose.o)
 .comment       0x00000000       0x12 /mnt/scratch/gnuarm/arm-none-eabi/lib//libc.a(lib_a-fputwc.o)
 .comment       0x00000000       0x12 /mnt/scratch/gnuarm/arm-none-eabi/lib//libc.a(lib_a-fstatr.o)
 .comment       0x00000000       0x12 /mnt/scratch/gnuarm/arm-none-eabi/lib//libc.a(lib_a-fvwrite.o)
 .comment       0x00000000       0x12 /mnt/scratch/gnuarm/arm-none-eabi/lib//libc.a(lib_a-isattyr.o)
 .comment       0x00000000       0x12 /mnt/scratch/gnuarm/arm-none-eabi/lib//libc.a(lib_a-lseekr.o)
 .comment       0x00000000       0x12 /mnt/scratch/gnuarm/arm-none-eabi/lib//libc.a(lib_a-memmove.o)
 .comment       0x00000000       0x12 /mnt/scratch/gnuarm/arm-none-eabi/lib//libc.a(lib_a-readr.o)
 .comment       0x00000000       0x12 /mnt/scratch/gnuarm/arm-none-eabi/lib//libc.a(lib_a-reallocr.o)
 .comment       0x00000000       0x12 /mnt/scratch/gnuarm/arm-none-eabi/lib//libc.a(lib_a-reent.o)
 .comment       0x00000000       0x12 /mnt/scratch/gnuarm/arm-none-eabi/lib//libc.a(lib_a-wbuf.o)
 .comment       0x00000000       0x12 /mnt/scratch/gnuarm/arm-none-eabi/lib//libc.a(lib_a-wcrtomb.o)
 .comment       0x00000000       0x12 /mnt/scratch/gnuarm/arm-none-eabi/lib//libc.a(lib_a-wctomb_r.o)

.debug_line     0x00000000     0x7763
 .debug_line    0x00000000       0x70 src/raspi/vectors.o
 .debug_line    0x00000070      0x11f src/raspi/calibrate.o
 .debug_line    0x0000018f       0x62 src/raspi/cubePinMapping.o
 .debug_line    0x000001f1       0x7b src/raspi/gpio.o
 .debug_line    0x0000026c       0x8e src/raspi/integrate.o
 .debug_line    0x000002fa      0x1a4 src/raspi/irq.o
 .debug_line    0x0000049e      0x20e src/raspi/main.o
 .debug_line    0x000006ac       0xad src/raspi/maindebug.o
 .debug_line    0x00000759      0x23b src/raspi/mpu60x0.o
 .debug_line    0x00000994       0xbb src/raspi/mpu60x0regs.o
 .debug_line    0x00000a4f      0x129 src/raspi/spi.o
 .debug_line    0x00000b78       0x4e src/raspi/support.o
 .debug_line    0x00000bc6       0x79 src/raspi/systimer.o
 .debug_line    0x00000c3f      0x1e5 src/raspi/uart.o
 .debug_line    0x00000e24      0x122 /mnt/scratch/gnuarm/arm-none-eabi/lib//libc.a(lib_a-memset.o)
 .debug_line    0x00000f46      0x172 /mnt/scratch/gnuarm/arm-none-eabi/lib//libc.a(lib_a-printf.o)
 .debug_line    0x000010b8      0x1ad /mnt/scratch/gnuarm/arm-none-eabi/lib//libc.a(lib_a-sprintf.o)
 .debug_line    0x00001265      0x88f /mnt/scratch/gnuarm/arm-none-eabi/lib//libc.a(lib_a-svfprintf.o)
 .debug_line    0x00001af4      0x8df /mnt/scratch/gnuarm/arm-none-eabi/lib//libc.a(lib_a-vfprintf.o)
 .debug_line    0x000023d3      0x1d3 /mnt/scratch/gnuarm/arm-none-eabi/lib//libc.a(lib_a-wsetup.o)
 .debug_line    0x000025a6      0x667 /mnt/scratch/gnuarm/arm-none-eabi/lib//libc.a(lib_a-dtoa.o)
 .debug_line    0x00002c0d      0x238 /mnt/scratch/gnuarm/arm-none-eabi/lib//libc.a(lib_a-fflush.o)
 .debug_line    0x00002e45      0x25f /mnt/scratch/gnuarm/arm-none-eabi/lib//libc.a(lib_a-findfp.o)
 .debug_line    0x000030a4      0x226 /mnt/scratch/gnuarm/arm-none-eabi/lib//libc.a(lib_a-freer.o)
 .debug_line    0x000032ca      0x1a4 /mnt/scratch/gnuarm/arm-none-eabi/lib//libc.a(lib_a-fwalk.o)
 .debug_line    0x0000346e       0xf2 /mnt/scratch/gnuarm/arm-none-eabi/lib//libc.a(lib_a-impure.o)
 .debug_line    0x00003560      0x192 /mnt/scratch/gnuarm/arm-none-eabi/lib//libc.a(lib_a-locale.o)
 .debug_line    0x000036f2      0x1e2 /mnt/scratch/gnuarm/arm-none-eabi/lib//libc.a(lib_a-makebuf.o)
 .debug_line    0x000038d4      0x349 /mnt/scratch/gnuarm/arm-none-eabi/lib//libc.a(lib_a-mallocr.o)
 .debug_line    0x00003c1d      0x133 /mnt/scratch/gnuarm/arm-none-eabi/lib//libc.a(lib_a-memchr-stub.o)
 .debug_line    0x00003d50      0x137 /mnt/scratch/gnuarm/arm-none-eabi/lib//libc.a(lib_a-memcpy-stub.o)
 .debug_line    0x00003e87      0x104 /mnt/scratch/gnuarm/arm-none-eabi/lib//libc.a(lib_a-mlock.o)
 .debug_line    0x00003f8b      0x5b0 /mnt/scratch/gnuarm/arm-none-eabi/lib//libc.a(lib_a-mprec.o)
 .debug_line    0x0000453b      0x11f /mnt/scratch/gnuarm/arm-none-eabi/lib//libc.a(lib_a-s_fpclassify.o)
 .debug_line    0x0000465a      0x15e /mnt/scratch/gnuarm/arm-none-eabi/lib//libc.a(lib_a-sbrkr.o)
 .debug_line    0x000047b8      0x17e /mnt/scratch/gnuarm/arm-none-eabi/lib//libc.a(lib_a-stdio.o)
 .debug_line    0x00004936      0x104 /mnt/scratch/gnuarm/arm-none-eabi/lib//libc.a(lib_a-strcmp.o)
 .debug_line    0x00004a3a       0xf3 /mnt/scratch/gnuarm/arm-none-eabi/lib//libc.a(lib_a-strlen.o)
 .debug_line    0x00004b2d      0x55e /mnt/scratch/gnuarm/arm-none-eabi/lib//libc.a(lib_a-svfiprintf.o)
 .debug_line    0x0000508b      0x130 /mnt/scratch/gnuarm/arm-none-eabi/lib//libc.a(lib_a-syscalls.o)
 .debug_line    0x000051bb      0x60f /mnt/scratch/gnuarm/arm-none-eabi/lib//libc.a(lib_a-vfiprintf.o)
 .debug_line    0x000057ca      0x15c /mnt/scratch/gnuarm/arm-none-eabi/lib//libc.a(lib_a-writer.o)
 .debug_line    0x00005926      0x12d /mnt/scratch/gnuarm/arm-none-eabi/lib//libc.a(lib_a-callocr.o)
 .debug_line    0x00005a53      0x15c /mnt/scratch/gnuarm/arm-none-eabi/lib//libc.a(lib_a-closer.o)
 .debug_line    0x00005baf      0x10d /mnt/scratch/gnuarm/arm-none-eabi/lib//libc.a(lib_a-errno.o)
 .debug_line    0x00005cbc      0x1ae /mnt/scratch/gnuarm/arm-none-eabi/lib//libc.a(lib_a-fclose.o)
 .debug_line    0x00005e6a      0x1aa /mnt/scratch/gnuarm/arm-none-eabi/lib//libc.a(lib_a-fputwc.o)
 .debug_line    0x00006014      0x171 /mnt/scratch/gnuarm/arm-none-eabi/lib//libc.a(lib_a-fstatr.o)
 .debug_line    0x00006185      0x28e /mnt/scratch/gnuarm/arm-none-eabi/lib//libc.a(lib_a-fvwrite.o)
 .debug_line    0x00006413      0x15d /mnt/scratch/gnuarm/arm-none-eabi/lib//libc.a(lib_a-isattyr.o)
 .debug_line    0x00006570      0x15c /mnt/scratch/gnuarm/arm-none-eabi/lib//libc.a(lib_a-lseekr.o)
 .debug_line    0x000066cc      0x12e /mnt/scratch/gnuarm/arm-none-eabi/lib//libc.a(lib_a-memmove.o)
 .debug_line    0x000067fa      0x15b /mnt/scratch/gnuarm/arm-none-eabi/lib//libc.a(lib_a-readr.o)
 .debug_line    0x00006955      0x239 /mnt/scratch/gnuarm/arm-none-eabi/lib//libc.a(lib_a-reallocr.o)
 .debug_line    0x00006b8e      0x18f /mnt/scratch/gnuarm/arm-none-eabi/lib//libc.a(lib_a-reent.o)
 .debug_line    0x00006d1d      0x1b6 /mnt/scratch/gnuarm/arm-none-eabi/lib//libc.a(lib_a-wbuf.o)
 .debug_line    0x00006ed3      0x18c /mnt/scratch/gnuarm/arm-none-eabi/lib//libc.a(lib_a-wcrtomb.o)
 .debug_line    0x0000705f      0x179 /mnt/scratch/gnuarm/arm-none-eabi/lib//libc.a(lib_a-wctomb_r.o)
 .debug_line    0x000071d8       0x8a /mnt/scratch/gnuarm/lib/gcc/arm-none-eabi/4.8.1/libgcc.a(_udivsi3.o)
 .debug_line    0x00007262       0x96 /mnt/scratch/gnuarm/lib/gcc/arm-none-eabi/4.8.1/libgcc.a(_divsi3.o)
 .debug_line    0x000072f8       0x61 /mnt/scratch/gnuarm/lib/gcc/arm-none-eabi/4.8.1/libgcc.a(_dvmd_tls.o)
 .debug_line    0x00007359      0x164 /mnt/scratch/gnuarm/lib/gcc/arm-none-eabi/4.8.1/libgcc.a(_arm_addsubdf3.o)
 .debug_line    0x000074bd      0x180 /mnt/scratch/gnuarm/lib/gcc/arm-none-eabi/4.8.1/libgcc.a(_arm_muldivdf3.o)
 .debug_line    0x0000763d       0xae /mnt/scratch/gnuarm/lib/gcc/arm-none-eabi/4.8.1/libgcc.a(_arm_cmpdf2.o)
 .debug_line    0x000076eb       0x78 /mnt/scratch/gnuarm/lib/gcc/arm-none-eabi/4.8.1/libgcc.a(_arm_fixdfsi.o)

.debug_info     0x00000000    0x1fab7
 .debug_info    0x00000000       0x63 src/raspi/vectors.o
 .debug_info    0x00000063      0x7e1 src/raspi/calibrate.o
 .debug_info    0x00000844      0x26d src/raspi/cubePinMapping.o
 .debug_info    0x00000ab1      0x1a0 src/raspi/gpio.o
 .debug_info    0x00000c51      0x2a6 src/raspi/integrate.o
 .debug_info    0x00000ef7      0x4b9 src/raspi/irq.o
 .debug_info    0x000013b0      0x71d src/raspi/main.o
 .debug_info    0x00001acd      0x427 src/raspi/maindebug.o
 .debug_info    0x00001ef4      0x8cb src/raspi/mpu60x0.o
 .debug_info    0x000027bf       0xd0 src/raspi/mpu60x0regs.o
 .debug_info    0x0000288f      0x492 src/raspi/spi.o
 .debug_info    0x00002d21       0xe5 src/raspi/support.o
 .debug_info    0x00002e06      0x2dc src/raspi/systimer.o
 .debug_info    0x000030e2      0x74b src/raspi/uart.o
 .debug_info    0x0000382d      0x117 /mnt/scratch/gnuarm/arm-none-eabi/lib//libc.a(lib_a-memset.o)
 .debug_info    0x00003944      0x9ab /mnt/scratch/gnuarm/arm-none-eabi/lib//libc.a(lib_a-printf.o)
 .debug_info    0x000042ef      0x9ee /mnt/scratch/gnuarm/arm-none-eabi/lib//libc.a(lib_a-sprintf.o)
 .debug_info    0x00004cdd     0x1679 /mnt/scratch/gnuarm/arm-none-eabi/lib//libc.a(lib_a-svfprintf.o)
 .debug_info    0x00006356     0x1803 /mnt/scratch/gnuarm/arm-none-eabi/lib//libc.a(lib_a-vfprintf.o)
 .debug_info    0x00007b59      0x922 /mnt/scratch/gnuarm/arm-none-eabi/lib//libc.a(lib_a-wsetup.o)
 .debug_info    0x0000847b     0x132a /mnt/scratch/gnuarm/arm-none-eabi/lib//libc.a(lib_a-dtoa.o)
 .debug_info    0x000097a5      0xa93 /mnt/scratch/gnuarm/arm-none-eabi/lib//libc.a(lib_a-fflush.o)
 .debug_info    0x0000a238      0xd15 /mnt/scratch/gnuarm/arm-none-eabi/lib//libc.a(lib_a-findfp.o)
 .debug_info    0x0000af4d      0xc06 /mnt/scratch/gnuarm/arm-none-eabi/lib//libc.a(lib_a-freer.o)
 .debug_info    0x0000bb53      0x99e /mnt/scratch/gnuarm/arm-none-eabi/lib//libc.a(lib_a-fwalk.o)
 .debug_info    0x0000c4f1      0x894 /mnt/scratch/gnuarm/arm-none-eabi/lib//libc.a(lib_a-impure.o)
 .debug_info    0x0000cd85      0xbe5 /mnt/scratch/gnuarm/arm-none-eabi/lib//libc.a(lib_a-locale.o)
 .debug_info    0x0000d96a      0xae6 /mnt/scratch/gnuarm/arm-none-eabi/lib//libc.a(lib_a-makebuf.o)
 .debug_info    0x0000e450      0xd81 /mnt/scratch/gnuarm/arm-none-eabi/lib//libc.a(lib_a-mallocr.o)
 .debug_info    0x0000f1d1      0x129 /mnt/scratch/gnuarm/arm-none-eabi/lib//libc.a(lib_a-memchr-stub.o)
 .debug_info    0x0000f2fa      0x131 /mnt/scratch/gnuarm/arm-none-eabi/lib//libc.a(lib_a-memcpy-stub.o)
 .debug_info    0x0000f42b      0x8b4 /mnt/scratch/gnuarm/arm-none-eabi/lib//libc.a(lib_a-mlock.o)
 .debug_info    0x0000fcdf     0x1682 /mnt/scratch/gnuarm/arm-none-eabi/lib//libc.a(lib_a-mprec.o)
 .debug_info    0x00011361       0xdb /mnt/scratch/gnuarm/arm-none-eabi/lib//libc.a(lib_a-s_fpclassify.o)
 .debug_info    0x0001143c      0x8f4 /mnt/scratch/gnuarm/arm-none-eabi/lib//libc.a(lib_a-sbrkr.o)
 .debug_info    0x00011d30      0xb7e /mnt/scratch/gnuarm/arm-none-eabi/lib//libc.a(lib_a-stdio.o)
 .debug_info    0x000128ae       0xb8 /mnt/scratch/gnuarm/arm-none-eabi/lib//libc.a(lib_a-strcmp.o)
 .debug_info    0x00012966       0xb5 /mnt/scratch/gnuarm/arm-none-eabi/lib//libc.a(lib_a-strlen.o)
 .debug_info    0x00012a1b      0xffc /mnt/scratch/gnuarm/arm-none-eabi/lib//libc.a(lib_a-svfiprintf.o)
 .debug_info    0x00013a17      0x69c /mnt/scratch/gnuarm/arm-none-eabi/lib//libc.a(lib_a-syscalls.o)
 .debug_info    0x000140b3     0x1513 /mnt/scratch/gnuarm/arm-none-eabi/lib//libc.a(lib_a-vfiprintf.o)
 .debug_info    0x000155c6      0x929 /mnt/scratch/gnuarm/arm-none-eabi/lib//libc.a(lib_a-writer.o)
 .debug_info    0x00015eef      0x9e0 /mnt/scratch/gnuarm/arm-none-eabi/lib//libc.a(lib_a-callocr.o)
 .debug_info    0x000168cf      0x8e0 /mnt/scratch/gnuarm/arm-none-eabi/lib//libc.a(lib_a-closer.o)
 .debug_info    0x000171af      0x889 /mnt/scratch/gnuarm/arm-none-eabi/lib//libc.a(lib_a-errno.o)
 .debug_info    0x00017a38      0x9c6 /mnt/scratch/gnuarm/arm-none-eabi/lib//libc.a(lib_a-fclose.o)
 .debug_info    0x000183fe      0xab4 /mnt/scratch/gnuarm/arm-none-eabi/lib//libc.a(lib_a-fputwc.o)
 .debug_info    0x00018eb2      0xa5e /mnt/scratch/gnuarm/arm-none-eabi/lib//libc.a(lib_a-fstatr.o)
 .debug_info    0x00019910      0xc65 /mnt/scratch/gnuarm/arm-none-eabi/lib//libc.a(lib_a-fvwrite.o)
 .debug_info    0x0001a575      0x8e0 /mnt/scratch/gnuarm/arm-none-eabi/lib//libc.a(lib_a-isattyr.o)
 .debug_info    0x0001ae55      0x90c /mnt/scratch/gnuarm/arm-none-eabi/lib//libc.a(lib_a-lseekr.o)
 .debug_info    0x0001b761      0x131 /mnt/scratch/gnuarm/arm-none-eabi/lib//libc.a(lib_a-memmove.o)
 .debug_info    0x0001b892      0x922 /mnt/scratch/gnuarm/arm-none-eabi/lib//libc.a(lib_a-readr.o)
 .debug_info    0x0001c1b4      0xcd4 /mnt/scratch/gnuarm/arm-none-eabi/lib//libc.a(lib_a-reallocr.o)
 .debug_info    0x0001ce88      0xa44 /mnt/scratch/gnuarm/arm-none-eabi/lib//libc.a(lib_a-reent.o)
 .debug_info    0x0001d8cc      0x9b7 /mnt/scratch/gnuarm/arm-none-eabi/lib//libc.a(lib_a-wbuf.o)
 .debug_info    0x0001e283      0xa68 /mnt/scratch/gnuarm/arm-none-eabi/lib//libc.a(lib_a-wcrtomb.o)
 .debug_info    0x0001eceb      0x9b5 /mnt/scratch/gnuarm/arm-none-eabi/lib//libc.a(lib_a-wctomb_r.o)
 .debug_info    0x0001f6a0       0x95 /mnt/scratch/gnuarm/lib/gcc/arm-none-eabi/4.8.1/libgcc.a(_udivsi3.o)
 .debug_info    0x0001f735       0x95 /mnt/scratch/gnuarm/lib/gcc/arm-none-eabi/4.8.1/libgcc.a(_divsi3.o)
 .debug_info    0x0001f7ca       0x95 /mnt/scratch/gnuarm/lib/gcc/arm-none-eabi/4.8.1/libgcc.a(_dvmd_tls.o)
 .debug_info    0x0001f85f       0x96 /mnt/scratch/gnuarm/lib/gcc/arm-none-eabi/4.8.1/libgcc.a(_arm_addsubdf3.o)
 .debug_info    0x0001f8f5       0x96 /mnt/scratch/gnuarm/lib/gcc/arm-none-eabi/4.8.1/libgcc.a(_arm_muldivdf3.o)
 .debug_info    0x0001f98b       0x96 /mnt/scratch/gnuarm/lib/gcc/arm-none-eabi/4.8.1/libgcc.a(_arm_cmpdf2.o)
 .debug_info    0x0001fa21       0x96 /mnt/scratch/gnuarm/lib/gcc/arm-none-eabi/4.8.1/libgcc.a(_arm_fixdfsi.o)

.debug_abbrev   0x00000000     0x6d65
 .debug_abbrev  0x00000000       0x14 src/raspi/vectors.o
 .debug_abbrev  0x00000014      0x210 src/raspi/calibrate.o
 .debug_abbrev  0x00000224       0xde src/raspi/cubePinMapping.o
 .debug_abbrev  0x00000302       0xe2 src/raspi/gpio.o
 .debug_abbrev  0x000003e4      0x12f src/raspi/integrate.o
 .debug_abbrev  0x00000513      0x1ad src/raspi/irq.o
 .debug_abbrev  0x000006c0      0x22a src/raspi/main.o
 .debug_abbrev  0x000008ea      0x19e src/raspi/maindebug.o
 .debug_abbrev  0x00000a88      0x1b5 src/raspi/mpu60x0.o
 .debug_abbrev  0x00000c3d       0x5d src/raspi/mpu60x0regs.o
 .debug_abbrev  0x00000c9a      0x151 src/raspi/spi.o
 .debug_abbrev  0x00000deb       0xd5 src/raspi/support.o
 .debug_abbrev  0x00000ec0      0x1c2 src/raspi/systimer.o
 .debug_abbrev  0x00001082      0x20d src/raspi/uart.o
 .debug_abbrev  0x0000128f       0x9f /mnt/scratch/gnuarm/arm-none-eabi/lib//libc.a(lib_a-memset.o)
 .debug_abbrev  0x0000132e      0x227 /mnt/scratch/gnuarm/arm-none-eabi/lib//libc.a(lib_a-printf.o)
 .debug_abbrev  0x00001555      0x218 /mnt/scratch/gnuarm/arm-none-eabi/lib//libc.a(lib_a-sprintf.o)
 .debug_abbrev  0x0000176d      0x36f /mnt/scratch/gnuarm/arm-none-eabi/lib//libc.a(lib_a-svfprintf.o)
 .debug_abbrev  0x00001adc      0x3e0 /mnt/scratch/gnuarm/arm-none-eabi/lib//libc.a(lib_a-vfprintf.o)
 .debug_abbrev  0x00001ebc      0x1f3 /mnt/scratch/gnuarm/arm-none-eabi/lib//libc.a(lib_a-wsetup.o)
 .debug_abbrev  0x000020af      0x2dc /mnt/scratch/gnuarm/arm-none-eabi/lib//libc.a(lib_a-dtoa.o)
 .debug_abbrev  0x0000238b      0x27f /mnt/scratch/gnuarm/arm-none-eabi/lib//libc.a(lib_a-fflush.o)
 .debug_abbrev  0x0000260a      0x348 /mnt/scratch/gnuarm/arm-none-eabi/lib//libc.a(lib_a-findfp.o)
 .debug_abbrev  0x00002952      0x26b /mnt/scratch/gnuarm/arm-none-eabi/lib//libc.a(lib_a-freer.o)
 .debug_abbrev  0x00002bbd      0x1c2 /mnt/scratch/gnuarm/arm-none-eabi/lib//libc.a(lib_a-fwalk.o)
 .debug_abbrev  0x00002d7f      0x180 /mnt/scratch/gnuarm/arm-none-eabi/lib//libc.a(lib_a-impure.o)
 .debug_abbrev  0x00002eff      0x2a3 /mnt/scratch/gnuarm/arm-none-eabi/lib//libc.a(lib_a-locale.o)
 .debug_abbrev  0x000031a2      0x206 /mnt/scratch/gnuarm/arm-none-eabi/lib//libc.a(lib_a-makebuf.o)
 .debug_abbrev  0x000033a8      0x2a2 /mnt/scratch/gnuarm/arm-none-eabi/lib//libc.a(lib_a-mallocr.o)
 .debug_abbrev  0x0000364a       0xba /mnt/scratch/gnuarm/arm-none-eabi/lib//libc.a(lib_a-memchr-stub.o)
 .debug_abbrev  0x00003704       0xab /mnt/scratch/gnuarm/arm-none-eabi/lib//libc.a(lib_a-memcpy-stub.o)
 .debug_abbrev  0x000037af      0x19a /mnt/scratch/gnuarm/arm-none-eabi/lib//libc.a(lib_a-mlock.o)
 .debug_abbrev  0x00003949      0x3aa /mnt/scratch/gnuarm/arm-none-eabi/lib//libc.a(lib_a-mprec.o)
 .debug_abbrev  0x00003cf3       0x6f /mnt/scratch/gnuarm/arm-none-eabi/lib//libc.a(lib_a-s_fpclassify.o)
 .debug_abbrev  0x00003d62      0x1fd /mnt/scratch/gnuarm/arm-none-eabi/lib//libc.a(lib_a-sbrkr.o)
 .debug_abbrev  0x00003f5f      0x22b /mnt/scratch/gnuarm/arm-none-eabi/lib//libc.a(lib_a-stdio.o)
 .debug_abbrev  0x0000418a       0x14 /mnt/scratch/gnuarm/arm-none-eabi/lib//libc.a(lib_a-strcmp.o)
 .debug_abbrev  0x0000419e       0x70 /mnt/scratch/gnuarm/arm-none-eabi/lib//libc.a(lib_a-strlen.o)
 .debug_abbrev  0x0000420e      0x2f2 /mnt/scratch/gnuarm/arm-none-eabi/lib//libc.a(lib_a-svfiprintf.o)
 .debug_abbrev  0x00004500      0x1a3 /mnt/scratch/gnuarm/arm-none-eabi/lib//libc.a(lib_a-syscalls.o)
 .debug_abbrev  0x000046a3      0x3ad /mnt/scratch/gnuarm/arm-none-eabi/lib//libc.a(lib_a-vfiprintf.o)
 .debug_abbrev  0x00004a50      0x1f4 /mnt/scratch/gnuarm/arm-none-eabi/lib//libc.a(lib_a-writer.o)
 .debug_abbrev  0x00004c44      0x213 /mnt/scratch/gnuarm/arm-none-eabi/lib//libc.a(lib_a-callocr.o)
 .debug_abbrev  0x00004e57      0x1ef /mnt/scratch/gnuarm/arm-none-eabi/lib//libc.a(lib_a-closer.o)
 .debug_abbrev  0x00005046      0x18f /mnt/scratch/gnuarm/arm-none-eabi/lib//libc.a(lib_a-errno.o)
 .debug_abbrev  0x000051d5      0x26c /mnt/scratch/gnuarm/arm-none-eabi/lib//libc.a(lib_a-fclose.o)
 .debug_abbrev  0x00005441      0x299 /mnt/scratch/gnuarm/arm-none-eabi/lib//libc.a(lib_a-fputwc.o)
 .debug_abbrev  0x000056da      0x1fe /mnt/scratch/gnuarm/arm-none-eabi/lib//libc.a(lib_a-fstatr.o)
 .debug_abbrev  0x000058d8      0x247 /mnt/scratch/gnuarm/arm-none-eabi/lib//libc.a(lib_a-fvwrite.o)
 .debug_abbrev  0x00005b1f      0x1ef /mnt/scratch/gnuarm/arm-none-eabi/lib//libc.a(lib_a-isattyr.o)
 .debug_abbrev  0x00005d0e      0x1fe /mnt/scratch/gnuarm/arm-none-eabi/lib//libc.a(lib_a-lseekr.o)
 .debug_abbrev  0x00005f0c       0xab /mnt/scratch/gnuarm/arm-none-eabi/lib//libc.a(lib_a-memmove.o)
 .debug_abbrev  0x00005fb7      0x1ef /mnt/scratch/gnuarm/arm-none-eabi/lib//libc.a(lib_a-readr.o)
 .debug_abbrev  0x000061a6      0x25b /mnt/scratch/gnuarm/arm-none-eabi/lib//libc.a(lib_a-reallocr.o)
 .debug_abbrev  0x00006401      0x27b /mnt/scratch/gnuarm/arm-none-eabi/lib//libc.a(lib_a-reent.o)
 .debug_abbrev  0x0000667c      0x238 /mnt/scratch/gnuarm/arm-none-eabi/lib//libc.a(lib_a-wbuf.o)
 .debug_abbrev  0x000068b4      0x213 /mnt/scratch/gnuarm/arm-none-eabi/lib//libc.a(lib_a-wcrtomb.o)
 .debug_abbrev  0x00006ac7      0x212 /mnt/scratch/gnuarm/arm-none-eabi/lib//libc.a(lib_a-wctomb_r.o)
 .debug_abbrev  0x00006cd9       0x14 /mnt/scratch/gnuarm/lib/gcc/arm-none-eabi/4.8.1/libgcc.a(_udivsi3.o)
 .debug_abbrev  0x00006ced       0x14 /mnt/scratch/gnuarm/lib/gcc/arm-none-eabi/4.8.1/libgcc.a(_divsi3.o)
 .debug_abbrev  0x00006d01       0x14 /mnt/scratch/gnuarm/lib/gcc/arm-none-eabi/4.8.1/libgcc.a(_dvmd_tls.o)
 .debug_abbrev  0x00006d15       0x14 /mnt/scratch/gnuarm/lib/gcc/arm-none-eabi/4.8.1/libgcc.a(_arm_addsubdf3.o)
 .debug_abbrev  0x00006d29       0x14 /mnt/scratch/gnuarm/lib/gcc/arm-none-eabi/4.8.1/libgcc.a(_arm_muldivdf3.o)
 .debug_abbrev  0x00006d3d       0x14 /mnt/scratch/gnuarm/lib/gcc/arm-none-eabi/4.8.1/libgcc.a(_arm_cmpdf2.o)
 .debug_abbrev  0x00006d51       0x14 /mnt/scratch/gnuarm/lib/gcc/arm-none-eabi/4.8.1/libgcc.a(_arm_fixdfsi.o)

.debug_aranges  0x00000000      0x810
 .debug_aranges
                0x00000000       0x20 src/raspi/vectors.o
 .debug_aranges
                0x00000020       0x20 src/raspi/calibrate.o
 .debug_aranges
                0x00000040       0x20 src/raspi/cubePinMapping.o
 .debug_aranges
                0x00000060       0x20 src/raspi/gpio.o
 .debug_aranges
                0x00000080       0x20 src/raspi/integrate.o
 .debug_aranges
                0x000000a0       0x20 src/raspi/irq.o
 .debug_aranges
                0x000000c0       0x20 src/raspi/main.o
 .debug_aranges
                0x000000e0       0x20 src/raspi/maindebug.o
 .debug_aranges
                0x00000100       0x20 src/raspi/mpu60x0.o
 .debug_aranges
                0x00000120       0x18 src/raspi/mpu60x0regs.o
 .debug_aranges
                0x00000138       0x20 src/raspi/spi.o
 .debug_aranges
                0x00000158       0x20 src/raspi/support.o
 .debug_aranges
                0x00000178       0x20 src/raspi/systimer.o
 .debug_aranges
                0x00000198       0x20 src/raspi/uart.o
 .debug_aranges
                0x000001b8       0x20 /mnt/scratch/gnuarm/arm-none-eabi/lib//libc.a(lib_a-memset.o)
 .debug_aranges
                0x000001d8       0x20 /mnt/scratch/gnuarm/arm-none-eabi/lib//libc.a(lib_a-printf.o)
 .debug_aranges
                0x000001f8       0x20 /mnt/scratch/gnuarm/arm-none-eabi/lib//libc.a(lib_a-sprintf.o)
 .debug_aranges
                0x00000218       0x20 /mnt/scratch/gnuarm/arm-none-eabi/lib//libc.a(lib_a-svfprintf.o)
 .debug_aranges
                0x00000238       0x20 /mnt/scratch/gnuarm/arm-none-eabi/lib//libc.a(lib_a-vfprintf.o)
 .debug_aranges
                0x00000258       0x20 /mnt/scratch/gnuarm/arm-none-eabi/lib//libc.a(lib_a-wsetup.o)
 .debug_aranges
                0x00000278       0x20 /mnt/scratch/gnuarm/arm-none-eabi/lib//libc.a(lib_a-dtoa.o)
 .debug_aranges
                0x00000298       0x20 /mnt/scratch/gnuarm/arm-none-eabi/lib//libc.a(lib_a-fflush.o)
 .debug_aranges
                0x000002b8       0x20 /mnt/scratch/gnuarm/arm-none-eabi/lib//libc.a(lib_a-findfp.o)
 .debug_aranges
                0x000002d8       0x20 /mnt/scratch/gnuarm/arm-none-eabi/lib//libc.a(lib_a-freer.o)
 .debug_aranges
                0x000002f8       0x20 /mnt/scratch/gnuarm/arm-none-eabi/lib//libc.a(lib_a-fwalk.o)
 .debug_aranges
                0x00000318       0x18 /mnt/scratch/gnuarm/arm-none-eabi/lib//libc.a(lib_a-impure.o)
 .debug_aranges
                0x00000330       0x20 /mnt/scratch/gnuarm/arm-none-eabi/lib//libc.a(lib_a-locale.o)
 .debug_aranges
                0x00000350       0x20 /mnt/scratch/gnuarm/arm-none-eabi/lib//libc.a(lib_a-makebuf.o)
 .debug_aranges
                0x00000370       0x20 /mnt/scratch/gnuarm/arm-none-eabi/lib//libc.a(lib_a-mallocr.o)
 .debug_aranges
                0x00000390       0x20 /mnt/scratch/gnuarm/arm-none-eabi/lib//libc.a(lib_a-memchr-stub.o)
 .debug_aranges
                0x000003b0       0x20 /mnt/scratch/gnuarm/arm-none-eabi/lib//libc.a(lib_a-memcpy-stub.o)
 .debug_aranges
                0x000003d0       0x20 /mnt/scratch/gnuarm/arm-none-eabi/lib//libc.a(lib_a-mlock.o)
 .debug_aranges
                0x000003f0       0x20 /mnt/scratch/gnuarm/arm-none-eabi/lib//libc.a(lib_a-mprec.o)
 .debug_aranges
                0x00000410       0x20 /mnt/scratch/gnuarm/arm-none-eabi/lib//libc.a(lib_a-s_fpclassify.o)
 .debug_aranges
                0x00000430       0x20 /mnt/scratch/gnuarm/arm-none-eabi/lib//libc.a(lib_a-sbrkr.o)
 .debug_aranges
                0x00000450       0x20 /mnt/scratch/gnuarm/arm-none-eabi/lib//libc.a(lib_a-stdio.o)
 .debug_aranges
                0x00000470       0x20 /mnt/scratch/gnuarm/arm-none-eabi/lib//libc.a(lib_a-strcmp.o)
 .debug_aranges
                0x00000490       0x20 /mnt/scratch/gnuarm/arm-none-eabi/lib//libc.a(lib_a-strlen.o)
 .debug_aranges
                0x000004b0       0x20 /mnt/scratch/gnuarm/arm-none-eabi/lib//libc.a(lib_a-svfiprintf.o)
 .debug_aranges
                0x000004d0       0x20 /mnt/scratch/gnuarm/arm-none-eabi/lib//libc.a(lib_a-syscalls.o)
 .debug_aranges
                0x000004f0       0x20 /mnt/scratch/gnuarm/arm-none-eabi/lib//libc.a(lib_a-vfiprintf.o)
 .debug_aranges
                0x00000510       0x20 /mnt/scratch/gnuarm/arm-none-eabi/lib//libc.a(lib_a-writer.o)
 .debug_aranges
                0x00000530       0x20 /mnt/scratch/gnuarm/arm-none-eabi/lib//libc.a(lib_a-callocr.o)
 .debug_aranges
                0x00000550       0x20 /mnt/scratch/gnuarm/arm-none-eabi/lib//libc.a(lib_a-closer.o)
 .debug_aranges
                0x00000570       0x20 /mnt/scratch/gnuarm/arm-none-eabi/lib//libc.a(lib_a-errno.o)
 .debug_aranges
                0x00000590       0x20 /mnt/scratch/gnuarm/arm-none-eabi/lib//libc.a(lib_a-fclose.o)
 .debug_aranges
                0x000005b0       0x20 /mnt/scratch/gnuarm/arm-none-eabi/lib//libc.a(lib_a-fputwc.o)
 .debug_aranges
                0x000005d0       0x20 /mnt/scratch/gnuarm/arm-none-eabi/lib//libc.a(lib_a-fstatr.o)
 .debug_aranges
                0x000005f0       0x20 /mnt/scratch/gnuarm/arm-none-eabi/lib//libc.a(lib_a-fvwrite.o)
 .debug_aranges
                0x00000610       0x20 /mnt/scratch/gnuarm/arm-none-eabi/lib//libc.a(lib_a-isattyr.o)
 .debug_aranges
                0x00000630       0x20 /mnt/scratch/gnuarm/arm-none-eabi/lib//libc.a(lib_a-lseekr.o)
 .debug_aranges
                0x00000650       0x20 /mnt/scratch/gnuarm/arm-none-eabi/lib//libc.a(lib_a-memmove.o)
 .debug_aranges
                0x00000670       0x20 /mnt/scratch/gnuarm/arm-none-eabi/lib//libc.a(lib_a-readr.o)
 .debug_aranges
                0x00000690       0x20 /mnt/scratch/gnuarm/arm-none-eabi/lib//libc.a(lib_a-reallocr.o)
 .debug_aranges
                0x000006b0       0x20 /mnt/scratch/gnuarm/arm-none-eabi/lib//libc.a(lib_a-reent.o)
 .debug_aranges
                0x000006d0       0x20 /mnt/scratch/gnuarm/arm-none-eabi/lib//libc.a(lib_a-wbuf.o)
 .debug_aranges
                0x000006f0       0x20 /mnt/scratch/gnuarm/arm-none-eabi/lib//libc.a(lib_a-wcrtomb.o)
 .debug_aranges
                0x00000710       0x20 /mnt/scratch/gnuarm/arm-none-eabi/lib//libc.a(lib_a-wctomb_r.o)
 .debug_aranges
                0x00000730       0x20 /mnt/scratch/gnuarm/lib/gcc/arm-none-eabi/4.8.1/libgcc.a(_udivsi3.o)
 .debug_aranges
                0x00000750       0x20 /mnt/scratch/gnuarm/lib/gcc/arm-none-eabi/4.8.1/libgcc.a(_divsi3.o)
 .debug_aranges
                0x00000770       0x20 /mnt/scratch/gnuarm/lib/gcc/arm-none-eabi/4.8.1/libgcc.a(_dvmd_tls.o)
 .debug_aranges
                0x00000790       0x20 /mnt/scratch/gnuarm/lib/gcc/arm-none-eabi/4.8.1/libgcc.a(_arm_addsubdf3.o)
 .debug_aranges
                0x000007b0       0x20 /mnt/scratch/gnuarm/lib/gcc/arm-none-eabi/4.8.1/libgcc.a(_arm_muldivdf3.o)
 .debug_aranges
                0x000007d0       0x20 /mnt/scratch/gnuarm/lib/gcc/arm-none-eabi/4.8.1/libgcc.a(_arm_cmpdf2.o)
 .debug_aranges
                0x000007f0       0x20 /mnt/scratch/gnuarm/lib/gcc/arm-none-eabi/4.8.1/libgcc.a(_arm_fixdfsi.o)

.debug_loc      0x00000000    0x134b9
 .debug_loc     0x00000000      0x358 src/raspi/calibrate.o
 .debug_loc     0x00000358       0x20 src/raspi/cubePinMapping.o
 .debug_loc     0x00000378      0x189 src/raspi/gpio.o
 .debug_loc     0x00000501      0x312 src/raspi/integrate.o
 .debug_loc     0x00000813      0x2d4 src/raspi/irq.o
 .debug_loc     0x00000ae7       0xf2 src/raspi/main.o
 .debug_loc     0x00000bd9       0x81 src/raspi/maindebug.o
 .debug_loc     0x00000c5a      0x5bf src/raspi/mpu60x0.o
 .debug_loc     0x00001219      0x290 src/raspi/spi.o
 .debug_loc     0x000014a9       0x95 src/raspi/support.o
 .debug_loc     0x0000153e      0x14a src/raspi/systimer.o
 .debug_loc     0x00001688      0x37c src/raspi/uart.o
 .debug_loc     0x00001a04      0x175 /mnt/scratch/gnuarm/arm-none-eabi/lib//libc.a(lib_a-memset.o)
 .debug_loc     0x00001b79       0x34 /mnt/scratch/gnuarm/arm-none-eabi/lib//libc.a(lib_a-printf.o)
 .debug_loc     0x00001bad       0x79 /mnt/scratch/gnuarm/arm-none-eabi/lib//libc.a(lib_a-sprintf.o)
 .debug_loc     0x00001c26     0x219d /mnt/scratch/gnuarm/arm-none-eabi/lib//libc.a(lib_a-svfprintf.o)
 .debug_loc     0x00003dc3     0x227c /mnt/scratch/gnuarm/arm-none-eabi/lib//libc.a(lib_a-vfprintf.o)
 .debug_loc     0x0000603f       0xb6 /mnt/scratch/gnuarm/arm-none-eabi/lib//libc.a(lib_a-wsetup.o)
 .debug_loc     0x000060f5     0x3000 /mnt/scratch/gnuarm/arm-none-eabi/lib//libc.a(lib_a-dtoa.o)
 .debug_loc     0x000090f5      0x303 /mnt/scratch/gnuarm/arm-none-eabi/lib//libc.a(lib_a-fflush.o)
 .debug_loc     0x000093f8      0x2dd /mnt/scratch/gnuarm/arm-none-eabi/lib//libc.a(lib_a-findfp.o)
 .debug_loc     0x000096d5      0x3fc /mnt/scratch/gnuarm/arm-none-eabi/lib//libc.a(lib_a-freer.o)
 .debug_loc     0x00009ad1      0x284 /mnt/scratch/gnuarm/arm-none-eabi/lib//libc.a(lib_a-fwalk.o)
 .debug_loc     0x00009d55      0x100 /mnt/scratch/gnuarm/arm-none-eabi/lib//libc.a(lib_a-locale.o)
 .debug_loc     0x00009e55      0x170 /mnt/scratch/gnuarm/arm-none-eabi/lib//libc.a(lib_a-makebuf.o)
 .debug_loc     0x00009fc5      0xcee /mnt/scratch/gnuarm/arm-none-eabi/lib//libc.a(lib_a-mallocr.o)
 .debug_loc     0x0000acb3      0x15a /mnt/scratch/gnuarm/arm-none-eabi/lib//libc.a(lib_a-memchr-stub.o)
 .debug_loc     0x0000ae0d      0x1c1 /mnt/scratch/gnuarm/arm-none-eabi/lib//libc.a(lib_a-memcpy-stub.o)
 .debug_loc     0x0000afce     0x2890 /mnt/scratch/gnuarm/arm-none-eabi/lib//libc.a(lib_a-mprec.o)
 .debug_loc     0x0000d85e       0x84 /mnt/scratch/gnuarm/arm-none-eabi/lib//libc.a(lib_a-s_fpclassify.o)
 .debug_loc     0x0000d8e2       0x66 /mnt/scratch/gnuarm/arm-none-eabi/lib//libc.a(lib_a-sbrkr.o)
 .debug_loc     0x0000d948      0x2b5 /mnt/scratch/gnuarm/arm-none-eabi/lib//libc.a(lib_a-stdio.o)
 .debug_loc     0x0000dbfd       0x21 /mnt/scratch/gnuarm/arm-none-eabi/lib//libc.a(lib_a-strlen.o)
 .debug_loc     0x0000dc1e     0x1221 /mnt/scratch/gnuarm/arm-none-eabi/lib//libc.a(lib_a-svfiprintf.o)
 .debug_loc     0x0000ee3f      0x2bb /mnt/scratch/gnuarm/arm-none-eabi/lib//libc.a(lib_a-syscalls.o)
 .debug_loc     0x0000f0fa     0x1c58 /mnt/scratch/gnuarm/arm-none-eabi/lib//libc.a(lib_a-vfiprintf.o)
 .debug_loc     0x00010d52       0xa5 /mnt/scratch/gnuarm/arm-none-eabi/lib//libc.a(lib_a-writer.o)
 .debug_loc     0x00010df7      0x20c /mnt/scratch/gnuarm/arm-none-eabi/lib//libc.a(lib_a-callocr.o)
 .debug_loc     0x00011003       0x4d /mnt/scratch/gnuarm/arm-none-eabi/lib//libc.a(lib_a-closer.o)
 .debug_loc     0x00011050      0x116 /mnt/scratch/gnuarm/arm-none-eabi/lib//libc.a(lib_a-fclose.o)
 .debug_loc     0x00011166      0x344 /mnt/scratch/gnuarm/arm-none-eabi/lib//libc.a(lib_a-fputwc.o)
 .debug_loc     0x000114aa       0x79 /mnt/scratch/gnuarm/arm-none-eabi/lib//libc.a(lib_a-fstatr.o)
 .debug_loc     0x00011523      0x630 /mnt/scratch/gnuarm/arm-none-eabi/lib//libc.a(lib_a-fvwrite.o)
 .debug_loc     0x00011b53       0x4d /mnt/scratch/gnuarm/arm-none-eabi/lib//libc.a(lib_a-isattyr.o)
 .debug_loc     0x00011ba0       0xa5 /mnt/scratch/gnuarm/arm-none-eabi/lib//libc.a(lib_a-lseekr.o)
 .debug_loc     0x00011c45      0x2b0 /mnt/scratch/gnuarm/arm-none-eabi/lib//libc.a(lib_a-memmove.o)
 .debug_loc     0x00011ef5       0xa5 /mnt/scratch/gnuarm/arm-none-eabi/lib//libc.a(lib_a-readr.o)
 .debug_loc     0x00011f9a      0xed3 /mnt/scratch/gnuarm/arm-none-eabi/lib//libc.a(lib_a-reallocr.o)
 .debug_loc     0x00012e6d      0x1a7 /mnt/scratch/gnuarm/arm-none-eabi/lib//libc.a(lib_a-reent.o)
 .debug_loc     0x00013014      0x15a /mnt/scratch/gnuarm/arm-none-eabi/lib//libc.a(lib_a-wbuf.o)
 .debug_loc     0x0001316e      0x235 /mnt/scratch/gnuarm/arm-none-eabi/lib//libc.a(lib_a-wcrtomb.o)
 .debug_loc     0x000133a3      0x116 /mnt/scratch/gnuarm/arm-none-eabi/lib//libc.a(lib_a-wctomb_r.o)

.debug_ranges   0x00000000      0x790
 .debug_ranges  0x00000000       0x78 src/raspi/calibrate.o
 .debug_ranges  0x00000078       0x30 src/raspi/irq.o
 .debug_ranges  0x000000a8       0x18 src/raspi/main.o
 .debug_ranges  0x000000c0       0x18 src/raspi/maindebug.o
 .debug_ranges  0x000000d8       0x30 src/raspi/systimer.o
 .debug_ranges  0x00000108       0x50 src/raspi/uart.o
 .debug_ranges  0x00000158      0x108 /mnt/scratch/gnuarm/arm-none-eabi/lib//libc.a(lib_a-svfprintf.o)
 .debug_ranges  0x00000260      0x108 /mnt/scratch/gnuarm/arm-none-eabi/lib//libc.a(lib_a-vfprintf.o)
 .debug_ranges  0x00000368       0x18 /mnt/scratch/gnuarm/arm-none-eabi/lib//libc.a(lib_a-fflush.o)
 .debug_ranges  0x00000380       0x68 /mnt/scratch/gnuarm/arm-none-eabi/lib//libc.a(lib_a-findfp.o)
 .debug_ranges  0x000003e8       0x28 /mnt/scratch/gnuarm/arm-none-eabi/lib//libc.a(lib_a-mallocr.o)
 .debug_ranges  0x00000410       0x48 /mnt/scratch/gnuarm/arm-none-eabi/lib//libc.a(lib_a-mprec.o)
 .debug_ranges  0x00000458       0x10 /mnt/scratch/gnuarm/arm-none-eabi/lib//libc.a(lib_a-strlen.o)
 .debug_ranges  0x00000468       0x58 /mnt/scratch/gnuarm/arm-none-eabi/lib//libc.a(lib_a-svfiprintf.o)
 .debug_ranges  0x000004c0      0x190 /mnt/scratch/gnuarm/arm-none-eabi/lib//libc.a(lib_a-vfiprintf.o)
 .debug_ranges  0x00000650       0x30 /mnt/scratch/gnuarm/arm-none-eabi/lib//libc.a(lib_a-callocr.o)
 .debug_ranges  0x00000680       0x20 /mnt/scratch/gnuarm/arm-none-eabi/lib//libc.a(lib_a-fputwc.o)
 .debug_ranges  0x000006a0       0x20 /mnt/scratch/gnuarm/arm-none-eabi/lib//libc.a(lib_a-fvwrite.o)
 .debug_ranges  0x000006c0       0xb8 /mnt/scratch/gnuarm/arm-none-eabi/lib//libc.a(lib_a-reallocr.o)
 .debug_ranges  0x00000778       0x18 /mnt/scratch/gnuarm/arm-none-eabi/lib//libc.a(lib_a-reent.o)

.debug_str      0x00000000     0x27bd
 .debug_str     0x00000000      0x430 src/raspi/calibrate.o
                                0x48f (size before relaxing)
 .debug_str     0x00000430      0x106 src/raspi/cubePinMapping.o
                                0x21a (size before relaxing)
 .debug_str     0x00000536       0x64 src/raspi/gpio.o
                                0x1c5 (size before relaxing)
 .debug_str     0x0000059a       0x79 src/raspi/integrate.o
                                0x1a9 (size before relaxing)
 .debug_str     0x00000613      0x1a1 src/raspi/irq.o
                                0x2df (size before relaxing)
 .debug_str     0x000007b4       0xa6 src/raspi/main.o
                                0x557 (size before relaxing)
 .debug_str     0x0000085a       0x3d src/raspi/maindebug.o
                                0x409 (size before relaxing)
 .debug_str     0x00000897       0xe9 src/raspi/mpu60x0.o
                                0x4a6 (size before relaxing)
 .debug_str     0x00000980       0x18 src/raspi/mpu60x0regs.o
                                0x174 (size before relaxing)
 .debug_str     0x00000998       0x57 src/raspi/spi.o
                                0x28d (size before relaxing)
 .debug_str     0x000009ef       0x4a src/raspi/support.o
                                 0xd2 (size before relaxing)
 .debug_str     0x00000a39      0x108 src/raspi/systimer.o
                                0x1df (size before relaxing)
 .debug_str     0x00000b41       0x82 src/raspi/uart.o
                                0x2bd (size before relaxing)
 .debug_str     0x00000bc3       0xb7 /mnt/scratch/gnuarm/arm-none-eabi/lib//libc.a(lib_a-memset.o)
                                0x157 (size before relaxing)
 .debug_str     0x00000c7a      0x415 /mnt/scratch/gnuarm/arm-none-eabi/lib//libc.a(lib_a-printf.o)
                                0x53d (size before relaxing)
 .debug_str     0x0000108f       0x50 /mnt/scratch/gnuarm/arm-none-eabi/lib//libc.a(lib_a-sprintf.o)
                                0x541 (size before relaxing)
 .debug_str     0x000010df      0x2f9 /mnt/scratch/gnuarm/arm-none-eabi/lib//libc.a(lib_a-svfprintf.o)
                                0x897 (size before relaxing)
 .debug_str     0x000013d8       0x47 /mnt/scratch/gnuarm/arm-none-eabi/lib//libc.a(lib_a-vfprintf.o)
                                0x8da (size before relaxing)
 .debug_str     0x0000141f       0x4c /mnt/scratch/gnuarm/arm-none-eabi/lib//libc.a(lib_a-wsetup.o)
                                0x523 (size before relaxing)
 .debug_str     0x0000146b      0x1a6 /mnt/scratch/gnuarm/arm-none-eabi/lib//libc.a(lib_a-dtoa.o)
                                0x666 (size before relaxing)
 .debug_str     0x00001611       0x7a /mnt/scratch/gnuarm/arm-none-eabi/lib//libc.a(lib_a-fflush.o)
                                0x55e (size before relaxing)
 .debug_str     0x0000168b       0xfe /mnt/scratch/gnuarm/arm-none-eabi/lib//libc.a(lib_a-findfp.o)
                                0x60d (size before relaxing)
 .debug_str     0x00001789      0x180 /mnt/scratch/gnuarm/arm-none-eabi/lib//libc.a(lib_a-freer.o)
                                0x66d (size before relaxing)
 .debug_str     0x00001909       0x45 /mnt/scratch/gnuarm/arm-none-eabi/lib//libc.a(lib_a-fwalk.o)
                                0x519 (size before relaxing)
 .debug_str     0x0000194e       0x8d /mnt/scratch/gnuarm/arm-none-eabi/lib//libc.a(lib_a-impure.o)
                                0x514 (size before relaxing)
 .debug_str     0x000019db      0x16a /mnt/scratch/gnuarm/arm-none-eabi/lib//libc.a(lib_a-locale.o)
                                0x771 (size before relaxing)
 .debug_str     0x00001b45      0x11f /mnt/scratch/gnuarm/arm-none-eabi/lib//libc.a(lib_a-makebuf.o)
                                0x616 (size before relaxing)
 .debug_str     0x00001c64       0xe5 /mnt/scratch/gnuarm/arm-none-eabi/lib//libc.a(lib_a-mallocr.o)
                                0x723 (size before relaxing)
 .debug_str     0x00001d49       0xa8 /mnt/scratch/gnuarm/arm-none-eabi/lib//libc.a(lib_a-memchr-stub.o)
                                0x16f (size before relaxing)
 .debug_str     0x00001df1       0x6c /mnt/scratch/gnuarm/arm-none-eabi/lib//libc.a(lib_a-memcpy-stub.o)
                                0x17c (size before relaxing)
 .debug_str     0x00001e5d       0x4c /mnt/scratch/gnuarm/arm-none-eabi/lib//libc.a(lib_a-mlock.o)
                                0x51d (size before relaxing)
 .debug_str     0x00001ea9       0xa2 /mnt/scratch/gnuarm/arm-none-eabi/lib//libc.a(lib_a-mprec.o)
                                0x620 (size before relaxing)
 .debug_str     0x00001f4b       0x89 /mnt/scratch/gnuarm/arm-none-eabi/lib//libc.a(lib_a-s_fpclassify.o)
                                0x16d (size before relaxing)
 .debug_str     0x00001fd4       0x41 /mnt/scratch/gnuarm/arm-none-eabi/lib//libc.a(lib_a-sbrkr.o)
                                0x50b (size before relaxing)
 .debug_str     0x00002015       0x96 /mnt/scratch/gnuarm/arm-none-eabi/lib//libc.a(lib_a-stdio.o)
                                0x567 (size before relaxing)
 .debug_str     0x000020ab       0x40 /mnt/scratch/gnuarm/arm-none-eabi/lib//libc.a(lib_a-strlen.o)
                                0x150 (size before relaxing)
 .debug_str     0x000020eb       0x30 /mnt/scratch/gnuarm/arm-none-eabi/lib//libc.a(lib_a-svfiprintf.o)
                                0x69a (size before relaxing)
 .debug_str     0x0000211b      0x1c1 /mnt/scratch/gnuarm/arm-none-eabi/lib//libc.a(lib_a-syscalls.o)
                                0x3a2 (size before relaxing)
 .debug_str     0x000022dc       0x36 /mnt/scratch/gnuarm/arm-none-eabi/lib//libc.a(lib_a-vfiprintf.o)
                                0x6cc (size before relaxing)
 .debug_str     0x00002312       0x37 /mnt/scratch/gnuarm/arm-none-eabi/lib//libc.a(lib_a-writer.o)
                                0x508 (size before relaxing)
 .debug_str     0x00002349        0xf /mnt/scratch/gnuarm/arm-none-eabi/lib//libc.a(lib_a-callocr.o)
                                0x54d (size before relaxing)
 .debug_str     0x00002358       0x37 /mnt/scratch/gnuarm/arm-none-eabi/lib//libc.a(lib_a-closer.o)
                                0x4f8 (size before relaxing)
 .debug_str     0x0000238f       0x80 /mnt/scratch/gnuarm/arm-none-eabi/lib//libc.a(lib_a-errno.o)
                                0x4fc (size before relaxing)
 .debug_str     0x0000240f       0x48 /mnt/scratch/gnuarm/arm-none-eabi/lib//libc.a(lib_a-fclose.o)
                                0x550 (size before relaxing)
 .debug_str     0x00002457       0x55 /mnt/scratch/gnuarm/arm-none-eabi/lib//libc.a(lib_a-fputwc.o)
                                0x55e (size before relaxing)
 .debug_str     0x000024ac       0x3d /mnt/scratch/gnuarm/arm-none-eabi/lib//libc.a(lib_a-fstatr.o)
                                0x5eb (size before relaxing)
 .debug_str     0x000024e9       0x47 /mnt/scratch/gnuarm/arm-none-eabi/lib//libc.a(lib_a-fvwrite.o)
                                0x5a6 (size before relaxing)
 .debug_str     0x00002530       0x38 /mnt/scratch/gnuarm/arm-none-eabi/lib//libc.a(lib_a-isattyr.o)
                                0x502 (size before relaxing)
 .debug_str     0x00002568       0x37 /mnt/scratch/gnuarm/arm-none-eabi/lib//libc.a(lib_a-lseekr.o)
                                0x506 (size before relaxing)
 .debug_str     0x0000259f       0x42 /mnt/scratch/gnuarm/arm-none-eabi/lib//libc.a(lib_a-memmove.o)
                                0x176 (size before relaxing)
 .debug_str     0x000025e1       0x36 /mnt/scratch/gnuarm/arm-none-eabi/lib//libc.a(lib_a-readr.o)
                                0x506 (size before relaxing)
 .debug_str     0x00002617       0x4e /mnt/scratch/gnuarm/arm-none-eabi/lib//libc.a(lib_a-reallocr.o)
                                0x5f5 (size before relaxing)
 .debug_str     0x00002665       0x70 /mnt/scratch/gnuarm/arm-none-eabi/lib//libc.a(lib_a-reent.o)
                                0x541 (size before relaxing)
 .debug_str     0x000026d5       0x3d /mnt/scratch/gnuarm/arm-none-eabi/lib//libc.a(lib_a-wbuf.o)
                                0x528 (size before relaxing)
 .debug_str     0x00002712       0x51 /mnt/scratch/gnuarm/arm-none-eabi/lib//libc.a(lib_a-wcrtomb.o)
                                0x545 (size before relaxing)
 .debug_str     0x00002763       0x5a /mnt/scratch/gnuarm/arm-none-eabi/lib//libc.a(lib_a-wctomb_r.o)
                                0x554 (size before relaxing)

.debug_frame    0x00000000     0x14f8
 .debug_frame   0x00000000       0xa4 src/raspi/calibrate.o
 .debug_frame   0x000000a4       0x28 src/raspi/cubePinMapping.o
 .debug_frame   0x000000cc       0x38 src/raspi/gpio.o
 .debug_frame   0x00000104       0x58 src/raspi/integrate.o
 .debug_frame   0x0000015c       0x88 src/raspi/irq.o
 .debug_frame   0x000001e4       0x78 src/raspi/main.o
 .debug_frame   0x0000025c       0x30 src/raspi/maindebug.o
 .debug_frame   0x0000028c       0x88 src/raspi/mpu60x0.o
 .debug_frame   0x00000314       0xb0 src/raspi/spi.o
 .debug_frame   0x000003c4       0x48 src/raspi/support.o
 .debug_frame   0x0000040c       0x84 src/raspi/systimer.o
 .debug_frame   0x00000490       0xe4 src/raspi/uart.o
 .debug_frame   0x00000574       0x2c /mnt/scratch/gnuarm/arm-none-eabi/lib//libc.a(lib_a-memset.o)
 .debug_frame   0x000005a0       0x58 /mnt/scratch/gnuarm/arm-none-eabi/lib//libc.a(lib_a-printf.o)
 .debug_frame   0x000005f8       0x60 /mnt/scratch/gnuarm/arm-none-eabi/lib//libc.a(lib_a-sprintf.o)
 .debug_frame   0x00000658       0x3c /mnt/scratch/gnuarm/arm-none-eabi/lib//libc.a(lib_a-svfprintf.o)
 .debug_frame   0x00000694       0x84 /mnt/scratch/gnuarm/arm-none-eabi/lib//libc.a(lib_a-vfprintf.o)
 .debug_frame   0x00000718       0x2c /mnt/scratch/gnuarm/arm-none-eabi/lib//libc.a(lib_a-wsetup.o)
 .debug_frame   0x00000744       0x64 /mnt/scratch/gnuarm/arm-none-eabi/lib//libc.a(lib_a-dtoa.o)
 .debug_frame   0x000007a8       0x64 /mnt/scratch/gnuarm/arm-none-eabi/lib//libc.a(lib_a-fflush.o)
 .debug_frame   0x0000080c      0x130 /mnt/scratch/gnuarm/arm-none-eabi/lib//libc.a(lib_a-findfp.o)
 .debug_frame   0x0000093c       0x50 /mnt/scratch/gnuarm/arm-none-eabi/lib//libc.a(lib_a-freer.o)
 .debug_frame   0x0000098c       0x54 /mnt/scratch/gnuarm/arm-none-eabi/lib//libc.a(lib_a-fwalk.o)
 .debug_frame   0x000009e0       0x98 /mnt/scratch/gnuarm/arm-none-eabi/lib//libc.a(lib_a-locale.o)
 .debug_frame   0x00000a78       0x30 /mnt/scratch/gnuarm/arm-none-eabi/lib//libc.a(lib_a-makebuf.o)
 .debug_frame   0x00000aa8       0x38 /mnt/scratch/gnuarm/arm-none-eabi/lib//libc.a(lib_a-mallocr.o)
 .debug_frame   0x00000ae0       0x2c /mnt/scratch/gnuarm/arm-none-eabi/lib//libc.a(lib_a-memchr-stub.o)
 .debug_frame   0x00000b0c       0x2c /mnt/scratch/gnuarm/arm-none-eabi/lib//libc.a(lib_a-memcpy-stub.o)
 .debug_frame   0x00000b38       0x30 /mnt/scratch/gnuarm/arm-none-eabi/lib//libc.a(lib_a-mlock.o)
 .debug_frame   0x00000b68      0x210 /mnt/scratch/gnuarm/arm-none-eabi/lib//libc.a(lib_a-mprec.o)
 .debug_frame   0x00000d78       0x20 /mnt/scratch/gnuarm/arm-none-eabi/lib//libc.a(lib_a-s_fpclassify.o)
 .debug_frame   0x00000d98       0x2c /mnt/scratch/gnuarm/arm-none-eabi/lib//libc.a(lib_a-sbrkr.o)
 .debug_frame   0x00000dc4       0x88 /mnt/scratch/gnuarm/arm-none-eabi/lib//libc.a(lib_a-stdio.o)
 .debug_frame   0x00000e4c       0x20 /mnt/scratch/gnuarm/arm-none-eabi/lib//libc.a(lib_a-strlen.o)
 .debug_frame   0x00000e6c       0x64 /mnt/scratch/gnuarm/arm-none-eabi/lib//libc.a(lib_a-svfiprintf.o)
 .debug_frame   0x00000ed0      0x178 /mnt/scratch/gnuarm/arm-none-eabi/lib//libc.a(lib_a-syscalls.o)
 .debug_frame   0x00001048       0xb8 /mnt/scratch/gnuarm/arm-none-eabi/lib//libc.a(lib_a-vfiprintf.o)
 .debug_frame   0x00001100       0x2c /mnt/scratch/gnuarm/arm-none-eabi/lib//libc.a(lib_a-writer.o)
 .debug_frame   0x0000112c       0x28 /mnt/scratch/gnuarm/arm-none-eabi/lib//libc.a(lib_a-callocr.o)
 .debug_frame   0x00001154       0x2c /mnt/scratch/gnuarm/arm-none-eabi/lib//libc.a(lib_a-closer.o)
 .debug_frame   0x00001180       0x20 /mnt/scratch/gnuarm/arm-none-eabi/lib//libc.a(lib_a-errno.o)
 .debug_frame   0x000011a0       0x3c /mnt/scratch/gnuarm/arm-none-eabi/lib//libc.a(lib_a-fclose.o)
 .debug_frame   0x000011dc       0x50 /mnt/scratch/gnuarm/arm-none-eabi/lib//libc.a(lib_a-fputwc.o)