Archive member included because of file (symbol)

/mnt/scratch/gnuarm/arm-none-eabi/lib//libc.a(lib_a-memcpy-stub.o)
                              src/raspi/main_readings.o (memcpy)
/mnt/scratch/gnuarm/arm-none-eabi/lib//libc.a(lib_a-memset.o)
                              src/raspi/calibrate.o (memset)
/mnt/scratch/gnuarm/arm-none-eabi/lib//libc.a(lib_a-printf.o)
                              src/raspi/calibrate.o (printf)
/mnt/scratch/gnuarm/arm-none-eabi/lib//libc.a(lib_a-sprintf.o)
                              src/raspi/uart.o (sprintf)
/mnt/scratch/gnuarm/arm-none-eabi/lib//libc.a(lib_a-svfprintf.o)
                              /mnt/scratch/gnuarm/arm-none-eabi/lib//libc.a(lib_a-sprintf.o) (_svfprintf_r)
/mnt/scratch/gnuarm/arm-none-eabi/lib//libc.a(lib_a-vfprintf.o)
                              /mnt/scratch/gnuarm/arm-none-eabi/lib//libc.a(lib_a-printf.o) (_vfprintf_r)
/mnt/scratch/gnuarm/arm-none-eabi/lib//libc.a(lib_a-wsetup.o)
                              /mnt/scratch/gnuarm/arm-none-eabi/lib//libc.a(lib_a-vfprintf.o) (__swsetup_r)
/mnt/scratch/gnuarm/arm-none-eabi/lib//libc.a(lib_a-dtoa.o)
                              /mnt/scratch/gnuarm/arm-none-eabi/lib//libc.a(lib_a-svfprintf.o) (_dtoa_r)
/mnt/scratch/gnuarm/arm-none-eabi/lib//libc.a(lib_a-fflush.o)
                              /mnt/scratch/gnuarm/arm-none-eabi/lib//libc.a(lib_a-vfprintf.o) (_fflush_r)
/mnt/scratch/gnuarm/arm-none-eabi/lib//libc.a(lib_a-findfp.o)
                              /mnt/scratch/gnuarm/arm-none-eabi/lib//libc.a(lib_a-vfprintf.o) (__sinit)
/mnt/scratch/gnuarm/arm-none-eabi/lib//libc.a(lib_a-freer.o)
                              /mnt/scratch/gnuarm/arm-none-eabi/lib//libc.a(lib_a-wsetup.o) (_free_r)
/mnt/scratch/gnuarm/arm-none-eabi/lib//libc.a(lib_a-fwalk.o)
                              /mnt/scratch/gnuarm/arm-none-eabi/lib//libc.a(lib_a-findfp.o) (_fwalk)
/mnt/scratch/gnuarm/arm-none-eabi/lib//libc.a(lib_a-impure.o)
                              /mnt/scratch/gnuarm/arm-none-eabi/lib//libc.a(lib_a-fflush.o) (_global_impure_ptr)
/mnt/scratch/gnuarm/arm-none-eabi/lib//libc.a(lib_a-locale.o)
                              /mnt/scratch/gnuarm/arm-none-eabi/lib//libc.a(lib_a-svfprintf.o) (_localeconv_r)
/mnt/scratch/gnuarm/arm-none-eabi/lib//libc.a(lib_a-makebuf.o)
                              /mnt/scratch/gnuarm/arm-none-eabi/lib//libc.a(lib_a-wsetup.o) (__smakebuf_r)
/mnt/scratch/gnuarm/arm-none-eabi/lib//libc.a(lib_a-mallocr.o)
                              /mnt/scratch/gnuarm/arm-none-eabi/lib//libc.a(lib_a-svfprintf.o) (_malloc_r)
/mnt/scratch/gnuarm/arm-none-eabi/lib//libc.a(lib_a-memchr-stub.o)
                              /mnt/scratch/gnuarm/arm-none-eabi/lib//libc.a(lib_a-svfprintf.o) (memchr)
/mnt/scratch/gnuarm/arm-none-eabi/lib//libc.a(lib_a-mlock.o)
                              /mnt/scratch/gnuarm/arm-none-eabi/lib//libc.a(lib_a-freer.o) (__malloc_lock)
/mnt/scratch/gnuarm/arm-none-eabi/lib//libc.a(lib_a-mprec.o)
                              /mnt/scratch/gnuarm/arm-none-eabi/lib//libc.a(lib_a-dtoa.o) (_Balloc)
/mnt/scratch/gnuarm/arm-none-eabi/lib//libc.a(lib_a-s_fpclassify.o)
                              /mnt/scratch/gnuarm/arm-none-eabi/lib//libc.a(lib_a-svfprintf.o) (__fpclassifyd)
/mnt/scratch/gnuarm/arm-none-eabi/lib//libc.a(lib_a-sbrkr.o)
                              /mnt/scratch/gnuarm/arm-none-eabi/lib//libc.a(lib_a-freer.o) (_sbrk_r)
/mnt/scratch/gnuarm/arm-none-eabi/lib//libc.a(lib_a-stdio.o)
                              /mnt/scratch/gnuarm/arm-none-eabi/lib//libc.a(lib_a-findfp.o) (__sread)
/mnt/scratch/gnuarm/arm-none-eabi/lib//libc.a(lib_a-strcmp.o)
                              /mnt/scratch/gnuarm/arm-none-eabi/lib//libc.a(lib_a-locale.o) (strcmp)
/mnt/scratch/gnuarm/arm-none-eabi/lib//libc.a(lib_a-strlen.o)
                              /mnt/scratch/gnuarm/arm-none-eabi/lib//libc.a(lib_a-svfprintf.o) (strlen)
/mnt/scratch/gnuarm/arm-none-eabi/lib//libc.a(lib_a-svfiprintf.o)
                              /mnt/scratch/gnuarm/arm-none-eabi/lib//libc.a(lib_a-svfprintf.o) (__ssprint_r)
/mnt/scratch/gnuarm/arm-none-eabi/lib//libc.a(lib_a-syscalls.o)
                              /mnt/scratch/gnuarm/arm-none-eabi/lib//libc.a(lib_a-sbrkr.o) (_sbrk)
/mnt/scratch/gnuarm/arm-none-eabi/lib//libc.a(lib_a-vfiprintf.o)
                              /mnt/scratch/gnuarm/arm-none-eabi/lib//libc.a(lib_a-vfprintf.o) (__sprint_r)
/mnt/scratch/gnuarm/arm-none-eabi/lib//libc.a(lib_a-writer.o)
                              /mnt/scratch/gnuarm/arm-none-eabi/lib//libc.a(lib_a-stdio.o) (_write_r)
/mnt/scratch/gnuarm/arm-none-eabi/lib//libc.a(lib_a-callocr.o)
                              /mnt/scratch/gnuarm/arm-none-eabi/lib//libc.a(lib_a-mprec.o) (_calloc_r)
/mnt/scratch/gnuarm/arm-none-eabi/lib//libc.a(lib_a-closer.o)
                              /mnt/scratch/gnuarm/arm-none-eabi/lib//libc.a(lib_a-stdio.o) (_close_r)
/mnt/scratch/gnuarm/arm-none-eabi/lib//libc.a(lib_a-errno.o)
[...]
Memory Configuration

Name             Origin             Length             Attributes
ram              0x00008000         0x10000000
*default*        0x00000000         0xffffffff

Linker script and memory map

LOAD src/raspi/vectors.o
LOAD src/raspi/calibrate.o
LOAD src/raspi/cubePinMapping.o
LOAD src/raspi/gpio.o
LOAD src/raspi/integrate.o
LOAD src/raspi/irq.o
LOAD src/raspi/main.o
LOAD src/raspi/main_readings.o
LOAD src/raspi/maindebug.o
LOAD src/raspi/mpu60x0.o
LOAD src/raspi/mpu60x0regs.o
LOAD src/raspi/spi.o
LOAD src/raspi/support.o
LOAD src/raspi/systimer.o
LOAD src/raspi/uart.o

.text           0x00008000     0xde28
 *(.text)
 .text          0x00008000       0xd4 src/raspi/vectors.o
                0x00008000                _start
                0x00008084                PUT32
                0x0000808c                PUT16
                0x00008094                PUT8
                0x0000809c                GET32
                0x000080a4                GETPC
                0x000080ac                BRANCHTO
                0x000080b0                dummy
                0x000080b4                enable_irq
 .text          0x000080d4      0x2fc src/raspi/calibrate.o
                0x000080d4                find_orientation
                0x000081a4                sum_results
                0x000081d4                compute_averages
                0x00008210                static_calibration
 .text          0x000083d0       0x98 src/raspi/cubePinMapping.o
                0x000083d0                shape_set_cs
 .text          0x00008468       0xc0 src/raspi/gpio.o
                0x00008468                gpio_function_select
                0x000084cc                gpio_set_output_level
 .text          0x00008528      0x1fc src/raspi/integrate.o
                0x00008528                findArea
                0x0000859c                integrate_vector
 .text          0x00008724      0x220 src/raspi/irq.o
                0x00008724                irq_gpio_falling_edge_en
                0x00008780                enable_interrupt_for_irq
                0x000087e4                c_irq_handler
                0x000088e8                register_irq_handler
                0x00008924                c_enable_irq
 .text          0x00008944      0x2a0 src/raspi/main.o
                0x00008944                gpio_irq
                0x00008974                gpio_set_interrupts
                0x000089f4                select_mode
                0x00008a44                not_main
 .text          0x00008be4      0x32c src/raspi/main_readings.o
                0x00008be4                applyCalibration
                0x00008c54                rotate_to_global
                0x00008d50                main_readings
 .text          0x00008f10       0x88 src/raspi/maindebug.o
                0x00008f10                main_debug
 .text          0x00008f98      0x468 src/raspi/mpu60x0.o
                0x00008f98                mpu60x0_enable_interrupt
                0x00008fd0                mpu60x0_init
                0x000090a0                mpu60x0_get_reading
                0x000092a0                mpu60x0_get_reading_raw
 .text          0x00009400        0x0 src/raspi/mpu60x0regs.o
 .text          0x00009400      0x1dc src/raspi/spi.o
                0x00009400                spi_pin_init
                0x0000944c                spi_begin
                0x000094b0                spi_transfer
                0x00009528                spi_end
                0x00009578                spi_write
                0x000095a8                spi_read
 .text          0x000095dc       0x4c src/raspi/support.o
                0x000095dc                wait
                0x000095f8                write_mmap_register
                0x00009610                read_mmap_register
 .text          0x00009628       0xec src/raspi/systimer.o
                0x00009628                systimer_get_us_32bit
                0x0000963c                systimer_get_us_64bit
                0x00009644                systimer_init
                0x00009664                systimer_alloc
                0x000096dc                systimer_has_timed_out
                0x00009700                systimer_free
 .text          0x00009714      0x2d0 src/raspi/uart.o
                0x00009714                calc_baud_num
                0x00009730                uart_init
                0x00009834                uart_putc
                0x00009864                uart_getc
                0x000098a4                uart_get_line
                0x00009914                uart_puts
                0x0000993c                uart_putbuf
                0x00009964                uart_put_readings
 .text          0x000099e4       0xf0 /mnt/scratch/gnuarm/arm-none-eabi/lib//libc.a(lib_a-memcpy-stub.o)
                0x000099e4                memcpy
 .text          0x00009ad4       0xf4 /mnt/scratch/gnuarm/arm-none-eabi/lib//libc.a(lib_a-memset.o)
                0x00009ad4                memset
 .text          0x00009bc8       0x74 /mnt/scratch/gnuarm/arm-none-eabi/lib//libc.a(lib_a-printf.o)
                0x00009bc8                _printf_r
                0x00009bfc                printf
 .text          0x00009c3c       0xdc /mnt/scratch/gnuarm/arm-none-eabi/lib//libc.a(lib_a-sprintf.o)
                0x00009c3c                _sprintf_r
                0x00009ca4                sprintf
 .text          0x00009d18     0x1ce4 /mnt/scratch/gnuarm/arm-none-eabi/lib//libc.a(lib_a-svfprintf.o)
                0x00009d18                _svfprintf_r
 .text          0x0000b9fc     0x1e58 /mnt/scratch/gnuarm/arm-none-eabi/lib//libc.a(lib_a-vfprintf.o)
                0x0000b9fc                _vfprintf_r
                0x0000d75c                vfprintf
 .text          0x0000d854      0x15c /mnt/scratch/gnuarm/arm-none-eabi/lib//libc.a(lib_a-wsetup.o)
                0x0000d854                __swsetup_r
 .text          0x0000d9b0     0x18d8 /mnt/scratch/gnuarm/arm-none-eabi/lib//libc.a(lib_a-dtoa.o)
                0x0000db90                _dtoa_r
 .text          0x0000f288      0x2d4 /mnt/scratch/gnuarm/arm-none-eabi/lib//libc.a(lib_a-fflush.o)
                0x0000f288                __sflush_r
                0x0000f4cc                _fflush_r
                0x0000f520                fflush
 .text          0x0000f55c      0x350 /mnt/scratch/gnuarm/arm-none-eabi/lib//libc.a(lib_a-findfp.o)
                0x0000f56c                _cleanup_r
                0x0000f584                __sfmoreglue
                0x0000f5d0                _cleanup
                0x0000f5f4                __sinit
                0x0000f75c                __sfp
                0x0000f854                __sfp_lock_acquire
                0x0000f858                __sfp_lock_release
                0x0000f85c                __sinit_lock_acquire
                0x0000f860                __sinit_lock_release
                0x0000f864                __fp_lock_all
                0x0000f888                __fp_unlock_all
 .text          0x0000f8ac      0x36c /mnt/scratch/gnuarm/arm-none-eabi/lib//libc.a(lib_a-freer.o)
                0x0000f8ac                _malloc_trim_r
                0x0000f9ac                _free_r
 .text          0x0000fc18      0x110 /mnt/scratch/gnuarm/arm-none-eabi/lib//libc.a(lib_a-fwalk.o)
                0x0000fc18                _fwalk
                0x0000fc9c                _fwalk_reent
 .text          0x0000fd28        0x0 /mnt/scratch/gnuarm/arm-none-eabi/lib//libc.a(lib_a-impure.o)
 .text          0x0000fd28       0xd0 /mnt/scratch/gnuarm/arm-none-eabi/lib//libc.a(lib_a-locale.o)
                0x0000fd28                _setlocale_r
                0x0000fd98                __locale_charset
                0x0000fda4                __locale_mb_cur_max
                0x0000fdb4                __locale_msgcharset
                0x0000fdc0                __locale_cjk_lang
                0x0000fdc8                _localeconv_r
                0x0000fdd4                setlocale
                0x0000fdec                localeconv
 .text          0x0000fdf8      0x174 /mnt/scratch/gnuarm/arm-none-eabi/lib//libc.a(lib_a-makebuf.o)
                0x0000fdf8                __smakebuf_r
 .text          0x0000ff6c      0x72c /mnt/scratch/gnuarm/arm-none-eabi/lib//libc.a(lib_a-mallocr.o)
                0x0000ff6c                _malloc_r
 .text          0x00010698      0x114 /mnt/scratch/gnuarm/arm-none-eabi/lib//libc.a(lib_a-memchr-stub.o)
                0x00010698                memchr
 .text          0x000107ac        0x8 /mnt/scratch/gnuarm/arm-none-eabi/lib//libc.a(lib_a-mlock.o)
                0x000107ac                __malloc_lock
                0x000107b0                __malloc_unlock
 .text          0x000107b4      0xd30 /mnt/scratch/gnuarm/arm-none-eabi/lib//libc.a(lib_a-mprec.o)
                0x000107b4                _Balloc
                0x00010840                _Bfree
                0x0001085c                __multadd
                0x00010938                __s2b
                0x00010a20                __hi0bits
                0x00010a7c                __lo0bits
                0x00010b10                __i2b
                0x00010b34                __multiply
                0x00010d1c                __pow5mult
                0x00010e20                __lshift
                0x00010f2c                __mcmp
                0x00010f8c                __mdiff
                0x000110d0                __ulp
                0x00011134                __b2d
                0x0001120c                __d2b
                0x00011318                __ratio
                0x000113a0                _mprec_log10
                0x000113f8                __copybits
                0x00011468                __any_on
 .text          0x000114e4       0x6c /mnt/scratch/gnuarm/arm-none-eabi/lib//libc.a(lib_a-s_fpclassify.o)
                0x000114e4                __fpclassifyd
 .text          0x00011550       0x44 /mnt/scratch/gnuarm/arm-none-eabi/lib//libc.a(lib_a-sbrkr.o)
                0x00011550                _sbrk_r
 .text          0x00011594       0xd8 /mnt/scratch/gnuarm/arm-none-eabi/lib//libc.a(lib_a-stdio.o)
                0x00011594                __sread
                0x000115c8                __seofread
                0x000115d0                __swrite
                0x00011628                __sseek
                0x00011658                __sclose
 .text          0x0001166c      0x230 /mnt/scratch/gnuarm/arm-none-eabi/lib//libc.a(lib_a-strcmp.o)
                0x0001166c                strcmp
 .text          0x0001189c       0x60 /mnt/scratch/gnuarm/arm-none-eabi/lib//libc.a(lib_a-strlen.o)
                0x0001189c                strlen
 .text          0x000118fc     0x101c /mnt/scratch/gnuarm/arm-none-eabi/lib//libc.a(lib_a-svfiprintf.o)
                0x000118fc                __ssprint_r
                0x00011aa8                _svfiprintf_r
 .text          0x00012918      0x150 /mnt/scratch/gnuarm/arm-none-eabi/lib//libc.a(lib_a-syscalls.o)
                0x00012918                initialise_monitor_handles
                0x0001291c                _read
                0x00012924                _lseek
                0x0001292c                _write
                0x0001295c                _open
                0x0001296c                _close
                0x00012974                _exit
                0x00012978                _kill
                0x00012980                _getpid
                0x00012988                _sbrk
                0x000129b0                _fstat
                0x000129b8                _stat
                0x000129c0                _link
                0x000129c8                _unlink
                0x000129d0                _raise
                0x000129d4                _gettimeofday
                0x000129fc                _times
                0x00012a1c                _isatty
                0x00012a24                _system
                0x00012a4c                _rename
 .text          0x00012a68     0x1234 /mnt/scratch/gnuarm/arm-none-eabi/lib//libc.a(lib_a-vfiprintf.o)
                0x00012b14                __sprint_r
                0x00012b2c                _vfiprintf_r
                0x00013ba4                vfiprintf
 .text          0x00013c9c       0x44 /mnt/scratch/gnuarm/arm-none-eabi/lib//libc.a(lib_a-writer.o)
                0x00013c9c                _write_r
 .text          0x00013ce0       0x9c /mnt/scratch/gnuarm/arm-none-eabi/lib//libc.a(lib_a-callocr.o)
                0x00013ce0                _calloc_r
 .text          0x00013d7c       0x3c /mnt/scratch/gnuarm/arm-none-eabi/lib//libc.a(lib_a-closer.o)
                0x00013d7c                _close_r
 .text          0x00013db8       0x10 /mnt/scratch/gnuarm/arm-none-eabi/lib//libc.a(lib_a-errno.o)
                0x00013db8                __errno
 .text          0x00013dc8      0x104 /mnt/scratch/gnuarm/arm-none-eabi/lib//libc.a(lib_a-fclose.o)
                0x00013dc8                _fclose_r
                0x00013eb8                fclose
 .text          0x00013ecc      0x1a0 /mnt/scratch/gnuarm/arm-none-eabi/lib//libc.a(lib_a-fputwc.o)
                0x00013ecc                _fputwc_r
                0x00014010                fputwc
 .text          0x0001406c       0x40 /mnt/scratch/gnuarm/arm-none-eabi/lib//libc.a(lib_a-fstatr.o)
                0x0001406c                _fstat_r
 .text          0x000140ac      0x4d0 /mnt/scratch/gnuarm/arm-none-eabi/lib//libc.a(lib_a-fvwrite.o)
                0x000140ac                __sfvwrite_r
 .text          0x0001457c       0x3c /mnt/scratch/gnuarm/arm-none-eabi/lib//libc.a(lib_a-isattyr.o)
                0x0001457c                _isatty_r
 .text          0x000145b8       0x44 /mnt/scratch/gnuarm/arm-none-eabi/lib//libc.a(lib_a-lseekr.o)
                0x000145b8                _lseek_r
 .text          0x000145fc      0x134 /mnt/scratch/gnuarm/arm-none-eabi/lib//libc.a(lib_a-memmove.o)
                0x000145fc                memmove
 .text          0x00014730       0x44 /mnt/scratch/gnuarm/arm-none-eabi/lib//libc.a(lib_a-readr.o)
                0x00014730                _read_r
 .text          0x00014774      0x56c /mnt/scratch/gnuarm/arm-none-eabi/lib//libc.a(lib_a-reallocr.o)
                0x00014774                _realloc_r
 .text          0x00014ce0      0x1a8 /mnt/scratch/gnuarm/arm-none-eabi/lib//libc.a(lib_a-reent.o)
                0x00014ce0                cleanup_glue
                0x00014d0c                _reclaim_reent
                0x00014e14                _wrapup_reent
 .text          0x00014e88      0x13c /mnt/scratch/gnuarm/arm-none-eabi/lib//libc.a(lib_a-wbuf.o)
                0x00014e88                __swbuf_r
                0x00014fac                __swbuf
 .text          0x00014fc4      0x130 /mnt/scratch/gnuarm/arm-none-eabi/lib//libc.a(lib_a-wcrtomb.o)
                0x00014fc4                _wcrtomb_r
                0x00015054                wcrtomb
 .text          0x000150f4       0x7c /mnt/scratch/gnuarm/arm-none-eabi/lib//libc.a(lib_a-wctomb_r.o)
                0x000150f4                __ascii_wctomb
                0x00015120                _wctomb_r
 .text          0x00015170      0x114 /mnt/scratch/gnuarm/lib/gcc/arm-none-eabi/4.8.1/libgcc.a(_udivsi3.o)
                0x00015170                __udivsi3
                0x00015170                __aeabi_uidiv
                0x00015264                __aeabi_uidivmod
 .text          0x00015284      0x148 /mnt/scratch/gnuarm/lib/gcc/arm-none-eabi/4.8.1/libgcc.a(_divsi3.o)
                0x00015284                __aeabi_idiv
                0x00015284                __divsi3
                0x000153ac                __aeabi_idivmod
 .text          0x000153cc        0x4 /mnt/scratch/gnuarm/lib/gcc/arm-none-eabi/4.8.1/libgcc.a(_dvmd_tls.o)
                0x000153cc                __aeabi_ldiv0
                0x000153cc                __aeabi_idiv0
 .text          0x000153d0      0x41c /mnt/scratch/gnuarm/lib/gcc/arm-none-eabi/4.8.1/libgcc.a(_arm_addsubdf3.o)
                0x000153d0                __aeabi_drsub
                0x000153d8                __aeabi_dsub
                0x000153d8                __subdf3
                0x000153dc                __adddf3
                0x000153dc                __aeabi_dadd
                0x000156ec                __aeabi_ui2d
                0x000156ec                __floatunsidf
                0x00015710                __floatsidf
                0x00015710                __aeabi_i2d
                0x00015738                __extendsfdf2
                0x00015738                __aeabi_f2d
                0x00015778                __aeabi_ul2d
                0x00015778                __floatundidf
                0x0001578c                __floatdidf
                0x0001578c                __aeabi_l2d
 .text          0x000157ec      0x49c /mnt/scratch/gnuarm/lib/gcc/arm-none-eabi/4.8.1/libgcc.a(_arm_muldivdf3.o)
                0x000157ec                __aeabi_dmul
                0x000157ec                __muldf3
                0x00015a7c                __aeabi_ddiv
                0x00015a7c                __divdf3
 .text          0x00015c88      0x144 /mnt/scratch/gnuarm/lib/gcc/arm-none-eabi/4.8.1/libgcc.a(_arm_cmpdf2.o)
                0x00015c88                __gtdf2
                0x00015c88                __gedf2
                0x00015c90                __ltdf2
                0x00015c90                __ledf2
                0x00015c98                __cmpdf2
                0x00015c98                __eqdf2
                0x00015c98                __nedf2
                0x00015d20                __aeabi_cdrcmple
                0x00015d3c                __aeabi_cdcmple
                0x00015d3c                __aeabi_cdcmpeq
                0x00015d54                __aeabi_dcmpeq
                0x00015d6c                __aeabi_dcmplt
                0x00015d84                __aeabi_dcmple
                0x00015d9c                __aeabi_dcmpge
                0x00015db4                __aeabi_dcmpgt
 .text          0x00015dcc       0x5c /mnt/scratch/gnuarm/lib/gcc/arm-none-eabi/4.8.1/libgcc.a(_arm_fixdfsi.o)
                0x00015dcc                __fixdfsi
                0x00015dcc                __aeabi_d2iz

.rodata.str1.4  0x00015e28      0x1c4
 .rodata.str1.4
                0x00015e28       0x6b src/raspi/calibrate.o
                                 0x6c (size before relaxing)
 *fill*         0x00015e93        0x1 00
 .rodata.str1.4
                0x00015e94       0x1f src/raspi/irq.o
                                 0x20 (size before relaxing)
 *fill*         0x00015eb3        0x1 00
 .rodata.str1.4
                0x00015eb4       0x86 src/raspi/main.o
                                 0x88 (size before relaxing)
 *fill*         0x00015f3a        0x2 00
 .rodata.str1.4
                0x00015f3c       0x36 src/raspi/main_readings.o
                                 0x38 (size before relaxing)
 *fill*         0x00015f72        0x2 00
 .rodata.str1.4
                0x00015f74        0xa src/raspi/maindebug.o
                                  0xc (size before relaxing)
 *fill*         0x00015f7e        0x2 00
 .rodata.str1.4
                0x00015f80        0x5 src/raspi/uart.o
                                  0x8 (size before relaxing)
 *fill*         0x00015f85        0x3 00
 .rodata.str1.4
                0x00015f88       0x42 /mnt/scratch/gnuarm/arm-none-eabi/lib//libc.a(lib_a-svfprintf.o)
                                 0x44 (size before relaxing)
 .rodata.str1.4
                0x00000000       0x44 /mnt/scratch/gnuarm/arm-none-eabi/lib//libc.a(lib_a-vfprintf.o)
 *fill*         0x00015fca        0x2 00
 .rodata.str1.4
                0x00015fcc       0x10 /mnt/scratch/gnuarm/arm-none-eabi/lib//libc.a(lib_a-dtoa.o)
                                 0x14 (size before relaxing)
 .rodata.str1.4
                0x00015fdc        0x2 /mnt/scratch/gnuarm/arm-none-eabi/lib//libc.a(lib_a-impure.o)
                                  0x4 (size before relaxing)
 *fill*         0x00015fde        0x2 00
 .rodata.str1.4
                0x00015fe0        0xc /mnt/scratch/gnuarm/arm-none-eabi/lib//libc.a(lib_a-locale.o)
                                 0x14 (size before relaxing)
 .rodata.str1.4
                0x00000000       0x30 /mnt/scratch/gnuarm/arm-none-eabi/lib//libc.a(lib_a-svfiprintf.o)
 .rodata.str1.4
                0x00000000       0x30 /mnt/scratch/gnuarm/arm-none-eabi/lib//libc.a(lib_a-vfiprintf.o)

.rodata         0x00015ff0      0x420
 .rodata        0x00015ff0      0x1e0 src/raspi/cubePinMapping.o
                0x00015ff0                shape_orientation
                0x00016080                shape_temp_calibration
                0x000160b0                shape_gyro_calibration
                0x00016140                shape_accel_calibration
 .rodata        0x000161d0        0x8 src/raspi/irq.o
                0x000161d0                IRQ_BITS_PER_REG
                0x000161d4                GPIO_TOTAL
 .rodata        0x000161d8       0x48 src/raspi/main_readings.o
 .rodata        0x00016220       0x40 src/raspi/mpu60x0regs.o
                0x00016220                inv_mpu60x0_gyro_conv_ratio
                0x00016240                inv_mpu60x0_accl_conv_ratio
 .rodata        0x00016260        0x4 src/raspi/systimer.o
                0x00016260                sysclk_freq
 .rodata        0x00016264       0x20 /mnt/scratch/gnuarm/arm-none-eabi/lib//libc.a(lib_a-svfprintf.o)
 .rodata        0x00016284       0x20 /mnt/scratch/gnuarm/arm-none-eabi/lib//libc.a(lib_a-vfprintf.o)
 .rodata        0x000162a4        0x4 /mnt/scratch/gnuarm/arm-none-eabi/lib//libc.a(lib_a-impure.o)
                0x000162a4                _global_impure_ptr
 .rodata        0x000162a8      0x128 /mnt/scratch/gnuarm/arm-none-eabi/lib//libc.a(lib_a-mprec.o)
                0x000162b8                __mprec_tens
                0x00016380                __mprec_tinytens
                0x000163a8                __mprec_bigtens
 .rodata        0x000163d0       0x20 /mnt/scratch/gnuarm/arm-none-eabi/lib//libc.a(lib_a-svfiprintf.o)
 .rodata        0x000163f0       0x20 /mnt/scratch/gnuarm/arm-none-eabi/lib//libc.a(lib_a-vfiprintf.o)

.glue_7         0x00016410        0x0
 .glue_7        0x00000000        0x0 linker stubs

.glue_7t        0x00016410        0x0
 .glue_7t       0x00000000        0x0 linker stubs

.vfp11_veneer   0x00016410        0x0
 .vfp11_veneer  0x00000000        0x0 linker stubs

.v4_bx          0x00016410        0x0
 .v4_bx         0x00000000        0x0 linker stubs

.iplt           0x00016410        0x0
 .iplt          0x00000000        0x0 src/raspi/vectors.o

.rel.dyn        0x00016410        0x0
 .rel.iplt      0x00000000        0x0 src/raspi/vectors.o

.data           0x00016410      0x954
 *(.data)
 .data          0x00016410        0x0 src/raspi/vectors.o
 .data          0x00016410        0x0 src/raspi/calibrate.o
 .data          0x00016410        0x8 src/raspi/cubePinMapping.o
                0x00016410                shape_cs_mappings
 .data          0x00016418       0x10 src/raspi/gpio.o
                0x00016418                GPIO_GPFSEL0
                0x0001641c                GPIO_GPCLR0
                0x00016420                GPIO_GPSET0
                0x00016424                GPIO_GPLEV0
 .data          0x00016428        0x0 src/raspi/integrate.o
 .data          0x00016428       0x40 src/raspi/irq.o
                0x00016428                GPIO_FEN0
                0x0001642c                IRQ_TOTAL
                0x00016430                IRQ_IRQ1ENABLE
                0x00016434                IRQ_PENDING1
                0x00016438                IRQ_PENDING2
                0x0001643c                GPIO_INT3
                0x00016440                GPIO_INT2
                0x00016444                GPIO_INT1
                0x00016448                GPIO_INT0
                0x0001644c                IRQ_BASICDISABLE
                0x00016450                IRQ_IRQ1DISABLE
                0x00016454                IRQ_BASICENABLE
                0x00016458                IRQ_IRQ2ENABLE
                0x0001645c                IRQ_FIQ_CONTROL
                0x00016460                IRQ_BASICPENDING
                0x00016464                IRQBASE
 .data          0x00016468        0x0 src/raspi/main.o
 .data          0x00016468        0x0 src/raspi/main_readings.o
 .data          0x00016468        0x0 src/raspi/maindebug.o
 .data          0x00016468        0x0 src/raspi/mpu60x0.o
 .data          0x00016468        0x0 src/raspi/mpu60x0regs.o
 .data          0x00016468       0x18 src/raspi/spi.o
                0x00016468                SPI0_CONTROL
                0x0001646c                SPI0_CLK
                0x00016470                SPI0_FIFO
                0x00016474                SPI0_DC
                0x00016478                SPI0_LTOH
                0x0001647c                SPI0_DLEN
 .data          0x00016480        0x0 src/raspi/support.o
 .data          0x00016480       0x20 src/raspi/systimer.o
                0x00016480                SYSTIMER_CLO
                0x00016484                SYSTIMER_C0
                0x00016488                SYSTIMER_CS
                0x0001648c                SYSTIMER_C3
                0x00016490                SYSTIMER_C2
                0x00016494                SYSTIMER_C1
                0x00016498                SYSTIMER_CHI
                0x0001649c                SYSTIMER_BASE
 .data          0x000164a0        0x0 src/raspi/uart.o
 .data          0x000164a0        0x0 /mnt/scratch/gnuarm/arm-none-eabi/lib//libc.a(lib_a-memcpy-stub.o)
 .data          0x000164a0        0x0 /mnt/scratch/gnuarm/arm-none-eabi/lib//libc.a(lib_a-memset.o)
 .data          0x000164a0        0x0 /mnt/scratch/gnuarm/arm-none-eabi/lib//libc.a(lib_a-printf.o)
 .data          0x000164a0        0x0 /mnt/scratch/gnuarm/arm-none-eabi/lib//libc.a(lib_a-sprintf.o)
 .data          0x000164a0        0x0 /mnt/scratch/gnuarm/arm-none-eabi/lib//libc.a(lib_a-svfprintf.o)
 .data          0x000164a0        0x0 /mnt/scratch/gnuarm/arm-none-eabi/lib//libc.a(lib_a-vfprintf.o)
 .data          0x000164a0        0x0 /mnt/scratch/gnuarm/arm-none-eabi/lib//libc.a(lib_a-wsetup.o)
 .data          0x000164a0        0x0 /mnt/scratch/gnuarm/arm-none-eabi/lib//libc.a(lib_a-dtoa.o)
 .data          0x000164a0        0x0 /mnt/scratch/gnuarm/arm-none-eabi/lib//libc.a(lib_a-fflush.o)
 .data          0x000164a0        0x0 /mnt/scratch/gnuarm/arm-none-eabi/lib//libc.a(lib_a-findfp.o)
 .data          0x000164a0        0x0 /mnt/scratch/gnuarm/arm-none-eabi/lib//libc.a(lib_a-freer.o)
 .data          0x000164a0        0x0 /mnt/scratch/gnuarm/arm-none-eabi/lib//libc.a(lib_a-fwalk.o)
 .data          0x000164a0      0x430 /mnt/scratch/gnuarm/arm-none-eabi/lib//libc.a(lib_a-impure.o)
                0x000164a0                _impure_ptr
 .data          0x000168d0       0x7c /mnt/scratch/gnuarm/arm-none-eabi/lib//libc.a(lib_a-locale.o)
                0x000168f0                __mb_cur_max
 .data          0x0001694c        0x0 /mnt/scratch/gnuarm/arm-none-eabi/lib//libc.a(lib_a-makebuf.o)
 .data          0x0001694c      0x410 /mnt/scratch/gnuarm/arm-none-eabi/lib//libc.a(lib_a-mallocr.o)
                0x0001694c                __malloc_av_
                0x00016d54                __malloc_sbrk_base
                0x00016d58                __malloc_trim_threshold
 .data          0x00016d5c        0x0 /mnt/scratch/gnuarm/arm-none-eabi/lib//libc.a(lib_a-memchr-stub.o)
 .data          0x00016d5c        0x0 /mnt/scratch/gnuarm/arm-none-eabi/lib//libc.a(lib_a-mlock.o)
 .data          0x00016d5c        0x0 /mnt/scratch/gnuarm/arm-none-eabi/lib//libc.a(lib_a-mprec.o)
 .data          0x00016d5c        0x0 /mnt/scratch/gnuarm/arm-none-eabi/lib//libc.a(lib_a-s_fpclassify.o)
 .data          0x00016d5c        0x0 /mnt/scratch/gnuarm/arm-none-eabi/lib//libc.a(lib_a-sbrkr.o)
 .data          0x00016d5c        0x0 /mnt/scratch/gnuarm/arm-none-eabi/lib//libc.a(lib_a-stdio.o)
 .data          0x00016d5c        0x0 /mnt/scratch/gnuarm/arm-none-eabi/lib//libc.a(lib_a-strcmp.o)
 .data          0x00016d5c        0x0 /mnt/scratch/gnuarm/arm-none-eabi/lib//libc.a(lib_a-strlen.o)
 .data          0x00016d5c        0x0 /mnt/scratch/gnuarm/arm-none-eabi/lib//libc.a(lib_a-svfiprintf.o)
 .data          0x00016d5c        0x4 /mnt/scratch/gnuarm/arm-none-eabi/lib//libc.a(lib_a-syscalls.o)
                0x00016d5c                heap_end
 .data          0x00016d60        0x0 /mnt/scratch/gnuarm/arm-none-eabi/lib//libc.a(lib_a-vfiprintf.o)
 .data          0x00016d60        0x0 /mnt/scratch/gnuarm/arm-none-eabi/lib//libc.a(lib_a-writer.o)
 .data          0x00016d60        0x0 /mnt/scratch/gnuarm/arm-none-eabi/lib//libc.a(lib_a-callocr.o)
 .data          0x00016d60        0x0 /mnt/scratch/gnuarm/arm-none-eabi/lib//libc.a(lib_a-closer.o)
 .data          0x00016d60        0x0 /mnt/scratch/gnuarm/arm-none-eabi/lib//libc.a(lib_a-errno.o)
 .data          0x00016d60        0x0 /mnt/scratch/gnuarm/arm-none-eabi/lib//libc.a(lib_a-fclose.o)
 .data          0x00016d60        0x0 /mnt/scratch/gnuarm/arm-none-eabi/lib//libc.a(lib_a-fputwc.o)
 .data          0x00016d60        0x0 /mnt/scratch/gnuarm/arm-none-eabi/lib//libc.a(lib_a-fstatr.o)
 .data          0x00016d60        0x0 /mnt/scratch/gnuarm/arm-none-eabi/lib//libc.a(lib_a-fvwrite.o)
 .data          0x00016d60        0x0 /mnt/scratch/gnuarm/arm-none-eabi/lib//libc.a(lib_a-isattyr.o)
 .data          0x00016d60        0x0 /mnt/scratch/gnuarm/arm-none-eabi/lib//libc.a(lib_a-lseekr.o)
 .data          0x00016d60        0x0 /mnt/scratch/gnuarm/arm-none-eabi/lib//libc.a(lib_a-memmove.o)
 .data          0x00016d60        0x0 /mnt/scratch/gnuarm/arm-none-eabi/lib//libc.a(lib_a-readr.o)
 .data          0x00016d60        0x0 /mnt/scratch/gnuarm/arm-none-eabi/lib//libc.a(lib_a-reallocr.o)
 .data          0x00016d60        0x0 /mnt/scratch/gnuarm/arm-none-eabi/lib//libc.a(lib_a-reent.o)
 .data          0x00016d60        0x0 /mnt/scratch/gnuarm/arm-none-eabi/lib//libc.a(lib_a-wbuf.o)
 .data          0x00016d60        0x0 /mnt/scratch/gnuarm/arm-none-eabi/lib//libc.a(lib_a-wcrtomb.o)
 .data          0x00016d60        0x4 /mnt/scratch/gnuarm/arm-none-eabi/lib//libc.a(lib_a-wctomb_r.o)
                0x00016d60                __wctomb
 .data          0x00016d64        0x0 /mnt/scratch/gnuarm/lib/gcc/arm-none-eabi/4.8.1/libgcc.a(_udivsi3.o)
 .data          0x00016d64        0x0 /mnt/scratch/gnuarm/lib/gcc/arm-none-eabi/4.8.1/libgcc.a(_divsi3.o)
 .data          0x00016d64        0x0 /mnt/scratch/gnuarm/lib/gcc/arm-none-eabi/4.8.1/libgcc.a(_dvmd_tls.o)
 .data          0x00016d64        0x0 /mnt/scratch/gnuarm/lib/gcc/arm-none-eabi/4.8.1/libgcc.a(_arm_addsubdf3.o)
 .data          0x00016d64        0x0 /mnt/scratch/gnuarm/lib/gcc/arm-none-eabi/4.8.1/libgcc.a(_arm_muldivdf3.o)
 .data          0x00016d64        0x0 /mnt/scratch/gnuarm/lib/gcc/arm-none-eabi/4.8.1/libgcc.a(_arm_cmpdf2.o)
 .data          0x00016d64        0x0 /mnt/scratch/gnuarm/lib/gcc/arm-none-eabi/4.8.1/libgcc.a(_arm_fixdfsi.o)
                0x00016d64                __bss_start__ = .

.igot.plt       0x00016d64        0x0
 .igot.plt      0x00000000        0x0 src/raspi/vectors.o

.bss            0x00016d64      0x160
 *(.bss)
 .bss           0x00016d64        0x0 src/raspi/vectors.o
 .bss           0x00016d64        0x0 src/raspi/calibrate.o
 .bss           0x00016d64        0x0 src/raspi/cubePinMapping.o
 .bss           0x00016d64        0x0 src/raspi/gpio.o
 .bss           0x00016d64        0x0 src/raspi/integrate.o
 .bss           0x00016d64        0x0 src/raspi/irq.o
 .bss           0x00016d64        0x0 src/raspi/main.o
 .bss           0x00016d64        0x0 src/raspi/main_readings.o
 .bss           0x00016d64        0x0 src/raspi/maindebug.o
 .bss           0x00016d64        0x0 src/raspi/mpu60x0.o
 .bss           0x00016d64        0x0 src/raspi/mpu60x0regs.o
 .bss           0x00016d64        0x0 src/raspi/spi.o
 .bss           0x00016d64        0x0 src/raspi/support.o
 .bss           0x00016d64        0x0 src/raspi/systimer.o
 .bss           0x00016d64        0x0 src/raspi/uart.o
 .bss           0x00016d64        0x0 /mnt/scratch/gnuarm/arm-none-eabi/lib//libc.a(lib_a-memcpy-stub.o)
 .bss           0x00016d64        0x0 /mnt/scratch/gnuarm/arm-none-eabi/lib//libc.a(lib_a-memset.o)
 .bss           0x00016d64        0x0 /mnt/scratch/gnuarm/arm-none-eabi/lib//libc.a(lib_a-printf.o)
 .bss           0x00016d64        0x0 /mnt/scratch/gnuarm/arm-none-eabi/lib//libc.a(lib_a-sprintf.o)
 .bss           0x00016d64        0x0 /mnt/scratch/gnuarm/arm-none-eabi/lib//libc.a(lib_a-svfprintf.o)
 .bss           0x00016d64        0x0 /mnt/scratch/gnuarm/arm-none-eabi/lib//libc.a(lib_a-vfprintf.o)
 .bss           0x00016d64        0x0 /mnt/scratch/gnuarm/arm-none-eabi/lib//libc.a(lib_a-wsetup.o)
 .bss           0x00016d64        0x0 /mnt/scratch/gnuarm/arm-none-eabi/lib//libc.a(lib_a-dtoa.o)
 .bss           0x00016d64        0x0 /mnt/scratch/gnuarm/arm-none-eabi/lib//libc.a(lib_a-fflush.o)
 .bss           0x00016d64        0x0 /mnt/scratch/gnuarm/arm-none-eabi/lib//libc.a(lib_a-findfp.o)
 .bss           0x00016d64        0x0 /mnt/scratch/gnuarm/arm-none-eabi/lib//libc.a(lib_a-freer.o)
 .bss           0x00016d64        0x0 /mnt/scratch/gnuarm/arm-none-eabi/lib//libc.a(lib_a-fwalk.o)
 .bss           0x00016d64        0x0 /mnt/scratch/gnuarm/arm-none-eabi/lib//libc.a(lib_a-impure.o)
 .bss           0x00016d64        0xc /mnt/scratch/gnuarm/arm-none-eabi/lib//libc.a(lib_a-locale.o)
                0x00016d64                _PathLocale
                0x00016d68                __mlocale_changed
                0x00016d6c                __nlocale_changed
 .bss           0x00016d70        0x0 /mnt/scratch/gnuarm/arm-none-eabi/lib//libc.a(lib_a-makebuf.o)
 .bss           0x00016d70       0x34 /mnt/scratch/gnuarm/arm-none-eabi/lib//libc.a(lib_a-mallocr.o)
                0x00016d70                __malloc_top_pad
                0x00016d74                __malloc_current_mallinfo
                0x00016d9c                __malloc_max_sbrked_mem
                0x00016da0                __malloc_max_total_mem
 .bss           0x00016da4        0x0 /mnt/scratch/gnuarm/arm-none-eabi/lib//libc.a(lib_a-memchr-stub.o)
 .bss           0x00016da4        0x0 /mnt/scratch/gnuarm/arm-none-eabi/lib//libc.a(lib_a-mlock.o)
 .bss           0x00016da4        0x0 /mnt/scratch/gnuarm/arm-none-eabi/lib//libc.a(lib_a-mprec.o)
 .bss           0x00016da4        0x0 /mnt/scratch/gnuarm/arm-none-eabi/lib//libc.a(lib_a-s_fpclassify.o)
 .bss           0x00016da4        0x0 /mnt/scratch/gnuarm/arm-none-eabi/lib//libc.a(lib_a-sbrkr.o)
 .bss           0x00016da4        0x0 /mnt/scratch/gnuarm/arm-none-eabi/lib//libc.a(lib_a-stdio.o)
 .bss           0x00016da4        0x0 /mnt/scratch/gnuarm/arm-none-eabi/lib//libc.a(lib_a-strcmp.o)
 .bss           0x00016da4        0x0 /mnt/scratch/gnuarm/arm-none-eabi/lib//libc.a(lib_a-strlen.o)
 .bss           0x00016da4        0x0 /mnt/scratch/gnuarm/arm-none-eabi/lib//libc.a(lib_a-svfiprintf.o)
 .bss           0x00016da4        0x0 /mnt/scratch/gnuarm/arm-none-eabi/lib//libc.a(lib_a-syscalls.o)
 .bss           0x00016da4        0x0 /mnt/scratch/gnuarm/arm-none-eabi/lib//libc.a(lib_a-vfiprintf.o)
 .bss           0x00016da4        0x0 /mnt/scratch/gnuarm/arm-none-eabi/lib//libc.a(lib_a-writer.o)
 .bss           0x00016da4        0x0 /mnt/scratch/gnuarm/arm-none-eabi/lib//libc.a(lib_a-callocr.o)
 .bss           0x00016da4        0x0 /mnt/scratch/gnuarm/arm-none-eabi/lib//libc.a(lib_a-closer.o)
 .bss           0x00016da4        0x0 /mnt/scratch/gnuarm/arm-none-eabi/lib//libc.a(lib_a-errno.o)
 .bss           0x00016da4        0x0 /mnt/scratch/gnuarm/arm-none-eabi/lib//libc.a(lib_a-fclose.o)
 .bss           0x00016da4        0x0 /mnt/scratch/gnuarm/arm-none-eabi/lib//libc.a(lib_a-fputwc.o)
 .bss           0x00016da4        0x0 /mnt/scratch/gnuarm/arm-none-eabi/lib//libc.a(lib_a-fstatr.o)
 .bss           0x00016da4        0x0 /mnt/scratch/gnuarm/arm-none-eabi/lib//libc.a(lib_a-fvwrite.o)
 .bss           0x00016da4        0x0 /mnt/scratch/gnuarm/arm-none-eabi/lib//libc.a(lib_a-isattyr.o)
 .bss           0x00016da4        0x0 /mnt/scratch/gnuarm/arm-none-eabi/lib//libc.a(lib_a-lseekr.o)
 .bss           0x00016da4        0x0 /mnt/scratch/gnuarm/arm-none-eabi/lib//libc.a(lib_a-memmove.o)
 .bss           0x00016da4        0x0 /mnt/scratch/gnuarm/arm-none-eabi/lib//libc.a(lib_a-readr.o)
 .bss           0x00016da4        0x0 /mnt/scratch/gnuarm/arm-none-eabi/lib//libc.a(lib_a-reallocr.o)
 .bss           0x00016da4        0x0 /mnt/scratch/gnuarm/arm-none-eabi/lib//libc.a(lib_a-reent.o)
 .bss           0x00016da4        0x0 /mnt/scratch/gnuarm/arm-none-eabi/lib//libc.a(lib_a-wbuf.o)
 .bss           0x00016da4        0x0 /mnt/scratch/gnuarm/arm-none-eabi/lib//libc.a(lib_a-wcrtomb.o)
 .bss           0x00016da4        0x0 /mnt/scratch/gnuarm/arm-none-eabi/lib//libc.a(lib_a-wctomb_r.o)
 .bss           0x00016da4        0x0 /mnt/scratch/gnuarm/lib/gcc/arm-none-eabi/4.8.1/libgcc.a(_udivsi3.o)
 .bss           0x00016da4        0x0 /mnt/scratch/gnuarm/lib/gcc/arm-none-eabi/4.8.1/libgcc.a(_divsi3.o)
 .bss           0x00016da4        0x0 /mnt/scratch/gnuarm/lib/gcc/arm-none-eabi/4.8.1/libgcc.a(_dvmd_tls.o)
 .bss           0x00016da4        0x0 /mnt/scratch/gnuarm/lib/gcc/arm-none-eabi/4.8.1/libgcc.a(_arm_addsubdf3.o)
 .bss           0x00016da4        0x0 /mnt/scratch/gnuarm/lib/gcc/arm-none-eabi/4.8.1/libgcc.a(_arm_muldivdf3.o)
 .bss           0x00016da4        0x0 /mnt/scratch/gnuarm/lib/gcc/arm-none-eabi/4.8.1/libgcc.a(_arm_cmpdf2.o)
 .bss           0x00016da4        0x0 /mnt/scratch/gnuarm/lib/gcc/arm-none-eabi/4.8.1/libgcc.a(_arm_fixdfsi.o)
 COMMON         0x00016da4        0x0 src/raspi/calibrate.o
 COMMON         0x00016da4      0x100 src/raspi/irq.o
                0x00016da4                irq_handlers
 COMMON         0x00016ea4        0x4 src/raspi/main.o
                0x00016ea4                flag
 COMMON         0x00016ea8        0x4 src/raspi/spi.o
                0x00016ea8                active_pin
 COMMON         0x00016eac       0x10 src/raspi/systimer.o
                0x00016eac                timers
 COMMON         0x00016ebc        0x4 /mnt/scratch/gnuarm/arm-none-eabi/lib//libc.a(lib_a-syscalls.o)
                0x00016ebc                prev_heap_end
 COMMON         0x00016ec0        0x4 /mnt/scratch/gnuarm/arm-none-eabi/lib//libc.a(lib_a-reent.o)
                0x00016ec0                errno
                0x00016ec4                __bss_end__ = .
LOAD /mnt/scratch/gnuarm/arm-none-eabi/lib//libc.a
LOAD /mnt/scratch/gnuarm/lib/gcc/arm-none-eabi/4.8.1/libgcc.a
LOAD /mnt/scratch/gnuarm/arm-none-eabi/lib//libm.a
OUTPUT(bin/kernel.elf elf32-littlearm)

.ARM.attributes
                0x00000000       0x34
 .ARM.attributes
                0x00000000       0x26 src/raspi/vectors.o
 .ARM.attributes
                0x00000026       0x38 src/raspi/calibrate.o
 .ARM.attributes
                0x0000005e       0x38 src/raspi/cubePinMapping.o
 .ARM.attributes
                0x00000096       0x38 src/raspi/gpio.o
 .ARM.attributes
                0x000000ce       0x38 src/raspi/integrate.o
 .ARM.attributes
                0x00000106       0x38 src/raspi/irq.o
 .ARM.attributes
                0x0000013e       0x38 src/raspi/main.o
 .ARM.attributes
                0x00000176       0x38 src/raspi/main_readings.o
 .ARM.attributes
                0x000001ae       0x38 src/raspi/maindebug.o
 .ARM.attributes
                0x000001e6       0x38 src/raspi/mpu60x0.o
 .ARM.attributes
                0x0000021e       0x38 src/raspi/mpu60x0regs.o
 .ARM.attributes
                0x00000256       0x38 src/raspi/spi.o
 .ARM.attributes
                0x0000028e       0x38 src/raspi/support.o
 .ARM.attributes
                0x000002c6       0x38 src/raspi/systimer.o
 .ARM.attributes
                0x000002fe       0x38 src/raspi/uart.o
 .ARM.attributes
                0x00000336       0x30 /mnt/scratch/gnuarm/arm-none-eabi/lib//libc.a(lib_a-memcpy-stub.o)
 .ARM.attributes
                0x00000366       0x30 /mnt/scratch/gnuarm/arm-none-eabi/lib//libc.a(lib_a-memset.o)
 .ARM.attributes
                0x00000396       0x30 /mnt/scratch/gnuarm/arm-none-eabi/lib//libc.a(lib_a-printf.o)
 .ARM.attributes
                0x000003c6       0x30 /mnt/scratch/gnuarm/arm-none-eabi/lib//libc.a(lib_a-sprintf.o)
 .ARM.attributes
                0x000003f6       0x30 /mnt/scratch/gnuarm/arm-none-eabi/lib//libc.a(lib_a-svfprintf.o)
 .ARM.attributes
                0x00000426       0x30 /mnt/scratch/gnuarm/arm-none-eabi/lib//libc.a(lib_a-vfprintf.o)
 .ARM.attributes
                0x00000456       0x30 /mnt/scratch/gnuarm/arm-none-eabi/lib//libc.a(lib_a-wsetup.o)
 .ARM.attributes
                0x00000486       0x30 /mnt/scratch/gnuarm/arm-none-eabi/lib//libc.a(lib_a-dtoa.o)
 .ARM.attributes
                0x000004b6       0x30 /mnt/scratch/gnuarm/arm-none-eabi/lib//libc.a(lib_a-fflush.o)
 .ARM.attributes
                0x000004e6       0x30 /mnt/scratch/gnuarm/arm-none-eabi/lib//libc.a(lib_a-findfp.o)
 .ARM.attributes
                0x00000516       0x30 /mnt/scratch/gnuarm/arm-none-eabi/lib//libc.a(lib_a-freer.o)
 .ARM.attributes
                0x00000546       0x30 /mnt/scratch/gnuarm/arm-none-eabi/lib//libc.a(lib_a-fwalk.o)
 .ARM.attributes
                0x00000576       0x30 /mnt/scratch/gnuarm/arm-none-eabi/lib//libc.a(lib_a-impure.o)
 .ARM.attributes
                0x000005a6       0x30 /mnt/scratch/gnuarm/arm-none-eabi/lib//libc.a(lib_a-locale.o)
 .ARM.attributes
                0x000005d6       0x30 /mnt/scratch/gnuarm/arm-none-eabi/lib//libc.a(lib_a-makebuf.o)
 .ARM.attributes
                0x00000606       0x30 /mnt/scratch/gnuarm/arm-none-eabi/lib//libc.a(lib_a-mallocr.o)
 .ARM.attributes
                0x00000636       0x30 /mnt/scratch/gnuarm/arm-none-eabi/lib//libc.a(lib_a-memchr-stub.o)
 .ARM.attributes
                0x00000666       0x30 /mnt/scratch/gnuarm/arm-none-eabi/lib//libc.a(lib_a-mlock.o)
 .ARM.attributes
                0x00000696       0x30 /mnt/scratch/gnuarm/arm-none-eabi/lib//libc.a(lib_a-mprec.o)
 .ARM.attributes
                0x000006c6       0x30 /mnt/scratch/gnuarm/arm-none-eabi/lib//libc.a(lib_a-s_fpclassify.o)
 .ARM.attributes
                0x000006f6       0x30 /mnt/scratch/gnuarm/arm-none-eabi/lib//libc.a(lib_a-sbrkr.o)
 .ARM.attributes
                0x00000726       0x30 /mnt/scratch/gnuarm/arm-none-eabi/lib//libc.a(lib_a-stdio.o)
 .ARM.attributes
                0x00000756       0x16 /mnt/scratch/gnuarm/arm-none-eabi/lib//libc.a(lib_a-strcmp.o)
 .ARM.attributes
                0x0000076c       0x30 /mnt/scratch/gnuarm/arm-none-eabi/lib//libc.a(lib_a-strlen.o)
 .ARM.attributes
                0x0000079c       0x30 /mnt/scratch/gnuarm/arm-none-eabi/lib//libc.a(lib_a-svfiprintf.o)
 .ARM.attributes
                0x000007cc       0x30 /mnt/scratch/gnuarm/arm-none-eabi/lib//libc.a(lib_a-syscalls.o)
 .ARM.attributes
                0x000007fc       0x30 /mnt/scratch/gnuarm/arm-none-eabi/lib//libc.a(lib_a-vfiprintf.o)
 .ARM.attributes
                0x0000082c       0x30 /mnt/scratch/gnuarm/arm-none-eabi/lib//libc.a(lib_a-writer.o)
 .ARM.attributes
                0x0000085c       0x30 /mnt/scratch/gnuarm/arm-none-eabi/lib//libc.a(lib_a-callocr.o)
 .ARM.attributes
                0x0000088c       0x30 /mnt/scratch/gnuarm/arm-none-eabi/lib//libc.a(lib_a-closer.o)
 .ARM.attributes
                0x000008bc       0x30 /mnt/scratch/gnuarm/arm-none-eabi/lib//libc.a(lib_a-errno.o)
 .ARM.attributes
                0x000008ec       0x30 /mnt/scratch/gnuarm/arm-none-eabi/lib//libc.a(lib_a-fclose.o)
 .ARM.attributes
                0x0000091c       0x30 /mnt/scratch/gnuarm/arm-none-eabi/lib//libc.a(lib_a-fputwc.o)
 .ARM.attributes
                0x0000094c       0x30 /mnt/scratch/gnuarm/arm-none-eabi/lib//libc.a(lib_a-fstatr.o)
 .ARM.attributes
                0x0000097c       0x30 /mnt/scratch/gnuarm/arm-none-eabi/lib//libc.a(lib_a-fvwrite.o)
 .ARM.attributes
                0x000009ac       0x30 /mnt/scratch/gnuarm/arm-none-eabi/lib//libc.a(lib_a-isattyr.o)
 .ARM.attributes
                0x000009dc       0x30 /mnt/scratch/gnuarm/arm-none-eabi/lib//libc.a(lib_a-lseekr.o)
 .ARM.attributes
                0x00000a0c       0x30 /mnt/scratch/gnuarm/arm-none-eabi/lib//libc.a(lib_a-memmove.o)
 .ARM.attributes
                0x00000a3c       0x30 /mnt/scratch/gnuarm/arm-none-eabi/lib//libc.a(lib_a-readr.o)
 .ARM.attributes
                0x00000a6c       0x30 /mnt/scratch/gnuarm/arm-none-eabi/lib//libc.a(lib_a-reallocr.o)
 .ARM.attributes
                0x00000a9c       0x30 /mnt/scratch/gnuarm/arm-none-eabi/lib//libc.a(lib_a-reent.o)
 .ARM.attributes
                0x00000acc       0x30 /mnt/scratch/gnuarm/arm-none-eabi/lib//libc.a(lib_a-wbuf.o)
 .ARM.attributes
                0x00000afc       0x30 /mnt/scratch/gnuarm/arm-none-eabi/lib//libc.a(lib_a-wcrtomb.o)
 .ARM.attributes
                0x00000b2c       0x30 /mnt/scratch/gnuarm/arm-none-eabi/lib//libc.a(lib_a-wctomb_r.o)
 .ARM.attributes
                0x00000b5c       0x18 /mnt/scratch/gnuarm/lib/gcc/arm-none-eabi/4.8.1/libgcc.a(_udivsi3.o)
 .ARM.attributes
                0x00000b74       0x18 /mnt/scratch/gnuarm/lib/gcc/arm-none-eabi/4.8.1/libgcc.a(_divsi3.o)
 .ARM.attributes
                0x00000b8c       0x18 /mnt/scratch/gnuarm/lib/gcc/arm-none-eabi/4.8.1/libgcc.a(_dvmd_tls.o)
 .ARM.attributes
                0x00000ba4       0x18 /mnt/scratch/gnuarm/lib/gcc/arm-none-eabi/4.8.1/libgcc.a(_arm_addsubdf3.o)
 .ARM.attributes
                0x00000bbc       0x18 /mnt/scratch/gnuarm/lib/gcc/arm-none-eabi/4.8.1/libgcc.a(_arm_muldivdf3.o)
 .ARM.attributes
                0x00000bd4       0x18 /mnt/scratch/gnuarm/lib/gcc/arm-none-eabi/4.8.1/libgcc.a(_arm_cmpdf2.o)
 .ARM.attributes
                0x00000bec       0x18 /mnt/scratch/gnuarm/lib/gcc/arm-none-eabi/4.8.1/libgcc.a(_arm_fixdfsi.o)

.comment        0x00000000       0x81
 .comment       0x00000000       0x70 src/raspi/calibrate.o
                                 0x71 (size before relaxing)
 .comment       0x00000000       0x71 src/raspi/cubePinMapping.o
 .comment       0x00000000       0x71 src/raspi/gpio.o
 .comment       0x00000000       0x71 src/raspi/integrate.o
 .comment       0x00000000       0x71 src/raspi/irq.o
 .comment       0x00000000       0x71 src/raspi/main.o
 .comment       0x00000000       0x71 src/raspi/main_readings.o
 .comment       0x00000000       0x71 src/raspi/maindebug.o
 .comment       0x00000000       0x71 src/raspi/mpu60x0.o
 .comment       0x00000000       0x71 src/raspi/mpu60x0regs.o
 .comment       0x00000000       0x71 src/raspi/spi.o
 .comment       0x00000000       0x71 src/raspi/support.o
 .comment       0x00000000       0x71 src/raspi/systimer.o
 .comment       0x00000000       0x71 src/raspi/uart.o
 .comment       0x00000070       0x11 /mnt/scratch/gnuarm/arm-none-eabi/lib//libc.a(lib_a-memcpy-stub.o)
                                 0x12 (size before relaxing)
 .comment       0x00000000       0x12 /mnt/scratch/gnuarm/arm-none-eabi/lib//libc.a(lib_a-memset.o)
 .comment       0x00000000       0x12 /mnt/scratch/gnuarm/arm-none-eabi/lib//libc.a(lib_a-printf.o)
 .comment       0x00000000       0x12 /mnt/scratch/gnuarm/arm-none-eabi/lib//libc.a(lib_a-sprintf.o)
 .comment       0x00000000       0x12 /mnt/scratch/gnuarm/arm-none-eabi/lib//libc.a(lib_a-svfprintf.o)
 .comment       0x00000000       0x12 /mnt/scratch/gnuarm/arm-none-eabi/lib//libc.a(lib_a-vfprintf.o)
 .comment       0x00000000       0x12 /mnt/scratch/gnuarm/arm-none-eabi/lib//libc.a(lib_a-wsetup.o)
 .comment       0x00000000       0x12 /mnt/scratch/gnuarm/arm-none-eabi/lib//libc.a(lib_a-dtoa.o)
 .comment       0x00000000       0x12 /mnt/scratch/gnuarm/arm-none-eabi/lib//libc.a(lib_a-fflush.o)
 .comment       0x00000000       0x12 /mnt/scratch/gnuarm/arm-none-eabi/lib//libc.a(lib_a-findfp.o)
 .comment       0x00000000       0x12 /mnt/scratch/gnuarm/arm-none-eabi/lib//libc.a(lib_a-freer.o)
 .comment       0x00000000       0x12 /mnt/scratch/gnuarm/arm-none-eabi/lib//libc.a(lib_a-fwalk.o)
 .comment       0x00000000       0x12 /mnt/scratch/gnuarm/arm-none-eabi/lib//libc.a(lib_a-impure.o)
 .comment       0x00000000       0x12 /mnt/scratch/gnuarm/arm-none-eabi/lib//libc.a(lib_a-locale.o)
 .comment       0x00000000       0x12 /mnt/scratch/gnuarm/arm-none-eabi/lib//libc.a(lib_a-makebuf.o)
 .comment       0x00000000       0x12 /mnt/scratch/gnuarm/arm-none-eabi/lib//libc.a(lib_a-mallocr.o)
 .comment       0x00000000       0x12 /mnt/scratch/gnuarm/arm-none-eabi/lib//libc.a(lib_a-memchr-stub.o)
 .comment       0x00000000       0x12 /mnt/scratch/gnuarm/arm-none-eabi/lib//libc.a(lib_a-mlock.o)
 .comment       0x00000000       0x12 /mnt/scratch/gnuarm/arm-none-eabi/lib//libc.a(lib_a-mprec.o)
 .comment       0x00000000       0x12 /mnt/scratch/gnuarm/arm-none-eabi/lib//libc.a(lib_a-s_fpclassify.o)
 .comment       0x00000000       0x12 /mnt/scratch/gnuarm/arm-none-eabi/lib//libc.a(lib_a-sbrkr.o)
 .comment       0x00000000       0x12 /mnt/scratch/gnuarm/arm-none-eabi/lib//libc.a(lib_a-stdio.o)
 .comment       0x00000000       0x12 /mnt/scratch/gnuarm/arm-none-eabi/lib//libc.a(lib_a-strlen.o)
 .comment       0x00000000       0x12 /mnt/scratch/gnuarm/arm-none-eabi/lib//libc.a(lib_a-svfiprintf.o)
 .comment       0x00000000       0x12 /mnt/scratch/gnuarm/arm-none-eabi/lib//libc.a(lib_a-syscalls.o)
 .comment       0x00000000       0x12 /mnt/scratch/gnuarm/arm-none-eabi/lib//libc.a(lib_a-vfiprintf.o)
 .comment       0x00000000       0x12 /mnt/scratch/gnuarm/arm-none-eabi/lib//libc.a(lib_a-writer.o)
 .comment       0x00000000       0x12 /mnt/scratch/gnuarm/arm-none-eabi/lib//libc.a(lib_a-callocr.o)
 .comment       0x00000000       0x12 /mnt/scratch/gnuarm/arm-none-eabi/lib//libc.a(lib_a-closer.o)
 .comment       0x00000000       0x12 /mnt/scratch/gnuarm/arm-none-eabi/lib//libc.a(lib_a-errno.o)
 .comment       0x00000000       0x12 /mnt/scratch/gnuarm/arm-none-eabi/lib//libc.a(lib_a-fclose.o)
 .comment       0x00000000       0x12 /mnt/scratch/gnuarm/arm-none-eabi/lib//libc.a(lib_a-fputwc.o)
 .comment       0x00000000       0x12 /mnt/scratch/gnuarm/arm-none-eabi/lib//libc.a(lib_a-fstatr.o)
 .comment       0x00000000       0x12 /mnt/scratch/gnuarm/arm-none-eabi/lib//libc.a(lib_a-fvwrite.o)
 .comment       0x00000000       0x12 /mnt/scratch/gnuarm/arm-none-eabi/lib//libc.a(lib_a-isattyr.o)
 .comment       0x00000000       0x12 /mnt/scratch/gnuarm/arm-none-eabi/lib//libc.a(lib_a-lseekr.o)
 .comment       0x00000000       0x12 /mnt/scratch/gnuarm/arm-none-eabi/lib//libc.a(lib_a-memmove.o)
 .comment       0x00000000       0x12 /mnt/scratch/gnuarm/arm-none-eabi/lib//libc.a(lib_a-readr.o)
 .comment       0x00000000       0x12 /mnt/scratch/gnuarm/arm-none-eabi/lib//libc.a(lib_a-reallocr.o)
 .comment       0x00000000       0x12 /mnt/scratch/gnuarm/arm-none-eabi/lib//libc.a(lib_a-reent.o)
 .comment       0x00000000       0x12 /mnt/scratch/gnuarm/arm-none-eabi/lib//libc.a(lib_a-wbuf.o)
 .comment       0x00000000       0x12 /mnt/scratch/gnuarm/arm-none-eabi/lib//libc.a(lib_a-wcrtomb.o)
 .comment       0x00000000       0x12 /mnt/scratch/gnuarm/arm-none-eabi/lib//libc.a(lib_a-wctomb_r.o)

.debug_line     0x00000000     0x79c1
 .debug_line    0x00000000       0x70 src/raspi/vectors.o
 .debug_line    0x00000070      0x133 src/raspi/calibrate.o
 .debug_line    0x000001a3       0x62 src/raspi/cubePinMapping.o
 .debug_line    0x00000205       0x7b src/raspi/gpio.o
 .debug_line    0x00000280       0x8a src/raspi/integrate.o
 .debug_line    0x0000030a      0x1a4 src/raspi/irq.o
 .debug_line    0x000004ae      0x222 src/raspi/main.o
 .debug_line    0x000006d0      0x248 src/raspi/main_readings.o
 .debug_line    0x00000918       0xad src/raspi/maindebug.o
 .debug_line    0x000009c5      0x22d src/raspi/mpu60x0.o
 .debug_line    0x00000bf2       0xbb src/raspi/mpu60x0regs.o
 .debug_line    0x00000cad      0x129 src/raspi/spi.o
 .debug_line    0x00000dd6       0x4e src/raspi/support.o
 .debug_line    0x00000e24       0x79 src/raspi/systimer.o
 .debug_line    0x00000e9d      0x1e5 src/raspi/uart.o
 .debug_line    0x00001082      0x137 /mnt/scratch/gnuarm/arm-none-eabi/lib//libc.a(lib_a-memcpy-stub.o)
 .debug_line    0x000011b9      0x122 /mnt/scratch/gnuarm/arm-none-eabi/lib//libc.a(lib_a-memset.o)
 .debug_line    0x000012db      0x172 /mnt/scratch/gnuarm/arm-none-eabi/lib//libc.a(lib_a-printf.o)
 .debug_line    0x0000144d      0x1ad /mnt/scratch/gnuarm/arm-none-eabi/lib//libc.a(lib_a-sprintf.o)
 .debug_line    0x000015fa      0x88f /mnt/scratch/gnuarm/arm-none-eabi/lib//libc.a(lib_a-svfprintf.o)
 .debug_line    0x00001e89      0x8df /mnt/scratch/gnuarm/arm-none-eabi/lib//libc.a(lib_a-vfprintf.o)
 .debug_line    0x00002768      0x1d3 /mnt/scratch/gnuarm/arm-none-eabi/lib//libc.a(lib_a-wsetup.o)
 .debug_line    0x0000293b      0x667 /mnt/scratch/gnuarm/arm-none-eabi/lib//libc.a(lib_a-dtoa.o)
 .debug_line    0x00002fa2      0x238 /mnt/scratch/gnuarm/arm-none-eabi/lib//libc.a(lib_a-fflush.o)
 .debug_line    0x000031da      0x25f /mnt/scratch/gnuarm/arm-none-eabi/lib//libc.a(lib_a-findfp.o)
 .debug_line    0x00003439      0x226 /mnt/scratch/gnuarm/arm-none-eabi/lib//libc.a(lib_a-freer.o)
 .debug_line    0x0000365f      0x1a4 /mnt/scratch/gnuarm/arm-none-eabi/lib//libc.a(lib_a-fwalk.o)
 .debug_line    0x00003803       0xf2 /mnt/scratch/gnuarm/arm-none-eabi/lib//libc.a(lib_a-impure.o)
 .debug_line    0x000038f5      0x192 /mnt/scratch/gnuarm/arm-none-eabi/lib//libc.a(lib_a-locale.o)
 .debug_line    0x00003a87      0x1e2 /mnt/scratch/gnuarm/arm-none-eabi/lib//libc.a(lib_a-makebuf.o)
 .debug_line    0x00003c69      0x349 /mnt/scratch/gnuarm/arm-none-eabi/lib//libc.a(lib_a-mallocr.o)
 .debug_line    0x00003fb2      0x133 /mnt/scratch/gnuarm/arm-none-eabi/lib//libc.a(lib_a-memchr-stub.o)
 .debug_line    0x000040e5      0x104 /mnt/scratch/gnuarm/arm-none-eabi/lib//libc.a(lib_a-mlock.o)
 .debug_line    0x000041e9      0x5b0 /mnt/scratch/gnuarm/arm-none-eabi/lib//libc.a(lib_a-mprec.o)
 .debug_line    0x00004799      0x11f /mnt/scratch/gnuarm/arm-none-eabi/lib//libc.a(lib_a-s_fpclassify.o)
 .debug_line    0x000048b8      0x15e /mnt/scratch/gnuarm/arm-none-eabi/lib//libc.a(lib_a-sbrkr.o)
 .debug_line    0x00004a16      0x17e /mnt/scratch/gnuarm/arm-none-eabi/lib//libc.a(lib_a-stdio.o)
 .debug_line    0x00004b94      0x104 /mnt/scratch/gnuarm/arm-none-eabi/lib//libc.a(lib_a-strcmp.o)
 .debug_line    0x00004c98       0xf3 /mnt/scratch/gnuarm/arm-none-eabi/lib//libc.a(lib_a-strlen.o)
 .debug_line    0x00004d8b      0x55e /mnt/scratch/gnuarm/arm-none-eabi/lib//libc.a(lib_a-svfiprintf.o)
 .debug_line    0x000052e9      0x130 /mnt/scratch/gnuarm/arm-none-eabi/lib//libc.a(lib_a-syscalls.o)
 .debug_line    0x00005419      0x60f /mnt/scratch/gnuarm/arm-none-eabi/lib//libc.a(lib_a-vfiprintf.o)
 .debug_line    0x00005a28      0x15c /mnt/scratch/gnuarm/arm-none-eabi/lib//libc.a(lib_a-writer.o)
 .debug_line    0x00005b84      0x12d /mnt/scratch/gnuarm/arm-none-eabi/lib//libc.a(lib_a-callocr.o)
 .debug_line    0x00005cb1      0x15c /mnt/scratch/gnuarm/arm-none-eabi/lib//libc.a(lib_a-closer.o)
 .debug_line    0x00005e0d      0x10d /mnt/scratch/gnuarm/arm-none-eabi/lib//libc.a(lib_a-errno.o)
 .debug_line    0x00005f1a      0x1ae /mnt/scratch/gnuarm/arm-none-eabi/lib//libc.a(lib_a-fclose.o)
 .debug_line    0x000060c8      0x1aa /mnt/scratch/gnuarm/arm-none-eabi/lib//libc.a(lib_a-fputwc.o)
 .debug_line    0x00006272      0x171 /mnt/scratch/gnuarm/arm-none-eabi/lib//libc.a(lib_a-fstatr.o)
 .debug_line    0x000063e3      0x28e /mnt/scratch/gnuarm/arm-none-eabi/lib//libc.a(lib_a-fvwrite.o)
 .debug_line    0x00006671      0x15d /mnt/scratch/gnuarm/arm-none-eabi/lib//libc.a(lib_a-isattyr.o)
 .debug_line    0x000067ce      0x15c /mnt/scratch/gnuarm/arm-none-eabi/lib//libc.a(lib_a-lseekr.o)
 .debug_line    0x0000692a      0x12e /mnt/scratch/gnuarm/arm-none-eabi/lib//libc.a(lib_a-memmove.o)
 .debug_line    0x00006a58      0x15b /mnt/scratch/gnuarm/arm-none-eabi/lib//libc.a(lib_a-readr.o)
 .debug_line    0x00006bb3      0x239 /mnt/scratch/gnuarm/arm-none-eabi/lib//libc.a(lib_a-reallocr.o)
 .debug_line    0x00006dec      0x18f /mnt/scratch/gnuarm/arm-none-eabi/lib//libc.a(lib_a-reent.o)
 .debug_line    0x00006f7b      0x1b6 /mnt/scratch/gnuarm/arm-none-eabi/lib//libc.a(lib_a-wbuf.o)
 .debug_line    0x00007131      0x18c /mnt/scratch/gnuarm/arm-none-eabi/lib//libc.a(lib_a-wcrtomb.o)
 .debug_line    0x000072bd      0x179 /mnt/scratch/gnuarm/arm-none-eabi/lib//libc.a(lib_a-wctomb_r.o)
 .debug_line    0x00007436       0x8a /mnt/scratch/gnuarm/lib/gcc/arm-none-eabi/4.8.1/libgcc.a(_udivsi3.o)
 .debug_line    0x000074c0       0x96 /mnt/scratch/gnuarm/lib/gcc/arm-none-eabi/4.8.1/libgcc.a(_divsi3.o)
 .debug_line    0x00007556       0x61 /mnt/scratch/gnuarm/lib/gcc/arm-none-eabi/4.8.1/libgcc.a(_dvmd_tls.o)
 .debug_line    0x000075b7      0x164 /mnt/scratch/gnuarm/lib/gcc/arm-none-eabi/4.8.1/libgcc.a(_arm_addsubdf3.o)
 .debug_line    0x0000771b      0x180 /mnt/scratch/gnuarm/lib/gcc/arm-none-eabi/4.8.1/libgcc.a(_arm_muldivdf3.o)
 .debug_line    0x0000789b       0xae /mnt/scratch/gnuarm/lib/gcc/arm-none-eabi/4.8.1/libgcc.a(_arm_cmpdf2.o)
 .debug_line    0x00007949       0x78 /mnt/scratch/gnuarm/lib/gcc/arm-none-eabi/4.8.1/libgcc.a(_arm_fixdfsi.o)

.debug_info     0x00000000    0x204e7
 .debug_info    0x00000000       0x63 src/raspi/vectors.o
 .debug_info    0x00000063      0x866 src/raspi/calibrate.o
 .debug_info    0x000008c9      0x304 src/raspi/cubePinMapping.o
 .debug_info    0x00000bcd      0x1a0 src/raspi/gpio.o
 .debug_info    0x00000d6d      0x2c0 src/raspi/integrate.o
 .debug_info    0x0000102d      0x4b9 src/raspi/irq.o
 .debug_info    0x000014e6      0x79f src/raspi/main.o
 .debug_info    0x00001c85      0x83e src/raspi/main_readings.o
 .debug_info    0x000024c3      0x427 src/raspi/maindebug.o
 .debug_info    0x000028ea      0x8f6 src/raspi/mpu60x0.o
 .debug_info    0x000031e0       0xd0 src/raspi/mpu60x0regs.o
 .debug_info    0x000032b0      0x492 src/raspi/spi.o
 .debug_info    0x00003742       0xe5 src/raspi/support.o
 .debug_info    0x00003827      0x2dc src/raspi/systimer.o
 .debug_info    0x00003b03      0x75a src/raspi/uart.o
 .debug_info    0x0000425d      0x131 /mnt/scratch/gnuarm/arm-none-eabi/lib//libc.a(lib_a-memcpy-stub.o)
 .debug_info    0x0000438e      0x117 /mnt/scratch/gnuarm/arm-none-eabi/lib//libc.a(lib_a-memset.o)
 .debug_info    0x000044a5      0x9ab /mnt/scratch/gnuarm/arm-none-eabi/lib//libc.a(lib_a-printf.o)
 .debug_info    0x00004e50      0x9ee /mnt/scratch/gnuarm/arm-none-eabi/lib//libc.a(lib_a-sprintf.o)
 .debug_info    0x0000583e     0x1679 /mnt/scratch/gnuarm/arm-none-eabi/lib//libc.a(lib_a-svfprintf.o)
 .debug_info    0x00006eb7     0x1803 /mnt/scratch/gnuarm/arm-none-eabi/lib//libc.a(lib_a-vfprintf.o)
 .debug_info    0x000086ba      0x922 /mnt/scratch/gnuarm/arm-none-eabi/lib//libc.a(lib_a-wsetup.o)
 .debug_info    0x00008fdc     0x132a /mnt/scratch/gnuarm/arm-none-eabi/lib//libc.a(lib_a-dtoa.o)
 .debug_info    0x0000a306      0xa93 /mnt/scratch/gnuarm/arm-none-eabi/lib//libc.a(lib_a-fflush.o)
 .debug_info    0x0000ad99      0xd15 /mnt/scratch/gnuarm/arm-none-eabi/lib//libc.a(lib_a-findfp.o)
 .debug_info    0x0000baae      0xc06 /mnt/scratch/gnuarm/arm-none-eabi/lib//libc.a(lib_a-freer.o)
 .debug_info    0x0000c6b4      0x99e /mnt/scratch/gnuarm/arm-none-eabi/lib//libc.a(lib_a-fwalk.o)
 .debug_info    0x0000d052      0x894 /mnt/scratch/gnuarm/arm-none-eabi/lib//libc.a(lib_a-impure.o)
 .debug_info    0x0000d8e6      0xbe5 /mnt/scratch/gnuarm/arm-none-eabi/lib//libc.a(lib_a-locale.o)
 .debug_info    0x0000e4cb      0xae6 /mnt/scratch/gnuarm/arm-none-eabi/lib//libc.a(lib_a-makebuf.o)
 .debug_info    0x0000efb1      0xd81 /mnt/scratch/gnuarm/arm-none-eabi/lib//libc.a(lib_a-mallocr.o)
 .debug_info    0x0000fd32      0x129 /mnt/scratch/gnuarm/arm-none-eabi/lib//libc.a(lib_a-memchr-stub.o)
 .debug_info    0x0000fe5b      0x8b4 /mnt/scratch/gnuarm/arm-none-eabi/lib//libc.a(lib_a-mlock.o)
 .debug_info    0x0001070f     0x1682 /mnt/scratch/gnuarm/arm-none-eabi/lib//libc.a(lib_a-mprec.o)
 .debug_info    0x00011d91       0xdb /mnt/scratch/gnuarm/arm-none-eabi/lib//libc.a(lib_a-s_fpclassify.o)
 .debug_info    0x00011e6c      0x8f4 /mnt/scratch/gnuarm/arm-none-eabi/lib//libc.a(lib_a-sbrkr.o)
 .debug_info    0x00012760      0xb7e /mnt/scratch/gnuarm/arm-none-eabi/lib//libc.a(lib_a-stdio.o)
 .debug_info    0x000132de       0xb8 /mnt/scratch/gnuarm/arm-none-eabi/lib//libc.a(lib_a-strcmp.o)
 .debug_info    0x00013396       0xb5 /mnt/scratch/gnuarm/arm-none-eabi/lib//libc.a(lib_a-strlen.o)
 .debug_info    0x0001344b      0xffc /mnt/scratch/gnuarm/arm-none-eabi/lib//libc.a(lib_a-svfiprintf.o)
 .debug_info    0x00014447      0x69c /mnt/scratch/gnuarm/arm-none-eabi/lib//libc.a(lib_a-syscalls.o)
 .debug_info    0x00014ae3     0x1513 /mnt/scratch/gnuarm/arm-none-eabi/lib//libc.a(lib_a-vfiprintf.o)
 .debug_info    0x00015ff6      0x929 /mnt/scratch/gnuarm/arm-none-eabi/lib//libc.a(lib_a-writer.o)
 .debug_info    0x0001691f      0x9e0 /mnt/scratch/gnuarm/arm-none-eabi/lib//libc.a(lib_a-callocr.o)
 .debug_info    0x000172ff      0x8e0 /mnt/scratch/gnuarm/arm-none-eabi/lib//libc.a(lib_a-closer.o)
 .debug_info    0x00017bdf      0x889 /mnt/scratch/gnuarm/arm-none-eabi/lib//libc.a(lib_a-errno.o)
 .debug_info    0x00018468      0x9c6 /mnt/scratch/gnuarm/arm-none-eabi/lib//libc.a(lib_a-fclose.o)
 .debug_info    0x00018e2e      0xab4 /mnt/scratch/gnuarm/arm-none-eabi/lib//libc.a(lib_a-fputwc.o)
 .debug_info    0x000198e2      0xa5e /mnt/scratch/gnuarm/arm-none-eabi/lib//libc.a(lib_a-fstatr.o)
 .debug_info    0x0001a340      0xc65 /mnt/scratch/gnuarm/arm-none-eabi/lib//libc.a(lib_a-fvwrite.o)
 .debug_info    0x0001afa5      0x8e0 /mnt/scratch/gnuarm/arm-none-eabi/lib//libc.a(lib_a-isattyr.o)
 .debug_info    0x0001b885      0x90c /mnt/scratch/gnuarm/arm-none-eabi/lib//libc.a(lib_a-lseekr.o)
 .debug_info    0x0001c191      0x131 /mnt/scratch/gnuarm/arm-none-eabi/lib//libc.a(lib_a-memmove.o)
 .debug_info    0x0001c2c2      0x922 /mnt/scratch/gnuarm/arm-none-eabi/lib//libc.a(lib_a-readr.o)
 .debug_info    0x0001cbe4      0xcd4 /mnt/scratch/gnuarm/arm-none-eabi/lib//libc.a(lib_a-reallocr.o)
 .debug_info    0x0001d8b8      0xa44 /mnt/scratch/gnuarm/arm-none-eabi/lib//libc.a(lib_a-reent.o)
 .debug_info    0x0001e2fc      0x9b7 /mnt/scratch/gnuarm/arm-none-eabi/lib//libc.a(lib_a-wbuf.o)
 .debug_info    0x0001ecb3      0xa68 /mnt/scratch/gnuarm/arm-none-eabi/lib//libc.a(lib_a-wcrtomb.o)
 .debug_info    0x0001f71b      0x9b5 /mnt/scratch/gnuarm/arm-none-eabi/lib//libc.a(lib_a-wctomb_r.o)
 .debug_info    0x000200d0       0x95 /mnt/scratch/gnuarm/lib/gcc/arm-none-eabi/4.8.1/libgcc.a(_udivsi3.o)
 .debug_info    0x00020165       0x95 /mnt/scratch/gnuarm/lib/gcc/arm-none-eabi/4.8.1/libgcc.a(_divsi3.o)
 .debug_info    0x000201fa       0x95 /mnt/scratch/gnuarm/lib/gcc/arm-none-eabi/4.8.1/libgcc.a(_dvmd_tls.o)
 .debug_info    0x0002028f       0x96 /mnt/scratch/gnuarm/lib/gcc/arm-none-eabi/4.8.1/libgcc.a(_arm_addsubdf3.o)
 .debug_info    0x00020325       0x96 /mnt/scratch/gnuarm/lib/gcc/arm-none-eabi/4.8.1/libgcc.a(_arm_muldivdf3.o)
 .debug_info    0x000203bb       0x96 /mnt/scratch/gnuarm/lib/gcc/arm-none-eabi/4.8.1/libgcc.a(_arm_cmpdf2.o)
 .debug_info    0x00020451       0x96 /mnt/scratch/gnuarm/lib/gcc/arm-none-eabi/4.8.1/libgcc.a(_arm_fixdfsi.o)

.debug_abbrev   0x00000000     0x6fa1
 .debug_abbrev  0x00000000       0x14 src/raspi/vectors.o
 .debug_abbrev  0x00000014      0x228 src/raspi/calibrate.o
 .debug_abbrev  0x0000023c       0xe5 src/raspi/cubePinMapping.o
 .debug_abbrev  0x00000321       0xe2 src/raspi/gpio.o
 .debug_abbrev  0x00000403      0x12f src/raspi/integrate.o
 .debug_abbrev  0x00000532      0x1ad src/raspi/irq.o
 .debug_abbrev  0x000006df      0x230 src/raspi/main.o
 .debug_abbrev  0x0000090f      0x1ff src/raspi/main_readings.o
 .debug_abbrev  0x00000b0e      0x19e src/raspi/maindebug.o
 .debug_abbrev  0x00000cac      0x1cd src/raspi/mpu60x0.o
 .debug_abbrev  0x00000e79       0x5d src/raspi/mpu60x0regs.o
 .debug_abbrev  0x00000ed6      0x151 src/raspi/spi.o
 .debug_abbrev  0x00001027       0xd5 src/raspi/support.o
 .debug_abbrev  0x000010fc      0x1c2 src/raspi/systimer.o
 .debug_abbrev  0x000012be      0x20d src/raspi/uart.o
 .debug_abbrev  0x000014cb       0xab /mnt/scratch/gnuarm/arm-none-eabi/lib//libc.a(lib_a-memcpy-stub.o)
 .debug_abbrev  0x00001576       0x9f /mnt/scratch/gnuarm/arm-none-eabi/lib//libc.a(lib_a-memset.o)
 .debug_abbrev  0x00001615      0x227 /mnt/scratch/gnuarm/arm-none-eabi/lib//libc.a(lib_a-printf.o)
 .debug_abbrev  0x0000183c      0x218 /mnt/scratch/gnuarm/arm-none-eabi/lib//libc.a(lib_a-sprintf.o)
 .debug_abbrev  0x00001a54      0x36f /mnt/scratch/gnuarm/arm-none-eabi/lib//libc.a(lib_a-svfprintf.o)
 .debug_abbrev  0x00001dc3      0x3e0 /mnt/scratch/gnuarm/arm-none-eabi/lib//libc.a(lib_a-vfprintf.o)
 .debug_abbrev  0x000021a3      0x1f3 /mnt/scratch/gnuarm/arm-none-eabi/lib//libc.a(lib_a-wsetup.o)
 .debug_abbrev  0x00002396      0x2dc /mnt/scratch/gnuarm/arm-none-eabi/lib//libc.a(lib_a-dtoa.o)
 .debug_abbrev  0x00002672      0x27f /mnt/scratch/gnuarm/arm-none-eabi/lib//libc.a(lib_a-fflush.o)
 .debug_abbrev  0x000028f1      0x348 /mnt/scratch/gnuarm/arm-none-eabi/lib//libc.a(lib_a-findfp.o)
 .debug_abbrev  0x00002c39      0x26b /mnt/scratch/gnuarm/arm-none-eabi/lib//libc.a(lib_a-freer.o)
 .debug_abbrev  0x00002ea4      0x1c2 /mnt/scratch/gnuarm/arm-none-eabi/lib//libc.a(lib_a-fwalk.o)
 .debug_abbrev  0x00003066      0x180 /mnt/scratch/gnuarm/arm-none-eabi/lib//libc.a(lib_a-impure.o)
 .debug_abbrev  0x000031e6      0x2a3 /mnt/scratch/gnuarm/arm-none-eabi/lib//libc.a(lib_a-locale.o)
 .debug_abbrev  0x00003489      0x206 /mnt/scratch/gnuarm/arm-none-eabi/lib//libc.a(lib_a-makebuf.o)
 .debug_abbrev  0x0000368f      0x2a2 /mnt/scratch/gnuarm/arm-none-eabi/lib//libc.a(lib_a-mallocr.o)
 .debug_abbrev  0x00003931       0xba /mnt/scratch/gnuarm/arm-none-eabi/lib//libc.a(lib_a-memchr-stub.o)
 .debug_abbrev  0x000039eb      0x19a /mnt/scratch/gnuarm/arm-none-eabi/lib//libc.a(lib_a-mlock.o)
 .debug_abbrev  0x00003b85      0x3aa /mnt/scratch/gnuarm/arm-none-eabi/lib//libc.a(lib_a-mprec.o)
 .debug_abbrev  0x00003f2f       0x6f /mnt/scratch/gnuarm/arm-none-eabi/lib//libc.a(lib_a-s_fpclassify.o)
 .debug_abbrev  0x00003f9e      0x1fd /mnt/scratch/gnuarm/arm-none-eabi/lib//libc.a(lib_a-sbrkr.o)
 .debug_abbrev  0x0000419b      0x22b /mnt/scratch/gnuarm/arm-none-eabi/lib//libc.a(lib_a-stdio.o)
 .debug_abbrev  0x000043c6       0x14 /mnt/scratch/gnuarm/arm-none-eabi/lib//libc.a(lib_a-strcmp.o)
 .debug_abbrev  0x000043da       0x70 /mnt/scratch/gnuarm/arm-none-eabi/lib//libc.a(lib_a-strlen.o)
 .debug_abbrev  0x0000444a      0x2f2 /mnt/scratch/gnuarm/arm-none-eabi/lib//libc.a(lib_a-svfiprintf.o)
 .debug_abbrev  0x0000473c      0x1a3 /mnt/scratch/gnuarm/arm-none-eabi/lib//libc.a(lib_a-syscalls.o)
 .debug_abbrev  0x000048df      0x3ad /mnt/scratch/gnuarm/arm-none-eabi/lib//libc.a(lib_a-vfiprintf.o)
 .debug_abbrev  0x00004c8c      0x1f4 /mnt/scratch/gnuarm/arm-none-eabi/lib//libc.a(lib_a-writer.o)
 .debug_abbrev  0x00004e80      0x213 /mnt/scratch/gnuarm/arm-none-eabi/lib//libc.a(lib_a-callocr.o)
 .debug_abbrev  0x00005093      0x1ef /mnt/scratch/gnuarm/arm-none-eabi/lib//libc.a(lib_a-closer.o)
 .debug_abbrev  0x00005282      0x18f /mnt/scratch/gnuarm/arm-none-eabi/lib//libc.a(lib_a-errno.o)
 .debug_abbrev  0x00005411      0x26c /mnt/scratch/gnuarm/arm-none-eabi/lib//libc.a(lib_a-fclose.o)
 .debug_abbrev  0x0000567d      0x299 /mnt/scratch/gnuarm/arm-none-eabi/lib//libc.a(lib_a-fputwc.o)
 .debug_abbrev  0x00005916      0x1fe /mnt/scratch/gnuarm/arm-none-eabi/lib//libc.a(lib_a-fstatr.o)
 .debug_abbrev  0x00005b14      0x247 /mnt/scratch/gnuarm/arm-none-eabi/lib//libc.a(lib_a-fvwrite.o)
 .debug_abbrev  0x00005d5b      0x1ef /mnt/scratch/gnuarm/arm-none-eabi/lib//libc.a(lib_a-isattyr.o)
 .debug_abbrev  0x00005f4a      0x1fe /mnt/scratch/gnuarm/arm-none-eabi/lib//libc.a(lib_a-lseekr.o)
 .debug_abbrev  0x00006148       0xab /mnt/scratch/gnuarm/arm-none-eabi/lib//libc.a(lib_a-memmove.o)
 .debug_abbrev  0x000061f3      0x1ef /mnt/scratch/gnuarm/arm-none-eabi/lib//libc.a(lib_a-readr.o)
 .debug_abbrev  0x000063e2      0x25b /mnt/scratch/gnuarm/arm-none-eabi/lib//libc.a(lib_a-reallocr.o)
 .debug_abbrev  0x0000663d      0x27b /mnt/scratch/gnuarm/arm-none-eabi/lib//libc.a(lib_a-reent.o)
 .debug_abbrev  0x000068b8      0x238 /mnt/scratch/gnuarm/arm-none-eabi/lib//libc.a(lib_a-wbuf.o)
 .debug_abbrev  0x00006af0      0x213 /mnt/scratch/gnuarm/arm-none-eabi/lib//libc.a(lib_a-wcrtomb.o)
 .debug_abbrev  0x00006d03      0x212 /mnt/scratch/gnuarm/arm-none-eabi/lib//libc.a(lib_a-wctomb_r.o)
 .debug_abbrev  0x00006f15       0x14 /mnt/scratch/gnuarm/lib/gcc/arm-none-eabi/4.8.1/libgcc.a(_udivsi3.o)
 .debug_abbrev  0x00006f29       0x14 /mnt/scratch/gnuarm/lib/gcc/arm-none-eabi/4.8.1/libgcc.a(_divsi3.o)
 .debug_abbrev  0x00006f3d       0x14 /mnt/scratch/gnuarm/lib/gcc/arm-none-eabi/4.8.1/libgcc.a(_dvmd_tls.o)
 .debug_abbrev  0x00006f51       0x14 /mnt/scratch/gnuarm/lib/gcc/arm-none-eabi/4.8.1/libgcc.a(_arm_addsubdf3.o)
 .debug_abbrev  0x00006f65       0x14 /mnt/scratch/gnuarm/lib/gcc/arm-none-eabi/4.8.1/libgcc.a(_arm_muldivdf3.o)
 .debug_abbrev  0x00006f79       0x14 /mnt/scratch/gnuarm/lib/gcc/arm-none-eabi/4.8.1/libgcc.a(_arm_cmpdf2.o)
 .debug_abbrev  0x00006f8d       0x14 /mnt/scratch/gnuarm/lib/gcc/arm-none-eabi/4.8.1/libgcc.a(_arm_fixdfsi.o)

.debug_aranges  0x00000000      0x830
 .debug_aranges
                0x00000000       0x20 src/raspi/vectors.o
 .debug_aranges
                0x00000020       0x20 src/raspi/calibrate.o
 .debug_aranges
                0x00000040       0x20 src/raspi/cubePinMapping.o
 .debug_aranges
                0x00000060       0x20 src/raspi/gpio.o
 .debug_aranges
                0x00000080       0x20 src/raspi/integrate.o
 .debug_aranges
                0x000000a0       0x20 src/raspi/irq.o
 .debug_aranges
                0x000000c0       0x20 src/raspi/main.o
 .debug_aranges
                0x000000e0       0x20 src/raspi/main_readings.o
 .debug_aranges
                0x00000100       0x20 src/raspi/maindebug.o
 .debug_aranges
                0x00000120       0x20 src/raspi/mpu60x0.o
 .debug_aranges
                0x00000140       0x18 src/raspi/mpu60x0regs.o
 .debug_aranges
                0x00000158       0x20 src/raspi/spi.o
 .debug_aranges
                0x00000178       0x20 src/raspi/support.o
 .debug_aranges
                0x00000198       0x20 src/raspi/systimer.o
 .debug_aranges
                0x000001b8       0x20 src/raspi/uart.o
 .debug_aranges
                0x000001d8       0x20 /mnt/scratch/gnuarm/arm-none-eabi/lib//libc.a(lib_a-memcpy-stub.o)
 .debug_aranges
                0x000001f8       0x20 /mnt/scratch/gnuarm/arm-none-eabi/lib//libc.a(lib_a-memset.o)
 .debug_aranges
                0x00000218       0x20 /mnt/scratch/gnuarm/arm-none-eabi/lib//libc.a(lib_a-printf.o)
 .debug_aranges
                0x00000238       0x20 /mnt/scratch/gnuarm/arm-none-eabi/lib//libc.a(lib_a-sprintf.o)
 .debug_aranges
                0x00000258       0x20 /mnt/scratch/gnuarm/arm-none-eabi/lib//libc.a(lib_a-svfprintf.o)
 .debug_aranges
                0x00000278       0x20 /mnt/scratch/gnuarm/arm-none-eabi/lib//libc.a(lib_a-vfprintf.o)
 .debug_aranges
                0x00000298       0x20 /mnt/scratch/gnuarm/arm-none-eabi/lib//libc.a(lib_a-wsetup.o)
 .debug_aranges
                0x000002b8       0x20 /mnt/scratch/gnuarm/arm-none-eabi/lib//libc.a(lib_a-dtoa.o)
 .debug_aranges
                0x000002d8       0x20 /mnt/scratch/gnuarm/arm-none-eabi/lib//libc.a(lib_a-fflush.o)
 .debug_aranges
                0x000002f8       0x20 /mnt/scratch/gnuarm/arm-none-eabi/lib//libc.a(lib_a-findfp.o)
 .debug_aranges
                0x00000318       0x20 /mnt/scratch/gnuarm/arm-none-eabi/lib//libc.a(lib_a-freer.o)
 .debug_aranges
                0x00000338       0x20 /mnt/scratch/gnuarm/arm-none-eabi/lib//libc.a(lib_a-fwalk.o)
 .debug_aranges
                0x00000358       0x18 /mnt/scratch/gnuarm/arm-none-eabi/lib//libc.a(lib_a-impure.o)
 .debug_aranges
                0x00000370       0x20 /mnt/scratch/gnuarm/arm-none-eabi/lib//libc.a(lib_a-locale.o)
 .debug_aranges
                0x00000390       0x20 /mnt/scratch/gnuarm/arm-none-eabi/lib//libc.a(lib_a-makebuf.o)
 .debug_aranges
                0x000003b0       0x20 /mnt/scratch/gnuarm/arm-none-eabi/lib//libc.a(lib_a-mallocr.o)
 .debug_aranges
                0x000003d0       0x20 /mnt/scratch/gnuarm/arm-none-eabi/lib//libc.a(lib_a-memchr-stub.o)
 .debug_aranges
                0x000003f0       0x20 /mnt/scratch/gnuarm/arm-none-eabi/lib//libc.a(lib_a-mlock.o)
 .debug_aranges
                0x00000410       0x20 /mnt/scratch/gnuarm/arm-none-eabi/lib//libc.a(lib_a-mprec.o)
 .debug_aranges
                0x00000430       0x20 /mnt/scratch/gnuarm/arm-none-eabi/lib//libc.a(lib_a-s_fpclassify.o)
 .debug_aranges
                0x00000450       0x20 /mnt/scratch/gnuarm/arm-none-eabi/lib//libc.a(lib_a-sbrkr.o)
 .debug_aranges
                0x00000470       0x20 /mnt/scratch/gnuarm/arm-none-eabi/lib//libc.a(lib_a-stdio.o)
 .debug_aranges
                0x00000490       0x20 /mnt/scratch/gnuarm/arm-none-eabi/lib//libc.a(lib_a-strcmp.o)
 .debug_aranges
                0x000004b0       0x20 /mnt/scratch/gnuarm/arm-none-eabi/lib//libc.a(lib_a-strlen.o)
 .debug_aranges
                0x000004d0       0x20 /mnt/scratch/gnuarm/arm-none-eabi/lib//libc.a(lib_a-svfiprintf.o)
 .debug_aranges
                0x000004f0       0x20 /mnt/scratch/gnuarm/arm-none-eabi/lib//libc.a(lib_a-syscalls.o)
 .debug_aranges
                0x00000510       0x20 /mnt/scratch/gnuarm/arm-none-eabi/lib//libc.a(lib_a-vfiprintf.o)
 .debug_aranges
                0x00000530       0x20 /mnt/scratch/gnuarm/arm-none-eabi/lib//libc.a(lib_a-writer.o)
 .debug_aranges
                0x00000550       0x20 /mnt/scratch/gnuarm/arm-none-eabi/lib//libc.a(lib_a-callocr.o)
 .debug_aranges
                0x00000570       0x20 /mnt/scratch/gnuarm/arm-none-eabi/lib//libc.a(lib_a-closer.o)
 .debug_aranges
                0x00000590       0x20 /mnt/scratch/gnuarm/arm-none-eabi/lib//libc.a(lib_a-errno.o)
 .debug_aranges
                0x000005b0       0x20 /mnt/scratch/gnuarm/arm-none-eabi/lib//libc.a(lib_a-fclose.o)
 .debug_aranges
                0x000005d0       0x20 /mnt/scratch/gnuarm/arm-none-eabi/lib//libc.a(lib_a-fputwc.o)
 .debug_aranges
                0x000005f0       0x20 /mnt/scratch/gnuarm/arm-none-eabi/lib//libc.a(lib_a-fstatr.o)
 .debug_aranges
                0x00000610       0x20 /mnt/scratch/gnuarm/arm-none-eabi/lib//libc.a(lib_a-fvwrite.o)
 .debug_aranges
                0x00000630       0x20 /mnt/scratch/gnuarm/arm-none-eabi/lib//libc.a(lib_a-isattyr.o)
 .debug_aranges
                0x00000650       0x20 /mnt/scratch/gnuarm/arm-none-eabi/lib//libc.a(lib_a-lseekr.o)
 .debug_aranges
                0x00000670       0x20 /mnt/scratch/gnuarm/arm-none-eabi/lib//libc.a(lib_a-memmove.o)
 .debug_aranges
                0x00000690       0x20 /mnt/scratch/gnuarm/arm-none-eabi/lib//libc.a(lib_a-readr.o)
 .debug_aranges
                0x000006b0       0x20 /mnt/scratch/gnuarm/arm-none-eabi/lib//libc.a(lib_a-reallocr.o)
 .debug_aranges
                0x000006d0       0x20 /mnt/scratch/gnuarm/arm-none-eabi/lib//libc.a(lib_a-reent.o)
 .debug_aranges
                0x000006f0       0x20 /mnt/scratch/gnuarm/arm-none-eabi/lib//libc.a(lib_a-wbuf.o)
 .debug_aranges
                0x00000710       0x20 /mnt/scratch/gnuarm/arm-none-eabi/lib//libc.a(lib_a-wcrtomb.o)
 .debug_aranges
                0x00000730       0x20 /mnt/scratch/gnuarm/arm-none-eabi/lib//libc.a(lib_a-wctomb_r.o)
 .debug_aranges
                0x00000750       0x20 /mnt/scratch/gnuarm/lib/gcc/arm-none-eabi/4.8.1/libgcc.a(_udivsi3.o)
 .debug_aranges
                0x00000770       0x20 /mnt/scratch/gnuarm/lib/gcc/arm-none-eabi/4.8.1/libgcc.a(_divsi3.o)
 .debug_aranges
                0x00000790       0x20 /mnt/scratch/gnuarm/lib/gcc/arm-none-eabi/4.8.1/libgcc.a(_dvmd_tls.o)
 .debug_aranges
                0x000007b0       0x20 /mnt/scratch/gnuarm/lib/gcc/arm-none-eabi/4.8.1/libgcc.a(_arm_addsubdf3.o)
 .debug_aranges
                0x000007d0       0x20 /mnt/scratch/gnuarm/lib/gcc/arm-none-eabi/4.8.1/libgcc.a(_arm_muldivdf3.o)
 .debug_aranges
                0x000007f0       0x20 /mnt/scratch/gnuarm/lib/gcc/arm-none-eabi/4.8.1/libgcc.a(_arm_cmpdf2.o)
 .debug_aranges
                0x00000810       0x20 /mnt/scratch/gnuarm/lib/gcc/arm-none-eabi/4.8.1/libgcc.a(_arm_fixdfsi.o)

.debug_loc      0x00000000    0x13729
 .debug_loc     0x00000000      0x316 src/raspi/calibrate.o
 .debug_loc     0x00000316       0x20 src/raspi/cubePinMapping.o
 .debug_loc     0x00000336      0x189 src/raspi/gpio.o
 .debug_loc     0x000004bf      0x28d src/raspi/integrate.o
 .debug_loc     0x0000074c      0x2d4 src/raspi/irq.o
 .debug_loc     0x00000a20       0xf2 src/raspi/main.o
 .debug_loc     0x00000b12      0x337 src/raspi/main_readings.o
 .debug_loc     0x00000e49       0x81 src/raspi/maindebug.o
 .debug_loc     0x00000eca      0x5bf src/raspi/mpu60x0.o
 .debug_loc     0x00001489      0x290 src/raspi/spi.o
 .debug_loc     0x00001719       0x95 src/raspi/support.o
 .debug_loc     0x000017ae      0x14a src/raspi/systimer.o
 .debug_loc     0x000018f8      0x37c src/raspi/uart.o
 .debug_loc     0x00001c74      0x1c1 /mnt/scratch/gnuarm/arm-none-eabi/lib//libc.a(lib_a-memcpy-stub.o)
 .debug_loc     0x00001e35      0x175 /mnt/scratch/gnuarm/arm-none-eabi/lib//libc.a(lib_a-memset.o)
 .debug_loc     0x00001faa       0x34 /mnt/scratch/gnuarm/arm-none-eabi/lib//libc.a(lib_a-printf.o)
 .debug_loc     0x00001fde       0x79 /mnt/scratch/gnuarm/arm-none-eabi/lib//libc.a(lib_a-sprintf.o)
 .debug_loc     0x00002057     0x219d /mnt/scratch/gnuarm/arm-none-eabi/lib//libc.a(lib_a-svfprintf.o)
 .debug_loc     0x000041f4     0x227c /mnt/scratch/gnuarm/arm-none-eabi/lib//libc.a(lib_a-vfprintf.o)
 .debug_loc     0x00006470       0xb6 /mnt/scratch/gnuarm/arm-none-eabi/lib//libc.a(lib_a-wsetup.o)
 .debug_loc     0x00006526     0x3000 /mnt/scratch/gnuarm/arm-none-eabi/lib//libc.a(lib_a-dtoa.o)
 .debug_loc     0x00009526      0x303 /mnt/scratch/gnuarm/arm-none-eabi/lib//libc.a(lib_a-fflush.o)
 .debug_loc     0x00009829      0x2dd /mnt/scratch/gnuarm/arm-none-eabi/lib//libc.a(lib_a-findfp.o)
 .debug_loc     0x00009b06      0x3fc /mnt/scratch/gnuarm/arm-none-eabi/lib//libc.a(lib_a-freer.o)
 .debug_loc     0x00009f02      0x284 /mnt/scratch/gnuarm/arm-none-eabi/lib//libc.a(lib_a-fwalk.o)
 .debug_loc     0x0000a186      0x100 /mnt/scratch/gnuarm/arm-none-eabi/lib//libc.a(lib_a-locale.o)
 .debug_loc     0x0000a286      0x170 /mnt/scratch/gnuarm/arm-none-eabi/lib//libc.a(lib_a-makebuf.o)
 .debug_loc     0x0000a3f6      0xcee /mnt/scratch/gnuarm/arm-none-eabi/lib//libc.a(lib_a-mallocr.o)
 .debug_loc     0x0000b0e4      0x15a /mnt/scratch/gnuarm/arm-none-eabi/lib//libc.a(lib_a-memchr-stub.o)
 .debug_loc     0x0000b23e     0x2890 /mnt/scratch/gnuarm/arm-none-eabi/lib//libc.a(lib_a-mprec.o)
 .debug_loc     0x0000dace       0x84 /mnt/scratch/gnuarm/arm-none-eabi/lib//libc.a(lib_a-s_fpclassify.o)
 .debug_loc     0x0000db52       0x66 /mnt/scratch/gnuarm/arm-none-eabi/lib//libc.a(lib_a-sbrkr.o)
 .debug_loc     0x0000dbb8      0x2b5 /mnt/scratch/gnuarm/arm-none-eabi/lib//libc.a(lib_a-stdio.o)
 .debug_loc     0x0000de6d       0x21 /mnt/scratch/gnuarm/arm-none-eabi/lib//libc.a(lib_a-strlen.o)
 .debug_loc     0x0000de8e     0x1221 /mnt/scratch/gnuarm/arm-none-eabi/lib//libc.a(lib_a-svfiprintf.o)
 .debug_loc     0x0000f0af      0x2bb /mnt/scratch/gnuarm/arm-none-eabi/lib//libc.a(lib_a-syscalls.o)
 .debug_loc     0x0000f36a     0x1c58 /mnt/scratch/gnuarm/arm-none-eabi/lib//libc.a(lib_a-vfiprintf.o)
 .debug_loc     0x00010fc2       0xa5 /mnt/scratch/gnuarm/arm-none-eabi/lib//libc.a(lib_a-writer.o)
 .debug_loc     0x00011067      0x20c /mnt/scratch/gnuarm/arm-none-eabi/lib//libc.a(lib_a-callocr.o)
 .debug_loc     0x00011273       0x4d /mnt/scratch/gnuarm/arm-none-eabi/lib//libc.a(lib_a-closer.o)
 .debug_loc     0x000112c0      0x116 /mnt/scratch/gnuarm/arm-none-eabi/lib//libc.a(lib_a-fclose.o)
 .debug_loc     0x000113d6      0x344 /mnt/scratch/gnuarm/arm-none-eabi/lib//libc.a(lib_a-fputwc.o)
 .debug_loc     0x0001171a       0x79 /mnt/scratch/gnuarm/arm-none-eabi/lib//libc.a(lib_a-fstatr.o)
 .debug_loc     0x00011793      0x630 /mnt/scratch/gnuarm/arm-none-eabi/lib//libc.a(lib_a-fvwrite.o)
 .debug_loc     0x00011dc3       0x4d /mnt/scratch/gnuarm/arm-none-eabi/lib//libc.a(lib_a-isattyr.o)
 .debug_loc     0x00011e10       0xa5 /mnt/scratch/gnuarm/arm-none-eabi/lib//libc.a(lib_a-lseekr.o)
 .debug_loc     0x00011eb5      0x2b0 /mnt/scratch/gnuarm/arm-none-eabi/lib//libc.a(lib_a-memmove.o)
 .debug_loc     0x00012165       0xa5 /mnt/scratch/gnuarm/arm-none-eabi/lib//libc.a(lib_a-readr.o)
 .debug_loc     0x0001220a      0xed3 /mnt/scratch/gnuarm/arm-none-eabi/lib//libc.a(lib_a-reallocr.o)
 .debug_loc     0x000130dd      0x1a7 /mnt/scratch/gnuarm/arm-none-eabi/lib//libc.a(lib_a-reent.o)
 .debug_loc     0x00013284      0x15a /mnt/scratch/gnuarm/arm-none-eabi/lib//libc.a(lib_a-wbuf.o)
 .debug_loc     0x000133de      0x235 /mnt/scratch/gnuarm/arm-none-eabi/lib//libc.a(lib_a-wcrtomb.o)
 .debug_loc     0x00013613      0x116 /mnt/scratch/gnuarm/arm-none-eabi/lib//libc.a(lib_a-wctomb_r.o)

.debug_ranges   0x00000000      0x870
 .debug_ranges  0x00000000       0x78 src/raspi/calibrate.o
 .debug_ranges  0x00000078       0x30 src/raspi/integrate.o
 .debug_ranges  0x000000a8       0x30 src/raspi/irq.o
 .debug_ranges  0x000000d8       0xc8 src/raspi/main_readings.o
 .debug_ranges  0x000001a0       0x18 src/raspi/maindebug.o
 .debug_ranges  0x000001b8       0x30 src/raspi/systimer.o
 .debug_ranges  0x000001e8       0x50 src/raspi/uart.o
 .debug_ranges  0x00000238      0x108 /mnt/scratch/gnuarm/arm-none-eabi/lib//libc.a(lib_a-svfprintf.o)
 .debug_ranges  0x00000340      0x108 /mnt/scratch/gnuarm/arm-none-eabi/lib//libc.a(lib_a-vfprintf.o)
 .debug_ranges  0x00000448       0x18 /mnt/scratch/gnuarm/arm-none-eabi/lib//libc.a(lib_a-fflush.o)
 .debug_ranges  0x00000460       0x68 /mnt/scratch/gnuarm/arm-none-eabi/lib//libc.a(lib_a-findfp.o)
 .debug_ranges  0x000004c8       0x28 /mnt/scratch/gnuarm/arm-none-eabi/lib//libc.a(lib_a-mallocr.o)
 .debug_ranges  0x000004f0       0x48 /mnt/scratch/gnuarm/arm-none-eabi/lib//libc.a(lib_a-mprec.o)
 .debug_ranges  0x00000538       0x10 /mnt/scratch/gnuarm/arm-none-eabi/lib//libc.a(lib_a-strlen.o)
 .debug_ranges  0x00000548       0x58 /mnt/scratch/gnuarm/arm-none-eabi/lib//libc.a(lib_a-svfiprintf.o)
 .debug_ranges  0x000005a0      0x190 /mnt/scratch/gnuarm/arm-none-eabi/lib//libc.a(lib_a-vfiprintf.o)
 .debug_ranges  0x00000730       0x30 /mnt/scratch/gnuarm/arm-none-eabi/lib//libc.a(lib_a-callocr.o)
 .debug_ranges  0x00000760       0x20 /mnt/scratch/gnuarm/arm-none-eabi/lib//libc.a(lib_a-fputwc.o)
 .debug_ranges  0x00000780       0x20 /mnt/scratch/gnuarm/arm-none-eabi/lib//libc.a(lib_a-fvwrite.o)
 .debug_ranges  0x000007a0       0xb8 /mnt/scratch/gnuarm/arm-none-eabi/lib//libc.a(lib_a-reallocr.o)
 .debug_ranges  0x00000858       0x18 /mnt/scratch/gnuarm/arm-none-eabi/lib//libc.a(lib_a-reent.o)

.debug_str      0x00000000     0x28dc
 .debug_str     0x00000000      0x473 src/raspi/calibrate.o
                                0x4df (size before relaxing)
 .debug_str     0x00000473      0x118 src/raspi/cubePinMapping.o
                                0x28b (size before relaxing)
 .debug_str     0x0000058b       0x64 src/raspi/gpio.o
                                0x1c5 (size before relaxing)
 .debug_str     0x000005ef       0x79 src/raspi/integrate.o
                                0x1a9 (size before relaxing)
 .debug_str     0x00000668      0x1a1 src/raspi/irq.o
                                0x2df (size before relaxing)
 .debug_str     0x00000809       0xc5 src/raspi/main.o
                                0x5a9 (size before relaxing)
 .debug_str     0x000008ce       0xc0 src/raspi/main_readings.o
                                0x51c (size before relaxing)
 .debug_str     0x0000098e       0x33 src/raspi/maindebug.o
                                0x409 (size before relaxing)
 .debug_str     0x000009c1       0xe7 src/raspi/mpu60x0.o
                                0x4a4 (size before relaxing)
 .debug_str     0x00000aa8       0x18 src/raspi/mpu60x0regs.o
                                0x174 (size before relaxing)
 .debug_str     0x00000ac0       0x57 src/raspi/spi.o
                                0x28d (size before relaxing)
 .debug_str     0x00000b17       0x4a src/raspi/support.o
                                 0xd2 (size before relaxing)
 .debug_str     0x00000b61      0x106 src/raspi/systimer.o
                                0x1db (size before relaxing)
 .debug_str     0x00000c67       0x82 src/raspi/uart.o
                                0x2c7 (size before relaxing)
 .debug_str     0x00000ce9       0xdc /mnt/scratch/gnuarm/arm-none-eabi/lib//libc.a(lib_a-memcpy-stub.o)
                                0x17c (size before relaxing)
 .debug_str     0x00000dc5       0x97 /mnt/scratch/gnuarm/arm-none-eabi/lib//libc.a(lib_a-memset.o)
                                0x157 (size before relaxing)
 .debug_str     0x00000e5c      0x415 /mnt/scratch/gnuarm/arm-none-eabi/lib//libc.a(lib_a-printf.o)
                                0x53d (size before relaxing)
 .debug_str     0x00001271       0x50 /mnt/scratch/gnuarm/arm-none-eabi/lib//libc.a(lib_a-sprintf.o)
                                0x541 (size before relaxing)
 .debug_str     0x000012c1      0x2f9 /mnt/scratch/gnuarm/arm-none-eabi/lib//libc.a(lib_a-svfprintf.o)
                                0x897 (size before relaxing)
 .debug_str     0x000015ba       0x47 /mnt/scratch/gnuarm/arm-none-eabi/lib//libc.a(lib_a-vfprintf.o)
                                0x8da (size before relaxing)
 .debug_str     0x00001601       0x4c /mnt/scratch/gnuarm/arm-none-eabi/lib//libc.a(lib_a-wsetup.o)
                                0x523 (size before relaxing)
 .debug_str     0x0000164d      0x19f /mnt/scratch/gnuarm/arm-none-eabi/lib//libc.a(lib_a-dtoa.o)
                                0x666 (size before relaxing)
 .debug_str     0x000017ec       0x7a /mnt/scratch/gnuarm/arm-none-eabi/lib//libc.a(lib_a-fflush.o)
                                0x55e (size before relaxing)
 .debug_str     0x00001866       0xfe /mnt/scratch/gnuarm/arm-none-eabi/lib//libc.a(lib_a-findfp.o)
                                0x60d (size before relaxing)
 .debug_str     0x00001964      0x180 /mnt/scratch/gnuarm/arm-none-eabi/lib//libc.a(lib_a-freer.o)
                                0x66d (size before relaxing)
 .debug_str     0x00001ae4       0x45 /mnt/scratch/gnuarm/arm-none-eabi/lib//libc.a(lib_a-fwalk.o)
                                0x519 (size before relaxing)
 .debug_str     0x00001b29       0x8d /mnt/scratch/gnuarm/arm-none-eabi/lib//libc.a(lib_a-impure.o)
                                0x514 (size before relaxing)
 .debug_str     0x00001bb6      0x16a /mnt/scratch/gnuarm/arm-none-eabi/lib//libc.a(lib_a-locale.o)
                                0x771 (size before relaxing)
 .debug_str     0x00001d20      0x11f /mnt/scratch/gnuarm/arm-none-eabi/lib//libc.a(lib_a-makebuf.o)
                                0x616 (size before relaxing)
 .debug_str     0x00001e3f       0xe5 /mnt/scratch/gnuarm/arm-none-eabi/lib//libc.a(lib_a-mallocr.o)
                                0x723 (size before relaxing)
 .debug_str     0x00001f24       0x58 /mnt/scratch/gnuarm/arm-none-eabi/lib//libc.a(lib_a-memchr-stub.o)
                                0x16f (size before relaxing)
 .debug_str     0x00001f7c       0x4c /mnt/scratch/gnuarm/arm-none-eabi/lib//libc.a(lib_a-mlock.o)
                                0x51d (size before relaxing)
 .debug_str     0x00001fc8       0xa2 /mnt/scratch/gnuarm/arm-none-eabi/lib//libc.a(lib_a-mprec.o)
                                0x620 (size before relaxing)
 .debug_str     0x0000206a       0x89 /mnt/scratch/gnuarm/arm-none-eabi/lib//libc.a(lib_a-s_fpclassify.o)
                                0x16d (size before relaxing)
 .debug_str     0x000020f3       0x41 /mnt/scratch/gnuarm/arm-none-eabi/lib//libc.a(lib_a-sbrkr.o)
                                0x50b (size before relaxing)
 .debug_str     0x00002134       0x96 /mnt/scratch/gnuarm/arm-none-eabi/lib//libc.a(lib_a-stdio.o)
                                0x567 (size before relaxing)
 .debug_str     0x000021ca       0x40 /mnt/scratch/gnuarm/arm-none-eabi/lib//libc.a(lib_a-strlen.o)
                                0x150 (size before relaxing)
 .debug_str     0x0000220a       0x30 /mnt/scratch/gnuarm/arm-none-eabi/lib//libc.a(lib_a-svfiprintf.o)
                                0x69a (size before relaxing)
 .debug_str     0x0000223a      0x1c1 /mnt/scratch/gnuarm/arm-none-eabi/lib//libc.a(lib_a-syscalls.o)
                                0x3a2 (size before relaxing)
 .debug_str     0x000023fb       0x36 /mnt/scratch/gnuarm/arm-none-eabi/lib//libc.a(lib_a-vfiprintf.o)
                                0x6cc (size before relaxing)
 .debug_str     0x00002431       0x37 /mnt/scratch/gnuarm/arm-none-eabi/lib//libc.a(lib_a-writer.o)
                                0x508 (size before relaxing)
 .debug_str     0x00002468        0xf /mnt/scratch/gnuarm/arm-none-eabi/lib//libc.a(lib_a-callocr.o)
                                0x54d (size before relaxing)
 .debug_str     0x00002477       0x37 /mnt/scratch/gnuarm/arm-none-eabi/lib//libc.a(lib_a-closer.o)
                                0x4f8 (size before relaxing)
 .debug_str     0x000024ae       0x80 /mnt/scratch/gnuarm/arm-none-eabi/lib//libc.a(lib_a-errno.o)
                                0x4fc (size before relaxing)
 .debug_str     0x0000252e       0x48 /mnt/scratch/gnuarm/arm-none-eabi/lib//libc.a(lib_a-fclose.o)
                                0x550 (size before relaxing)
 .debug_str     0x00002576       0x55 /mnt/scratch/gnuarm/arm-none-eabi/lib//libc.a(lib_a-fputwc.o)
                                0x55e (size before relaxing)
 .debug_str     0x000025cb       0x3d /mnt/scratch/gnuarm/arm-none-eabi/lib//libc.a(lib_a-fstatr.o)
                                0x5eb (size before relaxing)
 .debug_str     0x00002608       0x47 /mnt/scratch/gnuarm/arm-none-eabi/lib//libc.a(lib_a-fvwrite.o)
                                0x5a6 (size before relaxing)
 .debug_str     0x0000264f       0x38 /mnt/scratch/gnuarm/arm-none-eabi/lib//libc.a(lib_a-isattyr.o)
                                0x502 (size before relaxing)
 .debug_str     0x00002687       0x37 /mnt/scratch/gnuarm/arm-none-eabi/lib//libc.a(lib_a-lseekr.o)
                                0x506 (size before relaxing)
 .debug_str     0x000026be       0x42 /mnt/scratch/gnuarm/arm-none-eabi/lib//libc.a(lib_a-memmove.o)
                                0x176 (size before relaxing)
 .debug_str     0x00002700       0x36 /mnt/scratch/gnuarm/arm-none-eabi/lib//libc.a(lib_a-readr.o)
                                0x506 (size before relaxing)
 .debug_str     0x00002736       0x4e /mnt/scratch/gnuarm/arm-none-eabi/lib//libc.a(lib_a-reallocr.o)
                                0x5f5 (size before relaxing)
 .debug_str     0x00002784       0x70 /mnt/scratch/gnuarm/arm-none-eabi/lib//libc.a(lib_a-reent.o)
                                0x541 (size before relaxing)
 .debug_str     0x000027f4       0x3d /mnt/scratch/gnuarm/arm-none-eabi/lib//libc.a(lib_a-wbuf.o)
                                0x528 (size before relaxing)
 .debug_str     0x00002831       0x51 /mnt/scratch/gnuarm/arm-none-eabi/lib//libc.a(lib_a-wcrtomb.o)
                                0x545 (size before relaxing)
 .debug_str     0x00002882       0x5a /mnt/scratch/gnuarm/arm-none-eabi/lib//libc.a(lib_a-wctomb_r.o)
                                0x554 (size before relaxing)

.debug_frame    0x00000000     0x1594
 .debug_frame   0x00000000       0xa4 src/raspi/calibrate.o
 .debug_frame   0x000000a4       0x28 src/raspi/cubePinMapping.o
 .debug_frame   0x000000cc       0x38 src/raspi/gpio.o
 .debug_frame   0x00000104       0x60 src/raspi/integrate.o
 .debug_frame   0x00000164       0x88 src/raspi/irq.o
 .debug_frame   0x000001ec       0x78 src/raspi/main.o
 .debug_frame   0x00000264       0x94 src/raspi/main_readings.o
 .debug_frame   0x000002f8       0x30 src/raspi/maindebug.o
 .debug_frame   0x00000328       0x88 src/raspi/mpu60x0.o
 .debug_frame   0x000003b0       0xb0 src/raspi/spi.o
 .debug_frame   0x00000460       0x48 src/raspi/support.o
 .debug_frame   0x000004a8       0x84 src/raspi/systimer.o
 .debug_frame   0x0000052c       0xe4 src/raspi/uart.o
 .debug_frame   0x00000610       0x2c /mnt/scratch/gnuarm/arm-none-eabi/lib//libc.a(lib_a-memcpy-stub.o)
 .debug_frame   0x0000063c       0x2c /mnt/scratch/gnuarm/arm-none-eabi/lib//libc.a(lib_a-memset.o)
 .debug_frame   0x00000668       0x58 /mnt/scratch/gnuarm/arm-none-eabi/lib//libc.a(lib_a-printf.o)
 .debug_frame   0x000006c0       0x60 /mnt/scratch/gnuarm/arm-none-eabi/lib//libc.a(lib_a-sprintf.o)
 .debug_frame   0x00000720       0x3c /mnt/scratch/gnuarm/arm-none-eabi/lib//libc.a(lib_a-svfprintf.o)
 .debug_frame   0x0000075c       0x84 /mnt/scratch/gnuarm/arm-none-eabi/lib//libc.a(lib_a-vfprintf.o)
 .debug_frame   0x000007e0       0x2c /mnt/scratch/gnuarm/arm-none-eabi/lib//libc.a(lib_a-wsetup.o)
 .debug_frame   0x0000080c       0x64 /mnt/scratch/gnuarm/arm-none-eabi/lib//libc.a(lib_a-dtoa.o)
 .debug_frame   0x00000870       0x64 /mnt/scratch/gnuarm/arm-none-eabi/lib//libc.a(lib_a-fflush.o)
 .debug_frame   0x000008d4      0x130 /mnt/scratch/gnuarm/arm-none-eabi/lib//libc.a(lib_a-findfp.o)
 .debug_frame   0x00000a04       0x50 /mnt/scratch/gnuarm/arm-none-eabi/lib//libc.a(lib_a-freer.o)
 .debug_frame   0x00000a54       0x54 /mnt/scratch/gnuarm/arm-none-eabi/lib//libc.a(lib_a-fwalk.o)
 .debug_frame   0x00000aa8       0x98 /mnt/scratch/gnuarm/arm-none-eabi/lib//libc.a(lib_a-locale.o)
 .debug_frame   0x00000b40       0x30 /mnt/scratch/gnuarm/arm-none-eabi/lib//libc.a(lib_a-makebuf.o)