Archive member included because of file (symbol)

/mnt/scratch/gnuarm/arm-none-eabi/lib//libc.a(lib_a-memset.o)
                              src/raspi/calibrate.o (memset)
/mnt/scratch/gnuarm/arm-none-eabi/lib//libc.a(lib_a-printf.o)
                              src/raspi/calibrate.o (printf)
/mnt/scratch/gnuarm/arm-none-eabi/lib//libc.a(lib_a-sprintf.o)
                              src/raspi/uart.o (sprintf)
/mnt/scratch/gnuarm/arm-none-eabi/lib//libc.a(lib_a-svfprintf.o)
                              /mnt/scratch/gnuarm/arm-none-eabi/lib//libc.a(lib_a-sprintf.o) (_svfprintf_r)
/mnt/scratch/gnuarm/arm-none-eabi/lib//libc.a(lib_a-vfprintf.o)
                              /mnt/scratch/gnuarm/arm-none-eabi/lib//libc.a(lib_a-printf.o) (_vfprintf_r)
/mnt/scratch/gnuarm/arm-none-eabi/lib//libc.a(lib_a-wsetup.o)
                              /mnt/scratch/gnuarm/arm-none-eabi/lib//libc.a(lib_a-vfprintf.o) (__swsetup_r)
/mnt/scratch/gnuarm/arm-none-eabi/lib//libc.a(lib_a-dtoa.o)
                              /mnt/scratch/gnuarm/arm-none-eabi/lib//libc.a(lib_a-svfprintf.o) (_dtoa_r)
/mnt/scratch/gnuarm/arm-none-eabi/lib//libc.a(lib_a-fflush.o)
                              /mnt/scratch/gnuarm/arm-none-eabi/lib//libc.a(lib_a-vfprintf.o) (_fflush_r)
/mnt/scratch/gnuarm/arm-none-eabi/lib//libc.a(lib_a-findfp.o)
                              /mnt/scratch/gnuarm/arm-none-eabi/lib//libc.a(lib_a-vfprintf.o) (__sinit)
/mnt/scratch/gnuarm/arm-none-eabi/lib//libc.a(lib_a-freer.o)
                              /mnt/scratch/gnuarm/arm-none-eabi/lib//libc.a(lib_a-wsetup.o) (_free_r)
/mnt/scratch/gnuarm/arm-none-eabi/lib//libc.a(lib_a-fwalk.o)
                              /mnt/scratch/gnuarm/arm-none-eabi/lib//libc.a(lib_a-findfp.o) (_fwalk)
/mnt/scratch/gnuarm/arm-none-eabi/lib//libc.a(lib_a-impure.o)
                              /mnt/scratch/gnuarm/arm-none-eabi/lib//libc.a(lib_a-fflush.o) (_global_impure_ptr)
/mnt/scratch/gnuarm/arm-none-eabi/lib//libc.a(lib_a-locale.o)
                              /mnt/scratch/gnuarm/arm-none-eabi/lib//libc.a(lib_a-svfprintf.o) (_localeconv_r)
/mnt/scratch/gnuarm/arm-none-eabi/lib//libc.a(lib_a-makebuf.o)
                              /mnt/scratch/gnuarm/arm-none-eabi/lib//libc.a(lib_a-wsetup.o) (__smakebuf_r)
/mnt/scratch/gnuarm/arm-none-eabi/lib//libc.a(lib_a-mallocr.o)
                              /mnt/scratch/gnuarm/arm-none-eabi/lib//libc.a(lib_a-svfprintf.o) (_malloc_r)
/mnt/scratch/gnuarm/arm-none-eabi/lib//libc.a(lib_a-memchr-stub.o)
                              /mnt/scratch/gnuarm/arm-none-eabi/lib//libc.a(lib_a-svfprintf.o) (memchr)
/mnt/scratch/gnuarm/arm-none-eabi/lib//libc.a(lib_a-memcpy-stub.o)
                              /mnt/scratch/gnuarm/arm-none-eabi/lib//libc.a(lib_a-dtoa.o) (memcpy)
/mnt/scratch/gnuarm/arm-none-eabi/lib//libc.a(lib_a-mlock.o)
                              /mnt/scratch/gnuarm/arm-none-eabi/lib//libc.a(lib_a-freer.o) (__malloc_lock)
/mnt/scratch/gnuarm/arm-none-eabi/lib//libc.a(lib_a-mprec.o)
                              /mnt/scratch/gnuarm/arm-none-eabi/lib//libc.a(lib_a-dtoa.o) (_Balloc)
/mnt/scratch/gnuarm/arm-none-eabi/lib//libc.a(lib_a-s_fpclassify.o)
                              /mnt/scratch/gnuarm/arm-none-eabi/lib//libc.a(lib_a-svfprintf.o) (__fpclassifyd)
/mnt/scratch/gnuarm/arm-none-eabi/lib//libc.a(lib_a-sbrkr.o)
                              /mnt/scratch/gnuarm/arm-none-eabi/lib//libc.a(lib_a-freer.o) (_sbrk_r)
/mnt/scratch/gnuarm/arm-none-eabi/lib//libc.a(lib_a-stdio.o)
                              /mnt/scratch/gnuarm/arm-none-eabi/lib//libc.a(lib_a-findfp.o) (__sread)
/mnt/scratch/gnuarm/arm-none-eabi/lib//libc.a(lib_a-strcmp.o)
                              /mnt/scratch/gnuarm/arm-none-eabi/lib//libc.a(lib_a-locale.o) (strcmp)
/mnt/scratch/gnuarm/arm-none-eabi/lib//libc.a(lib_a-strlen.o)
                              /mnt/scratch/gnuarm/arm-none-eabi/lib//libc.a(lib_a-svfprintf.o) (strlen)
/mnt/scratch/gnuarm/arm-none-eabi/lib//libc.a(lib_a-svfiprintf.o)
                              /mnt/scratch/gnuarm/arm-none-eabi/lib//libc.a(lib_a-svfprintf.o) (__ssprint_r)
/mnt/scratch/gnuarm/arm-none-eabi/lib//libc.a(lib_a-syscalls.o)
                              /mnt/scratch/gnuarm/arm-none-eabi/lib//libc.a(lib_a-sbrkr.o) (_sbrk)
/mnt/scratch/gnuarm/arm-none-eabi/lib//libc.a(lib_a-vfiprintf.o)
                              /mnt/scratch/gnuarm/arm-none-eabi/lib//libc.a(lib_a-vfprintf.o) (__sprint_r)
/mnt/scratch/gnuarm/arm-none-eabi/lib//libc.a(lib_a-writer.o)
                              /mnt/scratch/gnuarm/arm-none-eabi/lib//libc.a(lib_a-stdio.o) (_write_r)
/mnt/scratch/gnuarm/arm-none-eabi/lib//libc.a(lib_a-callocr.o)
                              /mnt/scratch/gnuarm/arm-none-eabi/lib//libc.a(lib_a-mprec.o) (_calloc_r)
/mnt/scratch/gnuarm/arm-none-eabi/lib//libc.a(lib_a-closer.o)
                              /mnt/scratch/gnuarm/arm-none-eabi/lib//libc.a(lib_a-stdio.o) (_close_r)
[...]
Memory Configuration

Name             Origin             Length             Attributes
ram              0x00008000         0x10000000
*default*        0x00000000         0xffffffff

Linker script and memory map

LOAD src/raspi/vectors.o
LOAD src/raspi/calibrate.o
LOAD src/raspi/cubePinMapping.o
LOAD src/raspi/gpio.o
LOAD src/raspi/integrate.o
LOAD src/raspi/irq.o
LOAD src/raspi/main.o
LOAD src/raspi/maindebug.o
LOAD src/raspi/mpu60x0.o
LOAD src/raspi/mpu60x0regs.o
LOAD src/raspi/spi.o
LOAD src/raspi/support.o
LOAD src/raspi/uart.o

.text           0x00008000     0xd960
 *(.text)
 .text          0x00008000       0xd4 src/raspi/vectors.o
                0x00008000                _start
                0x00008084                PUT32
                0x0000808c                PUT16
                0x00008094                PUT8
                0x0000809c                GET32
                0x000080a4                GETPC
                0x000080ac                BRANCHTO
                0x000080b0                dummy
                0x000080b4                enable_irq
 .text          0x000080d4      0x2e0 src/raspi/calibrate.o
                0x000080d4                find_orientation
                0x000081a4                sum_results
                0x000081d4                compute_averages
                0x00008210                static_calibration
 .text          0x000083b4       0x98 src/raspi/cubePinMapping.o
                0x000083b4                shape_set_cs
 .text          0x0000844c       0xc0 src/raspi/gpio.o
                0x0000844c                gpio_function_select
                0x000084b0                gpio_set_output_level
 .text          0x0000850c      0x1c0 src/raspi/integrate.o
                0x0000850c                findArea
                0x0000856c                integrate_vector
 .text          0x000086cc      0x220 src/raspi/irq.o
                0x000086cc                irq_gpio_falling_edge_en
                0x00008728                enable_interrupt_for_irq
                0x0000878c                c_irq_handler
                0x00008890                register_irq_handler
                0x000088cc                c_enable_irq
 .text          0x000088ec      0x270 src/raspi/main.o
                0x000088ec                gpio_irq
                0x0000891c                gpio_set_interrupts
                0x0000899c                select_mode
                0x000089ec                not_main
 .text          0x00008b5c       0x84 src/raspi/maindebug.o
                0x00008b5c                main_debug
 .text          0x00008be0      0x448 src/raspi/mpu60x0.o
                0x00008be0                mpu60x0_enable_interrupt
                0x00008c18                mpu60x0_init
                0x00008ce8                mpu60x0_get_reading
                0x00008ed8                mpu60x0_get_reading_raw
 .text          0x00009028        0x0 src/raspi/mpu60x0regs.o
 .text          0x00009028      0x1dc src/raspi/spi.o
                0x00009028                spi_pin_init
                0x00009074                spi_begin
                0x000090d8                spi_transfer
                0x00009150                spi_end
                0x000091a0                spi_write
                0x000091d0                spi_read
 .text          0x00009204       0x4c src/raspi/support.o
                0x00009204                wait
                0x00009220                write_mmap_register
                0x00009238                read_mmap_register
 .text          0x00009250      0x2cc src/raspi/uart.o
                0x00009250                calc_baud_num
                0x0000926c                uart_init
                0x00009370                uart_putc
                0x000093a0                uart_getc
                0x000093e0                uart_get_line
                0x00009450                uart_puts
                0x00009478                uart_putbuf
                0x000094a0                uart_put_readings
 .text          0x0000951c       0xf4 /mnt/scratch/gnuarm/arm-none-eabi/lib//libc.a(lib_a-memset.o)
                0x0000951c                memset
 .text          0x00009610       0x74 /mnt/scratch/gnuarm/arm-none-eabi/lib//libc.a(lib_a-printf.o)
                0x00009610                _printf_r
                0x00009644                printf
 .text          0x00009684       0xdc /mnt/scratch/gnuarm/arm-none-eabi/lib//libc.a(lib_a-sprintf.o)
                0x00009684                _sprintf_r
                0x000096ec                sprintf
 .text          0x00009760     0x1ce4 /mnt/scratch/gnuarm/arm-none-eabi/lib//libc.a(lib_a-svfprintf.o)
                0x00009760                _svfprintf_r
 .text          0x0000b444     0x1e58 /mnt/scratch/gnuarm/arm-none-eabi/lib//libc.a(lib_a-vfprintf.o)
                0x0000b444                _vfprintf_r
                0x0000d1a4                vfprintf
 .text          0x0000d29c      0x15c /mnt/scratch/gnuarm/arm-none-eabi/lib//libc.a(lib_a-wsetup.o)
                0x0000d29c                __swsetup_r
 .text          0x0000d3f8     0x18d8 /mnt/scratch/gnuarm/arm-none-eabi/lib//libc.a(lib_a-dtoa.o)
                0x0000d5d8                _dtoa_r
 .text          0x0000ecd0      0x2d4 /mnt/scratch/gnuarm/arm-none-eabi/lib//libc.a(lib_a-fflush.o)
                0x0000ecd0                __sflush_r
                0x0000ef14                _fflush_r
                0x0000ef68                fflush
 .text          0x0000efa4      0x350 /mnt/scratch/gnuarm/arm-none-eabi/lib//libc.a(lib_a-findfp.o)
                0x0000efb4                _cleanup_r
                0x0000efcc                __sfmoreglue
                0x0000f018                _cleanup
                0x0000f03c                __sinit
                0x0000f1a4                __sfp
                0x0000f29c                __sfp_lock_acquire
                0x0000f2a0                __sfp_lock_release
                0x0000f2a4                __sinit_lock_acquire
                0x0000f2a8                __sinit_lock_release
                0x0000f2ac                __fp_lock_all
                0x0000f2d0                __fp_unlock_all
 .text          0x0000f2f4      0x36c /mnt/scratch/gnuarm/arm-none-eabi/lib//libc.a(lib_a-freer.o)
                0x0000f2f4                _malloc_trim_r
                0x0000f3f4                _free_r
 .text          0x0000f660      0x110 /mnt/scratch/gnuarm/arm-none-eabi/lib//libc.a(lib_a-fwalk.o)
                0x0000f660                _fwalk
                0x0000f6e4                _fwalk_reent
 .text          0x0000f770        0x0 /mnt/scratch/gnuarm/arm-none-eabi/lib//libc.a(lib_a-impure.o)
 .text          0x0000f770       0xd0 /mnt/scratch/gnuarm/arm-none-eabi/lib//libc.a(lib_a-locale.o)
                0x0000f770                _setlocale_r
                0x0000f7e0                __locale_charset
                0x0000f7ec                __locale_mb_cur_max
                0x0000f7fc                __locale_msgcharset
                0x0000f808                __locale_cjk_lang
                0x0000f810                _localeconv_r
                0x0000f81c                setlocale
                0x0000f834                localeconv
 .text          0x0000f840      0x174 /mnt/scratch/gnuarm/arm-none-eabi/lib//libc.a(lib_a-makebuf.o)
                0x0000f840                __smakebuf_r
 .text          0x0000f9b4      0x72c /mnt/scratch/gnuarm/arm-none-eabi/lib//libc.a(lib_a-mallocr.o)
                0x0000f9b4                _malloc_r
 .text          0x000100e0      0x114 /mnt/scratch/gnuarm/arm-none-eabi/lib//libc.a(lib_a-memchr-stub.o)
                0x000100e0                memchr
 .text          0x000101f4       0xf0 /mnt/scratch/gnuarm/arm-none-eabi/lib//libc.a(lib_a-memcpy-stub.o)
                0x000101f4                memcpy
 .text          0x000102e4        0x8 /mnt/scratch/gnuarm/arm-none-eabi/lib//libc.a(lib_a-mlock.o)
                0x000102e4                __malloc_lock
                0x000102e8                __malloc_unlock
 .text          0x000102ec      0xd30 /mnt/scratch/gnuarm/arm-none-eabi/lib//libc.a(lib_a-mprec.o)
                0x000102ec                _Balloc
                0x00010378                _Bfree
                0x00010394                __multadd
                0x00010470                __s2b
                0x00010558                __hi0bits
                0x000105b4                __lo0bits
                0x00010648                __i2b
                0x0001066c                __multiply
                0x00010854                __pow5mult
                0x00010958                __lshift
                0x00010a64                __mcmp
                0x00010ac4                __mdiff
                0x00010c08                __ulp
                0x00010c6c                __b2d
                0x00010d44                __d2b
                0x00010e50                __ratio
                0x00010ed8                _mprec_log10
                0x00010f30                __copybits
                0x00010fa0                __any_on
 .text          0x0001101c       0x6c /mnt/scratch/gnuarm/arm-none-eabi/lib//libc.a(lib_a-s_fpclassify.o)
                0x0001101c                __fpclassifyd
 .text          0x00011088       0x44 /mnt/scratch/gnuarm/arm-none-eabi/lib//libc.a(lib_a-sbrkr.o)
                0x00011088                _sbrk_r
 .text          0x000110cc       0xd8 /mnt/scratch/gnuarm/arm-none-eabi/lib//libc.a(lib_a-stdio.o)
                0x000110cc                __sread
                0x00011100                __seofread
                0x00011108                __swrite
                0x00011160                __sseek
                0x00011190                __sclose
 .text          0x000111a4      0x230 /mnt/scratch/gnuarm/arm-none-eabi/lib//libc.a(lib_a-strcmp.o)
                0x000111a4                strcmp
 .text          0x000113d4       0x60 /mnt/scratch/gnuarm/arm-none-eabi/lib//libc.a(lib_a-strlen.o)
                0x000113d4                strlen
 .text          0x00011434     0x101c /mnt/scratch/gnuarm/arm-none-eabi/lib//libc.a(lib_a-svfiprintf.o)
                0x00011434                __ssprint_r
                0x000115e0                _svfiprintf_r
 .text          0x00012450      0x150 /mnt/scratch/gnuarm/arm-none-eabi/lib//libc.a(lib_a-syscalls.o)
                0x00012450                initialise_monitor_handles
                0x00012454                _read
                0x0001245c                _lseek
                0x00012464                _write
                0x00012494                _open
                0x000124a4                _close
                0x000124ac                _exit
                0x000124b0                _kill
                0x000124b8                _getpid
                0x000124c0                _sbrk
                0x000124e8                _fstat
                0x000124f0                _stat
                0x000124f8                _link
                0x00012500                _unlink
                0x00012508                _raise
                0x0001250c                _gettimeofday
                0x00012534                _times
                0x00012554                _isatty
                0x0001255c                _system
                0x00012584                _rename
 .text          0x000125a0     0x1234 /mnt/scratch/gnuarm/arm-none-eabi/lib//libc.a(lib_a-vfiprintf.o)
                0x0001264c                __sprint_r
                0x00012664                _vfiprintf_r
                0x000136dc                vfiprintf
 .text          0x000137d4       0x44 /mnt/scratch/gnuarm/arm-none-eabi/lib//libc.a(lib_a-writer.o)
                0x000137d4                _write_r
 .text          0x00013818       0x9c /mnt/scratch/gnuarm/arm-none-eabi/lib//libc.a(lib_a-callocr.o)
                0x00013818                _calloc_r
 .text          0x000138b4       0x3c /mnt/scratch/gnuarm/arm-none-eabi/lib//libc.a(lib_a-closer.o)
                0x000138b4                _close_r
 .text          0x000138f0       0x10 /mnt/scratch/gnuarm/arm-none-eabi/lib//libc.a(lib_a-errno.o)
                0x000138f0                __errno
 .text          0x00013900      0x104 /mnt/scratch/gnuarm/arm-none-eabi/lib//libc.a(lib_a-fclose.o)
                0x00013900                _fclose_r
                0x000139f0                fclose
 .text          0x00013a04      0x1a0 /mnt/scratch/gnuarm/arm-none-eabi/lib//libc.a(lib_a-fputwc.o)
                0x00013a04                _fputwc_r
                0x00013b48                fputwc
 .text          0x00013ba4       0x40 /mnt/scratch/gnuarm/arm-none-eabi/lib//libc.a(lib_a-fstatr.o)
                0x00013ba4                _fstat_r
 .text          0x00013be4      0x4d0 /mnt/scratch/gnuarm/arm-none-eabi/lib//libc.a(lib_a-fvwrite.o)
                0x00013be4                __sfvwrite_r
 .text          0x000140b4       0x3c /mnt/scratch/gnuarm/arm-none-eabi/lib//libc.a(lib_a-isattyr.o)
                0x000140b4                _isatty_r
 .text          0x000140f0       0x44 /mnt/scratch/gnuarm/arm-none-eabi/lib//libc.a(lib_a-lseekr.o)
                0x000140f0                _lseek_r
 .text          0x00014134      0x134 /mnt/scratch/gnuarm/arm-none-eabi/lib//libc.a(lib_a-memmove.o)
                0x00014134                memmove
 .text          0x00014268       0x44 /mnt/scratch/gnuarm/arm-none-eabi/lib//libc.a(lib_a-readr.o)
                0x00014268                _read_r
 .text          0x000142ac      0x56c /mnt/scratch/gnuarm/arm-none-eabi/lib//libc.a(lib_a-reallocr.o)
                0x000142ac                _realloc_r
 .text          0x00014818      0x1a8 /mnt/scratch/gnuarm/arm-none-eabi/lib//libc.a(lib_a-reent.o)
                0x00014818                cleanup_glue
                0x00014844                _reclaim_reent
                0x0001494c                _wrapup_reent
 .text          0x000149c0      0x13c /mnt/scratch/gnuarm/arm-none-eabi/lib//libc.a(lib_a-wbuf.o)
                0x000149c0                __swbuf_r
                0x00014ae4                __swbuf
 .text          0x00014afc      0x130 /mnt/scratch/gnuarm/arm-none-eabi/lib//libc.a(lib_a-wcrtomb.o)
                0x00014afc                _wcrtomb_r
                0x00014b8c                wcrtomb
 .text          0x00014c2c       0x7c /mnt/scratch/gnuarm/arm-none-eabi/lib//libc.a(lib_a-wctomb_r.o)
                0x00014c2c                __ascii_wctomb
                0x00014c58                _wctomb_r
 .text          0x00014ca8      0x114 /mnt/scratch/gnuarm/lib/gcc/arm-none-eabi/4.8.1/libgcc.a(_udivsi3.o)
                0x00014ca8                __udivsi3
                0x00014ca8                __aeabi_uidiv
                0x00014d9c                __aeabi_uidivmod
 .text          0x00014dbc      0x148 /mnt/scratch/gnuarm/lib/gcc/arm-none-eabi/4.8.1/libgcc.a(_divsi3.o)
                0x00014dbc                __aeabi_idiv
                0x00014dbc                __divsi3
                0x00014ee4                __aeabi_idivmod
 .text          0x00014f04        0x4 /mnt/scratch/gnuarm/lib/gcc/arm-none-eabi/4.8.1/libgcc.a(_dvmd_tls.o)
                0x00014f04                __aeabi_ldiv0
                0x00014f04                __aeabi_idiv0
 .text          0x00014f08      0x41c /mnt/scratch/gnuarm/lib/gcc/arm-none-eabi/4.8.1/libgcc.a(_arm_addsubdf3.o)
                0x00014f08                __aeabi_drsub
                0x00014f10                __aeabi_dsub
                0x00014f10                __subdf3
                0x00014f14                __adddf3
                0x00014f14                __aeabi_dadd
                0x00015224                __aeabi_ui2d
                0x00015224                __floatunsidf
                0x00015248                __floatsidf
                0x00015248                __aeabi_i2d
                0x00015270                __extendsfdf2
                0x00015270                __aeabi_f2d
                0x000152b0                __aeabi_ul2d
                0x000152b0                __floatundidf
                0x000152c4                __floatdidf
                0x000152c4                __aeabi_l2d
 .text          0x00015324      0x49c /mnt/scratch/gnuarm/lib/gcc/arm-none-eabi/4.8.1/libgcc.a(_arm_muldivdf3.o)
                0x00015324                __aeabi_dmul
                0x00015324                __muldf3
                0x000155b4                __aeabi_ddiv
                0x000155b4                __divdf3
 .text          0x000157c0      0x144 /mnt/scratch/gnuarm/lib/gcc/arm-none-eabi/4.8.1/libgcc.a(_arm_cmpdf2.o)
                0x000157c0                __gtdf2
                0x000157c0                __gedf2
                0x000157c8                __ltdf2
                0x000157c8                __ledf2
                0x000157d0                __cmpdf2
                0x000157d0                __eqdf2
                0x000157d0                __nedf2
                0x00015858                __aeabi_cdrcmple
                0x00015874                __aeabi_cdcmple
                0x00015874                __aeabi_cdcmpeq
                0x0001588c                __aeabi_dcmpeq
                0x000158a4                __aeabi_dcmplt
                0x000158bc                __aeabi_dcmple
                0x000158d4                __aeabi_dcmpge
                0x000158ec                __aeabi_dcmpgt
 .text          0x00015904       0x5c /mnt/scratch/gnuarm/lib/gcc/arm-none-eabi/4.8.1/libgcc.a(_arm_fixdfsi.o)
                0x00015904                __fixdfsi
                0x00015904                __aeabi_d2iz

.rodata.str1.4  0x00015960      0x168
 .rodata.str1.4
                0x00015960       0x6b src/raspi/calibrate.o
                                 0x6c (size before relaxing)
 *fill*         0x000159cb        0x1 00
 .rodata.str1.4
                0x000159cc       0x1f src/raspi/irq.o
                                 0x20 (size before relaxing)
 *fill*         0x000159eb        0x1 00
 .rodata.str1.4
                0x000159ec       0x61 src/raspi/main.o
                                 0x64 (size before relaxing)
 *fill*         0x00015a4d        0x3 00
 .rodata.str1.4
                0x00015a50        0xa src/raspi/maindebug.o
                                  0xc (size before relaxing)
 *fill*         0x00015a5a        0x2 00
 .rodata.str1.4
                0x00015a5c        0x5 src/raspi/uart.o
                                  0x8 (size before relaxing)
 *fill*         0x00015a61        0x3 00
 .rodata.str1.4
                0x00015a64       0x42 /mnt/scratch/gnuarm/arm-none-eabi/lib//libc.a(lib_a-svfprintf.o)
                                 0x44 (size before relaxing)
 .rodata.str1.4
                0x00000000       0x44 /mnt/scratch/gnuarm/arm-none-eabi/lib//libc.a(lib_a-vfprintf.o)
 *fill*         0x00015aa6        0x2 00
 .rodata.str1.4
                0x00015aa8       0x10 /mnt/scratch/gnuarm/arm-none-eabi/lib//libc.a(lib_a-dtoa.o)
                                 0x14 (size before relaxing)
 .rodata.str1.4
                0x00015ab8        0x2 /mnt/scratch/gnuarm/arm-none-eabi/lib//libc.a(lib_a-impure.o)
                                  0x4 (size before relaxing)
 *fill*         0x00015aba        0x2 00
 .rodata.str1.4
                0x00015abc        0xc /mnt/scratch/gnuarm/arm-none-eabi/lib//libc.a(lib_a-locale.o)
                                 0x14 (size before relaxing)
 .rodata.str1.4
                0x00000000       0x30 /mnt/scratch/gnuarm/arm-none-eabi/lib//libc.a(lib_a-svfiprintf.o)
 .rodata.str1.4
                0x00000000       0x30 /mnt/scratch/gnuarm/arm-none-eabi/lib//libc.a(lib_a-vfiprintf.o)

.rodata         0x00015ac8      0x1f8
 .rodata        0x00015ac8        0x8 src/raspi/irq.o
                0x00015ac8                IRQ_BITS_PER_REG
                0x00015acc                GPIO_TOTAL
 .rodata        0x00015ad0       0x40 src/raspi/mpu60x0regs.o
                0x00015ad0                inv_mpu60x0_gyro_conv_ratio
                0x00015af0                inv_mpu60x0_accl_conv_ratio
 .rodata        0x00015b10       0x20 /mnt/scratch/gnuarm/arm-none-eabi/lib//libc.a(lib_a-svfprintf.o)
 .rodata        0x00015b30       0x20 /mnt/scratch/gnuarm/arm-none-eabi/lib//libc.a(lib_a-vfprintf.o)
 .rodata        0x00015b50        0x4 /mnt/scratch/gnuarm/arm-none-eabi/lib//libc.a(lib_a-impure.o)
                0x00015b50                _global_impure_ptr
 *fill*         0x00015b54        0x4 00
 .rodata        0x00015b58      0x128 /mnt/scratch/gnuarm/arm-none-eabi/lib//libc.a(lib_a-mprec.o)
                0x00015b68                __mprec_tens
                0x00015c30                __mprec_tinytens
                0x00015c58                __mprec_bigtens
 .rodata        0x00015c80       0x20 /mnt/scratch/gnuarm/arm-none-eabi/lib//libc.a(lib_a-svfiprintf.o)
 .rodata        0x00015ca0       0x20 /mnt/scratch/gnuarm/arm-none-eabi/lib//libc.a(lib_a-vfiprintf.o)

.glue_7         0x00015cc0        0x0
 .glue_7        0x00000000        0x0 linker stubs

.glue_7t        0x00015cc0        0x0
 .glue_7t       0x00000000        0x0 linker stubs

.vfp11_veneer   0x00015cc0        0x0
 .vfp11_veneer  0x00000000        0x0 linker stubs

.v4_bx          0x00015cc0        0x0
 .v4_bx         0x00000000        0x0 linker stubs

.iplt           0x00015cc0        0x0
 .iplt          0x00000000        0x0 src/raspi/vectors.o

.rel.dyn        0x00015cc0        0x0
 .rel.iplt      0x00000000        0x0 src/raspi/vectors.o

.data           0x00015cc0      0x934
 *(.data)
 .data          0x00015cc0        0x0 src/raspi/vectors.o
 .data          0x00015cc0        0x0 src/raspi/calibrate.o
 .data          0x00015cc0        0x8 src/raspi/cubePinMapping.o
                0x00015cc0                shape_cs_mappings
 .data          0x00015cc8       0x10 src/raspi/gpio.o
                0x00015cc8                GPIO_GPFSEL0
                0x00015ccc                GPIO_GPCLR0
                0x00015cd0                GPIO_GPSET0
                0x00015cd4                GPIO_GPLEV0
 .data          0x00015cd8        0x0 src/raspi/integrate.o
 .data          0x00015cd8       0x40 src/raspi/irq.o
                0x00015cd8                GPIO_FEN0
                0x00015cdc                IRQ_TOTAL
                0x00015ce0                IRQ_IRQ1ENABLE
                0x00015ce4                IRQ_PENDING1
                0x00015ce8                IRQ_PENDING2
                0x00015cec                GPIO_INT3
                0x00015cf0                GPIO_INT2
                0x00015cf4                GPIO_INT1
                0x00015cf8                GPIO_INT0
                0x00015cfc                IRQ_BASICDISABLE
                0x00015d00                IRQ_IRQ1DISABLE
                0x00015d04                IRQ_BASICENABLE
                0x00015d08                IRQ_IRQ2ENABLE
                0x00015d0c                IRQ_FIQ_CONTROL
                0x00015d10                IRQ_BASICPENDING
                0x00015d14                IRQBASE
 .data          0x00015d18        0x0 src/raspi/main.o
 .data          0x00015d18        0x0 src/raspi/maindebug.o
 .data          0x00015d18        0x0 src/raspi/mpu60x0.o
 .data          0x00015d18        0x0 src/raspi/mpu60x0regs.o
 .data          0x00015d18       0x18 src/raspi/spi.o
                0x00015d18                SPI0_CONTROL
                0x00015d1c                SPI0_CLK
                0x00015d20                SPI0_FIFO
                0x00015d24                SPI0_DC
                0x00015d28                SPI0_LTOH
                0x00015d2c                SPI0_DLEN
 .data          0x00015d30        0x0 src/raspi/support.o
 .data          0x00015d30        0x0 src/raspi/uart.o
 .data          0x00015d30        0x0 /mnt/scratch/gnuarm/arm-none-eabi/lib//libc.a(lib_a-memset.o)
 .data          0x00015d30        0x0 /mnt/scratch/gnuarm/arm-none-eabi/lib//libc.a(lib_a-printf.o)
 .data          0x00015d30        0x0 /mnt/scratch/gnuarm/arm-none-eabi/lib//libc.a(lib_a-sprintf.o)
 .data          0x00015d30        0x0 /mnt/scratch/gnuarm/arm-none-eabi/lib//libc.a(lib_a-svfprintf.o)
 .data          0x00015d30        0x0 /mnt/scratch/gnuarm/arm-none-eabi/lib//libc.a(lib_a-vfprintf.o)
 .data          0x00015d30        0x0 /mnt/scratch/gnuarm/arm-none-eabi/lib//libc.a(lib_a-wsetup.o)
 .data          0x00015d30        0x0 /mnt/scratch/gnuarm/arm-none-eabi/lib//libc.a(lib_a-dtoa.o)
 .data          0x00015d30        0x0 /mnt/scratch/gnuarm/arm-none-eabi/lib//libc.a(lib_a-fflush.o)
 .data          0x00015d30        0x0 /mnt/scratch/gnuarm/arm-none-eabi/lib//libc.a(lib_a-findfp.o)
 .data          0x00015d30        0x0 /mnt/scratch/gnuarm/arm-none-eabi/lib//libc.a(lib_a-freer.o)
 .data          0x00015d30        0x0 /mnt/scratch/gnuarm/arm-none-eabi/lib//libc.a(lib_a-fwalk.o)
 .data          0x00015d30      0x430 /mnt/scratch/gnuarm/arm-none-eabi/lib//libc.a(lib_a-impure.o)
                0x00015d30                _impure_ptr
 .data          0x00016160       0x7c /mnt/scratch/gnuarm/arm-none-eabi/lib//libc.a(lib_a-locale.o)
                0x00016180                __mb_cur_max
 .data          0x000161dc        0x0 /mnt/scratch/gnuarm/arm-none-eabi/lib//libc.a(lib_a-makebuf.o)
 .data          0x000161dc      0x410 /mnt/scratch/gnuarm/arm-none-eabi/lib//libc.a(lib_a-mallocr.o)
                0x000161dc                __malloc_av_
                0x000165e4                __malloc_sbrk_base
                0x000165e8                __malloc_trim_threshold
 .data          0x000165ec        0x0 /mnt/scratch/gnuarm/arm-none-eabi/lib//libc.a(lib_a-memchr-stub.o)
 .data          0x000165ec        0x0 /mnt/scratch/gnuarm/arm-none-eabi/lib//libc.a(lib_a-memcpy-stub.o)
 .data          0x000165ec        0x0 /mnt/scratch/gnuarm/arm-none-eabi/lib//libc.a(lib_a-mlock.o)
 .data          0x000165ec        0x0 /mnt/scratch/gnuarm/arm-none-eabi/lib//libc.a(lib_a-mprec.o)
 .data          0x000165ec        0x0 /mnt/scratch/gnuarm/arm-none-eabi/lib//libc.a(lib_a-s_fpclassify.o)
 .data          0x000165ec        0x0 /mnt/scratch/gnuarm/arm-none-eabi/lib//libc.a(lib_a-sbrkr.o)
 .data          0x000165ec        0x0 /mnt/scratch/gnuarm/arm-none-eabi/lib//libc.a(lib_a-stdio.o)
 .data          0x000165ec        0x0 /mnt/scratch/gnuarm/arm-none-eabi/lib//libc.a(lib_a-strcmp.o)
 .data          0x000165ec        0x0 /mnt/scratch/gnuarm/arm-none-eabi/lib//libc.a(lib_a-strlen.o)
 .data          0x000165ec        0x0 /mnt/scratch/gnuarm/arm-none-eabi/lib//libc.a(lib_a-svfiprintf.o)
 .data          0x000165ec        0x4 /mnt/scratch/gnuarm/arm-none-eabi/lib//libc.a(lib_a-syscalls.o)
                0x000165ec                heap_end
 .data          0x000165f0        0x0 /mnt/scratch/gnuarm/arm-none-eabi/lib//libc.a(lib_a-vfiprintf.o)
 .data          0x000165f0        0x0 /mnt/scratch/gnuarm/arm-none-eabi/lib//libc.a(lib_a-writer.o)
 .data          0x000165f0        0x0 /mnt/scratch/gnuarm/arm-none-eabi/lib//libc.a(lib_a-callocr.o)
 .data          0x000165f0        0x0 /mnt/scratch/gnuarm/arm-none-eabi/lib//libc.a(lib_a-closer.o)
 .data          0x000165f0        0x0 /mnt/scratch/gnuarm/arm-none-eabi/lib//libc.a(lib_a-errno.o)
 .data          0x000165f0        0x0 /mnt/scratch/gnuarm/arm-none-eabi/lib//libc.a(lib_a-fclose.o)
 .data          0x000165f0        0x0 /mnt/scratch/gnuarm/arm-none-eabi/lib//libc.a(lib_a-fputwc.o)
 .data          0x000165f0        0x0 /mnt/scratch/gnuarm/arm-none-eabi/lib//libc.a(lib_a-fstatr.o)
 .data          0x000165f0        0x0 /mnt/scratch/gnuarm/arm-none-eabi/lib//libc.a(lib_a-fvwrite.o)
 .data          0x000165f0        0x0 /mnt/scratch/gnuarm/arm-none-eabi/lib//libc.a(lib_a-isattyr.o)
 .data          0x000165f0        0x0 /mnt/scratch/gnuarm/arm-none-eabi/lib//libc.a(lib_a-lseekr.o)
 .data          0x000165f0        0x0 /mnt/scratch/gnuarm/arm-none-eabi/lib//libc.a(lib_a-memmove.o)
 .data          0x000165f0        0x0 /mnt/scratch/gnuarm/arm-none-eabi/lib//libc.a(lib_a-readr.o)
 .data          0x000165f0        0x0 /mnt/scratch/gnuarm/arm-none-eabi/lib//libc.a(lib_a-reallocr.o)
 .data          0x000165f0        0x0 /mnt/scratch/gnuarm/arm-none-eabi/lib//libc.a(lib_a-reent.o)
 .data          0x000165f0        0x0 /mnt/scratch/gnuarm/arm-none-eabi/lib//libc.a(lib_a-wbuf.o)
 .data          0x000165f0        0x0 /mnt/scratch/gnuarm/arm-none-eabi/lib//libc.a(lib_a-wcrtomb.o)
 .data          0x000165f0        0x4 /mnt/scratch/gnuarm/arm-none-eabi/lib//libc.a(lib_a-wctomb_r.o)
                0x000165f0                __wctomb
 .data          0x000165f4        0x0 /mnt/scratch/gnuarm/lib/gcc/arm-none-eabi/4.8.1/libgcc.a(_udivsi3.o)
 .data          0x000165f4        0x0 /mnt/scratch/gnuarm/lib/gcc/arm-none-eabi/4.8.1/libgcc.a(_divsi3.o)
 .data          0x000165f4        0x0 /mnt/scratch/gnuarm/lib/gcc/arm-none-eabi/4.8.1/libgcc.a(_dvmd_tls.o)
 .data          0x000165f4        0x0 /mnt/scratch/gnuarm/lib/gcc/arm-none-eabi/4.8.1/libgcc.a(_arm_addsubdf3.o)
 .data          0x000165f4        0x0 /mnt/scratch/gnuarm/lib/gcc/arm-none-eabi/4.8.1/libgcc.a(_arm_muldivdf3.o)
 .data          0x000165f4        0x0 /mnt/scratch/gnuarm/lib/gcc/arm-none-eabi/4.8.1/libgcc.a(_arm_cmpdf2.o)
 .data          0x000165f4        0x0 /mnt/scratch/gnuarm/lib/gcc/arm-none-eabi/4.8.1/libgcc.a(_arm_fixdfsi.o)
                0x000165f4                __bss_start__ = .

.igot.plt       0x000165f4        0x0
 .igot.plt      0x00000000        0x0 src/raspi/vectors.o

.bss            0x000165f8      0x168
 *(.bss)
 .bss           0x000165f8        0x0 src/raspi/vectors.o
 .bss           0x000165f8        0x0 src/raspi/calibrate.o
 .bss           0x000165f8        0x0 src/raspi/cubePinMapping.o
 .bss           0x000165f8        0x0 src/raspi/gpio.o
 .bss           0x000165f8       0x18 src/raspi/integrate.o
 .bss           0x00016610        0x0 src/raspi/irq.o
 .bss           0x00016610        0x0 src/raspi/main.o
 .bss           0x00016610        0x0 src/raspi/maindebug.o
 .bss           0x00016610        0x0 src/raspi/mpu60x0.o
 .bss           0x00016610        0x0 src/raspi/mpu60x0regs.o
 .bss           0x00016610        0x0 src/raspi/spi.o
 .bss           0x00016610        0x0 src/raspi/support.o
 .bss           0x00016610        0x0 src/raspi/uart.o
 .bss           0x00016610        0x0 /mnt/scratch/gnuarm/arm-none-eabi/lib//libc.a(lib_a-memset.o)
 .bss           0x00016610        0x0 /mnt/scratch/gnuarm/arm-none-eabi/lib//libc.a(lib_a-printf.o)
 .bss           0x00016610        0x0 /mnt/scratch/gnuarm/arm-none-eabi/lib//libc.a(lib_a-sprintf.o)
 .bss           0x00016610        0x0 /mnt/scratch/gnuarm/arm-none-eabi/lib//libc.a(lib_a-svfprintf.o)
 .bss           0x00016610        0x0 /mnt/scratch/gnuarm/arm-none-eabi/lib//libc.a(lib_a-vfprintf.o)
 .bss           0x00016610        0x0 /mnt/scratch/gnuarm/arm-none-eabi/lib//libc.a(lib_a-wsetup.o)
 .bss           0x00016610        0x0 /mnt/scratch/gnuarm/arm-none-eabi/lib//libc.a(lib_a-dtoa.o)
 .bss           0x00016610        0x0 /mnt/scratch/gnuarm/arm-none-eabi/lib//libc.a(lib_a-fflush.o)
 .bss           0x00016610        0x0 /mnt/scratch/gnuarm/arm-none-eabi/lib//libc.a(lib_a-findfp.o)
 .bss           0x00016610        0x0 /mnt/scratch/gnuarm/arm-none-eabi/lib//libc.a(lib_a-freer.o)
 .bss           0x00016610        0x0 /mnt/scratch/gnuarm/arm-none-eabi/lib//libc.a(lib_a-fwalk.o)
 .bss           0x00016610        0x0 /mnt/scratch/gnuarm/arm-none-eabi/lib//libc.a(lib_a-impure.o)
 .bss           0x00016610        0xc /mnt/scratch/gnuarm/arm-none-eabi/lib//libc.a(lib_a-locale.o)
                0x00016610                _PathLocale
                0x00016614                __mlocale_changed
                0x00016618                __nlocale_changed
 .bss           0x0001661c        0x0 /mnt/scratch/gnuarm/arm-none-eabi/lib//libc.a(lib_a-makebuf.o)
 .bss           0x0001661c       0x34 /mnt/scratch/gnuarm/arm-none-eabi/lib//libc.a(lib_a-mallocr.o)
                0x0001661c                __malloc_top_pad
                0x00016620                __malloc_current_mallinfo
                0x00016648                __malloc_max_sbrked_mem
                0x0001664c                __malloc_max_total_mem
 .bss           0x00016650        0x0 /mnt/scratch/gnuarm/arm-none-eabi/lib//libc.a(lib_a-memchr-stub.o)
 .bss           0x00016650        0x0 /mnt/scratch/gnuarm/arm-none-eabi/lib//libc.a(lib_a-memcpy-stub.o)
 .bss           0x00016650        0x0 /mnt/scratch/gnuarm/arm-none-eabi/lib//libc.a(lib_a-mlock.o)
 .bss           0x00016650        0x0 /mnt/scratch/gnuarm/arm-none-eabi/lib//libc.a(lib_a-mprec.o)
 .bss           0x00016650        0x0 /mnt/scratch/gnuarm/arm-none-eabi/lib//libc.a(lib_a-s_fpclassify.o)
 .bss           0x00016650        0x0 /mnt/scratch/gnuarm/arm-none-eabi/lib//libc.a(lib_a-sbrkr.o)
 .bss           0x00016650        0x0 /mnt/scratch/gnuarm/arm-none-eabi/lib//libc.a(lib_a-stdio.o)
 .bss           0x00016650        0x0 /mnt/scratch/gnuarm/arm-none-eabi/lib//libc.a(lib_a-strcmp.o)
 .bss           0x00016650        0x0 /mnt/scratch/gnuarm/arm-none-eabi/lib//libc.a(lib_a-strlen.o)
 .bss           0x00016650        0x0 /mnt/scratch/gnuarm/arm-none-eabi/lib//libc.a(lib_a-svfiprintf.o)
 .bss           0x00016650        0x0 /mnt/scratch/gnuarm/arm-none-eabi/lib//libc.a(lib_a-syscalls.o)
 .bss           0x00016650        0x0 /mnt/scratch/gnuarm/arm-none-eabi/lib//libc.a(lib_a-vfiprintf.o)
 .bss           0x00016650        0x0 /mnt/scratch/gnuarm/arm-none-eabi/lib//libc.a(lib_a-writer.o)
 .bss           0x00016650        0x0 /mnt/scratch/gnuarm/arm-none-eabi/lib//libc.a(lib_a-callocr.o)
 .bss           0x00016650        0x0 /mnt/scratch/gnuarm/arm-none-eabi/lib//libc.a(lib_a-closer.o)
 .bss           0x00016650        0x0 /mnt/scratch/gnuarm/arm-none-eabi/lib//libc.a(lib_a-errno.o)
 .bss           0x00016650        0x0 /mnt/scratch/gnuarm/arm-none-eabi/lib//libc.a(lib_a-fclose.o)
 .bss           0x00016650        0x0 /mnt/scratch/gnuarm/arm-none-eabi/lib//libc.a(lib_a-fputwc.o)
 .bss           0x00016650        0x0 /mnt/scratch/gnuarm/arm-none-eabi/lib//libc.a(lib_a-fstatr.o)
 .bss           0x00016650        0x0 /mnt/scratch/gnuarm/arm-none-eabi/lib//libc.a(lib_a-fvwrite.o)
 .bss           0x00016650        0x0 /mnt/scratch/gnuarm/arm-none-eabi/lib//libc.a(lib_a-isattyr.o)
 .bss           0x00016650        0x0 /mnt/scratch/gnuarm/arm-none-eabi/lib//libc.a(lib_a-lseekr.o)
 .bss           0x00016650        0x0 /mnt/scratch/gnuarm/arm-none-eabi/lib//libc.a(lib_a-memmove.o)
 .bss           0x00016650        0x0 /mnt/scratch/gnuarm/arm-none-eabi/lib//libc.a(lib_a-readr.o)
 .bss           0x00016650        0x0 /mnt/scratch/gnuarm/arm-none-eabi/lib//libc.a(lib_a-reallocr.o)
 .bss           0x00016650        0x0 /mnt/scratch/gnuarm/arm-none-eabi/lib//libc.a(lib_a-reent.o)
 .bss           0x00016650        0x0 /mnt/scratch/gnuarm/arm-none-eabi/lib//libc.a(lib_a-wbuf.o)
 .bss           0x00016650        0x0 /mnt/scratch/gnuarm/arm-none-eabi/lib//libc.a(lib_a-wcrtomb.o)
 .bss           0x00016650        0x0 /mnt/scratch/gnuarm/arm-none-eabi/lib//libc.a(lib_a-wctomb_r.o)
 .bss           0x00016650        0x0 /mnt/scratch/gnuarm/lib/gcc/arm-none-eabi/4.8.1/libgcc.a(_udivsi3.o)
 .bss           0x00016650        0x0 /mnt/scratch/gnuarm/lib/gcc/arm-none-eabi/4.8.1/libgcc.a(_divsi3.o)
 .bss           0x00016650        0x0 /mnt/scratch/gnuarm/lib/gcc/arm-none-eabi/4.8.1/libgcc.a(_dvmd_tls.o)
 .bss           0x00016650        0x0 /mnt/scratch/gnuarm/lib/gcc/arm-none-eabi/4.8.1/libgcc.a(_arm_addsubdf3.o)
 .bss           0x00016650        0x0 /mnt/scratch/gnuarm/lib/gcc/arm-none-eabi/4.8.1/libgcc.a(_arm_muldivdf3.o)
 .bss           0x00016650        0x0 /mnt/scratch/gnuarm/lib/gcc/arm-none-eabi/4.8.1/libgcc.a(_arm_cmpdf2.o)
 .bss           0x00016650        0x0 /mnt/scratch/gnuarm/lib/gcc/arm-none-eabi/4.8.1/libgcc.a(_arm_fixdfsi.o)
 COMMON         0x00016650      0x100 src/raspi/irq.o
                0x00016650                irq_handlers
 COMMON         0x00016750        0x4 src/raspi/main.o
                0x00016750                flag
 COMMON         0x00016754        0x4 src/raspi/spi.o
                0x00016754                active_pin
 COMMON         0x00016758        0x4 /mnt/scratch/gnuarm/arm-none-eabi/lib//libc.a(lib_a-syscalls.o)
                0x00016758                prev_heap_end
 COMMON         0x0001675c        0x4 /mnt/scratch/gnuarm/arm-none-eabi/lib//libc.a(lib_a-reent.o)
                0x0001675c                errno
                0x00016760                __bss_end__ = .
LOAD /mnt/scratch/gnuarm/arm-none-eabi/lib//libc.a
LOAD /mnt/scratch/gnuarm/lib/gcc/arm-none-eabi/4.8.1/libgcc.a
LOAD /mnt/scratch/gnuarm/arm-none-eabi/lib//libm.a
OUTPUT(bin/kernel.elf elf32-littlearm)

.ARM.attributes
                0x00000000       0x34
 .ARM.attributes
                0x00000000       0x26 src/raspi/vectors.o
 .ARM.attributes
                0x00000026       0x38 src/raspi/calibrate.o
 .ARM.attributes
                0x0000005e       0x38 src/raspi/cubePinMapping.o
 .ARM.attributes
                0x00000096       0x38 src/raspi/gpio.o
 .ARM.attributes
                0x000000ce       0x38 src/raspi/integrate.o
 .ARM.attributes
                0x00000106       0x38 src/raspi/irq.o
 .ARM.attributes
                0x0000013e       0x38 src/raspi/main.o
 .ARM.attributes
                0x00000176       0x38 src/raspi/maindebug.o
 .ARM.attributes
                0x000001ae       0x38 src/raspi/mpu60x0.o
 .ARM.attributes
                0x000001e6       0x38 src/raspi/mpu60x0regs.o
 .ARM.attributes
                0x0000021e       0x38 src/raspi/spi.o
 .ARM.attributes
                0x00000256       0x38 src/raspi/support.o
 .ARM.attributes
                0x0000028e       0x38 src/raspi/uart.o
 .ARM.attributes
                0x000002c6       0x30 /mnt/scratch/gnuarm/arm-none-eabi/lib//libc.a(lib_a-memset.o)
 .ARM.attributes
                0x000002f6       0x30 /mnt/scratch/gnuarm/arm-none-eabi/lib//libc.a(lib_a-printf.o)
 .ARM.attributes
                0x00000326       0x30 /mnt/scratch/gnuarm/arm-none-eabi/lib//libc.a(lib_a-sprintf.o)
 .ARM.attributes
                0x00000356       0x30 /mnt/scratch/gnuarm/arm-none-eabi/lib//libc.a(lib_a-svfprintf.o)
 .ARM.attributes
                0x00000386       0x30 /mnt/scratch/gnuarm/arm-none-eabi/lib//libc.a(lib_a-vfprintf.o)
 .ARM.attributes
                0x000003b6       0x30 /mnt/scratch/gnuarm/arm-none-eabi/lib//libc.a(lib_a-wsetup.o)
 .ARM.attributes
                0x000003e6       0x30 /mnt/scratch/gnuarm/arm-none-eabi/lib//libc.a(lib_a-dtoa.o)
 .ARM.attributes
                0x00000416       0x30 /mnt/scratch/gnuarm/arm-none-eabi/lib//libc.a(lib_a-fflush.o)
 .ARM.attributes
                0x00000446       0x30 /mnt/scratch/gnuarm/arm-none-eabi/lib//libc.a(lib_a-findfp.o)
 .ARM.attributes
                0x00000476       0x30 /mnt/scratch/gnuarm/arm-none-eabi/lib//libc.a(lib_a-freer.o)
 .ARM.attributes
                0x000004a6       0x30 /mnt/scratch/gnuarm/arm-none-eabi/lib//libc.a(lib_a-fwalk.o)
 .ARM.attributes
                0x000004d6       0x30 /mnt/scratch/gnuarm/arm-none-eabi/lib//libc.a(lib_a-impure.o)
 .ARM.attributes
                0x00000506       0x30 /mnt/scratch/gnuarm/arm-none-eabi/lib//libc.a(lib_a-locale.o)
 .ARM.attributes
                0x00000536       0x30 /mnt/scratch/gnuarm/arm-none-eabi/lib//libc.a(lib_a-makebuf.o)
 .ARM.attributes
                0x00000566       0x30 /mnt/scratch/gnuarm/arm-none-eabi/lib//libc.a(lib_a-mallocr.o)
 .ARM.attributes
                0x00000596       0x30 /mnt/scratch/gnuarm/arm-none-eabi/lib//libc.a(lib_a-memchr-stub.o)
 .ARM.attributes
                0x000005c6       0x30 /mnt/scratch/gnuarm/arm-none-eabi/lib//libc.a(lib_a-memcpy-stub.o)
 .ARM.attributes
                0x000005f6       0x30 /mnt/scratch/gnuarm/arm-none-eabi/lib//libc.a(lib_a-mlock.o)
 .ARM.attributes
                0x00000626       0x30 /mnt/scratch/gnuarm/arm-none-eabi/lib//libc.a(lib_a-mprec.o)
 .ARM.attributes
                0x00000656       0x30 /mnt/scratch/gnuarm/arm-none-eabi/lib//libc.a(lib_a-s_fpclassify.o)
 .ARM.attributes
                0x00000686       0x30 /mnt/scratch/gnuarm/arm-none-eabi/lib//libc.a(lib_a-sbrkr.o)
 .ARM.attributes
                0x000006b6       0x30 /mnt/scratch/gnuarm/arm-none-eabi/lib//libc.a(lib_a-stdio.o)
 .ARM.attributes
                0x000006e6       0x16 /mnt/scratch/gnuarm/arm-none-eabi/lib//libc.a(lib_a-strcmp.o)
 .ARM.attributes
                0x000006fc       0x30 /mnt/scratch/gnuarm/arm-none-eabi/lib//libc.a(lib_a-strlen.o)
 .ARM.attributes
                0x0000072c       0x30 /mnt/scratch/gnuarm/arm-none-eabi/lib//libc.a(lib_a-svfiprintf.o)
 .ARM.attributes
                0x0000075c       0x30 /mnt/scratch/gnuarm/arm-none-eabi/lib//libc.a(lib_a-syscalls.o)
 .ARM.attributes
                0x0000078c       0x30 /mnt/scratch/gnuarm/arm-none-eabi/lib//libc.a(lib_a-vfiprintf.o)
 .ARM.attributes
                0x000007bc       0x30 /mnt/scratch/gnuarm/arm-none-eabi/lib//libc.a(lib_a-writer.o)
 .ARM.attributes
                0x000007ec       0x30 /mnt/scratch/gnuarm/arm-none-eabi/lib//libc.a(lib_a-callocr.o)
 .ARM.attributes
                0x0000081c       0x30 /mnt/scratch/gnuarm/arm-none-eabi/lib//libc.a(lib_a-closer.o)
 .ARM.attributes
                0x0000084c       0x30 /mnt/scratch/gnuarm/arm-none-eabi/lib//libc.a(lib_a-errno.o)
 .ARM.attributes
                0x0000087c       0x30 /mnt/scratch/gnuarm/arm-none-eabi/lib//libc.a(lib_a-fclose.o)
 .ARM.attributes
                0x000008ac       0x30 /mnt/scratch/gnuarm/arm-none-eabi/lib//libc.a(lib_a-fputwc.o)
 .ARM.attributes
                0x000008dc       0x30 /mnt/scratch/gnuarm/arm-none-eabi/lib//libc.a(lib_a-fstatr.o)
 .ARM.attributes
                0x0000090c       0x30 /mnt/scratch/gnuarm/arm-none-eabi/lib//libc.a(lib_a-fvwrite.o)
 .ARM.attributes
                0x0000093c       0x30 /mnt/scratch/gnuarm/arm-none-eabi/lib//libc.a(lib_a-isattyr.o)
 .ARM.attributes
                0x0000096c       0x30 /mnt/scratch/gnuarm/arm-none-eabi/lib//libc.a(lib_a-lseekr.o)
 .ARM.attributes
                0x0000099c       0x30 /mnt/scratch/gnuarm/arm-none-eabi/lib//libc.a(lib_a-memmove.o)
 .ARM.attributes
                0x000009cc       0x30 /mnt/scratch/gnuarm/arm-none-eabi/lib//libc.a(lib_a-readr.o)
 .ARM.attributes
                0x000009fc       0x30 /mnt/scratch/gnuarm/arm-none-eabi/lib//libc.a(lib_a-reallocr.o)
 .ARM.attributes
                0x00000a2c       0x30 /mnt/scratch/gnuarm/arm-none-eabi/lib//libc.a(lib_a-reent.o)
 .ARM.attributes
                0x00000a5c       0x30 /mnt/scratch/gnuarm/arm-none-eabi/lib//libc.a(lib_a-wbuf.o)
 .ARM.attributes
                0x00000a8c       0x30 /mnt/scratch/gnuarm/arm-none-eabi/lib//libc.a(lib_a-wcrtomb.o)
 .ARM.attributes
                0x00000abc       0x30 /mnt/scratch/gnuarm/arm-none-eabi/lib//libc.a(lib_a-wctomb_r.o)
 .ARM.attributes
                0x00000aec       0x18 /mnt/scratch/gnuarm/lib/gcc/arm-none-eabi/4.8.1/libgcc.a(_udivsi3.o)
 .ARM.attributes
                0x00000b04       0x18 /mnt/scratch/gnuarm/lib/gcc/arm-none-eabi/4.8.1/libgcc.a(_divsi3.o)
 .ARM.attributes
                0x00000b1c       0x18 /mnt/scratch/gnuarm/lib/gcc/arm-none-eabi/4.8.1/libgcc.a(_dvmd_tls.o)
 .ARM.attributes
                0x00000b34       0x18 /mnt/scratch/gnuarm/lib/gcc/arm-none-eabi/4.8.1/libgcc.a(_arm_addsubdf3.o)
 .ARM.attributes
                0x00000b4c       0x18 /mnt/scratch/gnuarm/lib/gcc/arm-none-eabi/4.8.1/libgcc.a(_arm_muldivdf3.o)
 .ARM.attributes
                0x00000b64       0x18 /mnt/scratch/gnuarm/lib/gcc/arm-none-eabi/4.8.1/libgcc.a(_arm_cmpdf2.o)
 .ARM.attributes
                0x00000b7c       0x18 /mnt/scratch/gnuarm/lib/gcc/arm-none-eabi/4.8.1/libgcc.a(_arm_fixdfsi.o)

.comment        0x00000000       0x81
 .comment       0x00000000       0x70 src/raspi/calibrate.o
                                 0x71 (size before relaxing)
 .comment       0x00000000       0x71 src/raspi/cubePinMapping.o
 .comment       0x00000000       0x71 src/raspi/gpio.o
 .comment       0x00000000       0x71 src/raspi/integrate.o
 .comment       0x00000000       0x71 src/raspi/irq.o
 .comment       0x00000000       0x71 src/raspi/main.o
 .comment       0x00000000       0x71 src/raspi/maindebug.o
 .comment       0x00000000       0x71 src/raspi/mpu60x0.o
 .comment       0x00000000       0x71 src/raspi/mpu60x0regs.o
 .comment       0x00000000       0x71 src/raspi/spi.o
 .comment       0x00000000       0x71 src/raspi/support.o
 .comment       0x00000000       0x71 src/raspi/uart.o
 .comment       0x00000070       0x11 /mnt/scratch/gnuarm/arm-none-eabi/lib//libc.a(lib_a-memset.o)
                                 0x12 (size before relaxing)
 .comment       0x00000000       0x12 /mnt/scratch/gnuarm/arm-none-eabi/lib//libc.a(lib_a-printf.o)
 .comment       0x00000000       0x12 /mnt/scratch/gnuarm/arm-none-eabi/lib//libc.a(lib_a-sprintf.o)
 .comment       0x00000000       0x12 /mnt/scratch/gnuarm/arm-none-eabi/lib//libc.a(lib_a-svfprintf.o)
 .comment       0x00000000       0x12 /mnt/scratch/gnuarm/arm-none-eabi/lib//libc.a(lib_a-vfprintf.o)
 .comment       0x00000000       0x12 /mnt/scratch/gnuarm/arm-none-eabi/lib//libc.a(lib_a-wsetup.o)
 .comment       0x00000000       0x12 /mnt/scratch/gnuarm/arm-none-eabi/lib//libc.a(lib_a-dtoa.o)
 .comment       0x00000000       0x12 /mnt/scratch/gnuarm/arm-none-eabi/lib//libc.a(lib_a-fflush.o)
 .comment       0x00000000       0x12 /mnt/scratch/gnuarm/arm-none-eabi/lib//libc.a(lib_a-findfp.o)
 .comment       0x00000000       0x12 /mnt/scratch/gnuarm/arm-none-eabi/lib//libc.a(lib_a-freer.o)
 .comment       0x00000000       0x12 /mnt/scratch/gnuarm/arm-none-eabi/lib//libc.a(lib_a-fwalk.o)
 .comment       0x00000000       0x12 /mnt/scratch/gnuarm/arm-none-eabi/lib//libc.a(lib_a-impure.o)
 .comment       0x00000000       0x12 /mnt/scratch/gnuarm/arm-none-eabi/lib//libc.a(lib_a-locale.o)
 .comment       0x00000000       0x12 /mnt/scratch/gnuarm/arm-none-eabi/lib//libc.a(lib_a-makebuf.o)
 .comment       0x00000000       0x12 /mnt/scratch/gnuarm/arm-none-eabi/lib//libc.a(lib_a-mallocr.o)
 .comment       0x00000000       0x12 /mnt/scratch/gnuarm/arm-none-eabi/lib//libc.a(lib_a-memchr-stub.o)
 .comment       0x00000000       0x12 /mnt/scratch/gnuarm/arm-none-eabi/lib//libc.a(lib_a-memcpy-stub.o)
 .comment       0x00000000       0x12 /mnt/scratch/gnuarm/arm-none-eabi/lib//libc.a(lib_a-mlock.o)
 .comment       0x00000000       0x12 /mnt/scratch/gnuarm/arm-none-eabi/lib//libc.a(lib_a-mprec.o)
 .comment       0x00000000       0x12 /mnt/scratch/gnuarm/arm-none-eabi/lib//libc.a(lib_a-s_fpclassify.o)
 .comment       0x00000000       0x12 /mnt/scratch/gnuarm/arm-none-eabi/lib//libc.a(lib_a-sbrkr.o)
 .comment       0x00000000       0x12 /mnt/scratch/gnuarm/arm-none-eabi/lib//libc.a(lib_a-stdio.o)
 .comment       0x00000000       0x12 /mnt/scratch/gnuarm/arm-none-eabi/lib//libc.a(lib_a-strlen.o)
 .comment       0x00000000       0x12 /mnt/scratch/gnuarm/arm-none-eabi/lib//libc.a(lib_a-svfiprintf.o)
 .comment       0x00000000       0x12 /mnt/scratch/gnuarm/arm-none-eabi/lib//libc.a(lib_a-syscalls.o)
 .comment       0x00000000       0x12 /mnt/scratch/gnuarm/arm-none-eabi/lib//libc.a(lib_a-vfiprintf.o)
 .comment       0x00000000       0x12 /mnt/scratch/gnuarm/arm-none-eabi/lib//libc.a(lib_a-writer.o)
 .comment       0x00000000       0x12 /mnt/scratch/gnuarm/arm-none-eabi/lib//libc.a(lib_a-callocr.o)
 .comment       0x00000000       0x12 /mnt/scratch/gnuarm/arm-none-eabi/lib//libc.a(lib_a-closer.o)
 .comment       0x00000000       0x12 /mnt/scratch/gnuarm/arm-none-eabi/lib//libc.a(lib_a-errno.o)
 .comment       0x00000000       0x12 /mnt/scratch/gnuarm/arm-none-eabi/lib//libc.a(lib_a-fclose.o)
 .comment       0x00000000       0x12 /mnt/scratch/gnuarm/arm-none-eabi/lib//libc.a(lib_a-fputwc.o)
 .comment       0x00000000       0x12 /mnt/scratch/gnuarm/arm-none-eabi/lib//libc.a(lib_a-fstatr.o)
 .comment       0x00000000       0x12 /mnt/scratch/gnuarm/arm-none-eabi/lib//libc.a(lib_a-fvwrite.o)
 .comment       0x00000000       0x12 /mnt/scratch/gnuarm/arm-none-eabi/lib//libc.a(lib_a-isattyr.o)
 .comment       0x00000000       0x12 /mnt/scratch/gnuarm/arm-none-eabi/lib//libc.a(lib_a-lseekr.o)
 .comment       0x00000000       0x12 /mnt/scratch/gnuarm/arm-none-eabi/lib//libc.a(lib_a-memmove.o)
 .comment       0x00000000       0x12 /mnt/scratch/gnuarm/arm-none-eabi/lib//libc.a(lib_a-readr.o)
 .comment       0x00000000       0x12 /mnt/scratch/gnuarm/arm-none-eabi/lib//libc.a(lib_a-reallocr.o)
 .comment       0x00000000       0x12 /mnt/scratch/gnuarm/arm-none-eabi/lib//libc.a(lib_a-reent.o)
 .comment       0x00000000       0x12 /mnt/scratch/gnuarm/arm-none-eabi/lib//libc.a(lib_a-wbuf.o)
 .comment       0x00000000       0x12 /mnt/scratch/gnuarm/arm-none-eabi/lib//libc.a(lib_a-wcrtomb.o)
 .comment       0x00000000       0x12 /mnt/scratch/gnuarm/arm-none-eabi/lib//libc.a(lib_a-wctomb_r.o)

.debug_line     0x00000000     0x76c8
 .debug_line    0x00000000       0x70 src/raspi/vectors.o
 .debug_line    0x00000070      0x11e src/raspi/calibrate.o
 .debug_line    0x0000018e       0x62 src/raspi/cubePinMapping.o
 .debug_line    0x000001f0       0x7b src/raspi/gpio.o
 .debug_line    0x0000026b       0x8e src/raspi/integrate.o
 .debug_line    0x000002f9      0x1a4 src/raspi/irq.o
 .debug_line    0x0000049d      0x20e src/raspi/main.o
 .debug_line    0x000006ab       0xa0 src/raspi/maindebug.o
 .debug_line    0x0000074b      0x227 src/raspi/mpu60x0.o
 .debug_line    0x00000972       0xbb src/raspi/mpu60x0regs.o
 .debug_line    0x00000a2d      0x129 src/raspi/spi.o
 .debug_line    0x00000b56       0x4e src/raspi/support.o
 .debug_line    0x00000ba4      0x1e5 src/raspi/uart.o
 .debug_line    0x00000d89      0x122 /mnt/scratch/gnuarm/arm-none-eabi/lib//libc.a(lib_a-memset.o)
 .debug_line    0x00000eab      0x172 /mnt/scratch/gnuarm/arm-none-eabi/lib//libc.a(lib_a-printf.o)
 .debug_line    0x0000101d      0x1ad /mnt/scratch/gnuarm/arm-none-eabi/lib//libc.a(lib_a-sprintf.o)
 .debug_line    0x000011ca      0x88f /mnt/scratch/gnuarm/arm-none-eabi/lib//libc.a(lib_a-svfprintf.o)
 .debug_line    0x00001a59      0x8df /mnt/scratch/gnuarm/arm-none-eabi/lib//libc.a(lib_a-vfprintf.o)
 .debug_line    0x00002338      0x1d3 /mnt/scratch/gnuarm/arm-none-eabi/lib//libc.a(lib_a-wsetup.o)
 .debug_line    0x0000250b      0x667 /mnt/scratch/gnuarm/arm-none-eabi/lib//libc.a(lib_a-dtoa.o)
 .debug_line    0x00002b72      0x238 /mnt/scratch/gnuarm/arm-none-eabi/lib//libc.a(lib_a-fflush.o)
 .debug_line    0x00002daa      0x25f /mnt/scratch/gnuarm/arm-none-eabi/lib//libc.a(lib_a-findfp.o)
 .debug_line    0x00003009      0x226 /mnt/scratch/gnuarm/arm-none-eabi/lib//libc.a(lib_a-freer.o)
 .debug_line    0x0000322f      0x1a4 /mnt/scratch/gnuarm/arm-none-eabi/lib//libc.a(lib_a-fwalk.o)
 .debug_line    0x000033d3       0xf2 /mnt/scratch/gnuarm/arm-none-eabi/lib//libc.a(lib_a-impure.o)
 .debug_line    0x000034c5      0x192 /mnt/scratch/gnuarm/arm-none-eabi/lib//libc.a(lib_a-locale.o)
 .debug_line    0x00003657      0x1e2 /mnt/scratch/gnuarm/arm-none-eabi/lib//libc.a(lib_a-makebuf.o)
 .debug_line    0x00003839      0x349 /mnt/scratch/gnuarm/arm-none-eabi/lib//libc.a(lib_a-mallocr.o)
 .debug_line    0x00003b82      0x133 /mnt/scratch/gnuarm/arm-none-eabi/lib//libc.a(lib_a-memchr-stub.o)
 .debug_line    0x00003cb5      0x137 /mnt/scratch/gnuarm/arm-none-eabi/lib//libc.a(lib_a-memcpy-stub.o)
 .debug_line    0x00003dec      0x104 /mnt/scratch/gnuarm/arm-none-eabi/lib//libc.a(lib_a-mlock.o)
 .debug_line    0x00003ef0      0x5b0 /mnt/scratch/gnuarm/arm-none-eabi/lib//libc.a(lib_a-mprec.o)
 .debug_line    0x000044a0      0x11f /mnt/scratch/gnuarm/arm-none-eabi/lib//libc.a(lib_a-s_fpclassify.o)
 .debug_line    0x000045bf      0x15e /mnt/scratch/gnuarm/arm-none-eabi/lib//libc.a(lib_a-sbrkr.o)
 .debug_line    0x0000471d      0x17e /mnt/scratch/gnuarm/arm-none-eabi/lib//libc.a(lib_a-stdio.o)
 .debug_line    0x0000489b      0x104 /mnt/scratch/gnuarm/arm-none-eabi/lib//libc.a(lib_a-strcmp.o)
 .debug_line    0x0000499f       0xf3 /mnt/scratch/gnuarm/arm-none-eabi/lib//libc.a(lib_a-strlen.o)
 .debug_line    0x00004a92      0x55e /mnt/scratch/gnuarm/arm-none-eabi/lib//libc.a(lib_a-svfiprintf.o)
 .debug_line    0x00004ff0      0x130 /mnt/scratch/gnuarm/arm-none-eabi/lib//libc.a(lib_a-syscalls.o)
 .debug_line    0x00005120      0x60f /mnt/scratch/gnuarm/arm-none-eabi/lib//libc.a(lib_a-vfiprintf.o)
 .debug_line    0x0000572f      0x15c /mnt/scratch/gnuarm/arm-none-eabi/lib//libc.a(lib_a-writer.o)
 .debug_line    0x0000588b      0x12d /mnt/scratch/gnuarm/arm-none-eabi/lib//libc.a(lib_a-callocr.o)
 .debug_line    0x000059b8      0x15c /mnt/scratch/gnuarm/arm-none-eabi/lib//libc.a(lib_a-closer.o)
 .debug_line    0x00005b14      0x10d /mnt/scratch/gnuarm/arm-none-eabi/lib//libc.a(lib_a-errno.o)
 .debug_line    0x00005c21      0x1ae /mnt/scratch/gnuarm/arm-none-eabi/lib//libc.a(lib_a-fclose.o)
 .debug_line    0x00005dcf      0x1aa /mnt/scratch/gnuarm/arm-none-eabi/lib//libc.a(lib_a-fputwc.o)
 .debug_line    0x00005f79      0x171 /mnt/scratch/gnuarm/arm-none-eabi/lib//libc.a(lib_a-fstatr.o)
 .debug_line    0x000060ea      0x28e /mnt/scratch/gnuarm/arm-none-eabi/lib//libc.a(lib_a-fvwrite.o)
 .debug_line    0x00006378      0x15d /mnt/scratch/gnuarm/arm-none-eabi/lib//libc.a(lib_a-isattyr.o)
 .debug_line    0x000064d5      0x15c /mnt/scratch/gnuarm/arm-none-eabi/lib//libc.a(lib_a-lseekr.o)
 .debug_line    0x00006631      0x12e /mnt/scratch/gnuarm/arm-none-eabi/lib//libc.a(lib_a-memmove.o)
 .debug_line    0x0000675f      0x15b /mnt/scratch/gnuarm/arm-none-eabi/lib//libc.a(lib_a-readr.o)
 .debug_line    0x000068ba      0x239 /mnt/scratch/gnuarm/arm-none-eabi/lib//libc.a(lib_a-reallocr.o)
 .debug_line    0x00006af3      0x18f /mnt/scratch/gnuarm/arm-none-eabi/lib//libc.a(lib_a-reent.o)
 .debug_line    0x00006c82      0x1b6 /mnt/scratch/gnuarm/arm-none-eabi/lib//libc.a(lib_a-wbuf.o)
 .debug_line    0x00006e38      0x18c /mnt/scratch/gnuarm/arm-none-eabi/lib//libc.a(lib_a-wcrtomb.o)
 .debug_line    0x00006fc4      0x179 /mnt/scratch/gnuarm/arm-none-eabi/lib//libc.a(lib_a-wctomb_r.o)
 .debug_line    0x0000713d       0x8a /mnt/scratch/gnuarm/lib/gcc/arm-none-eabi/4.8.1/libgcc.a(_udivsi3.o)
 .debug_line    0x000071c7       0x96 /mnt/scratch/gnuarm/lib/gcc/arm-none-eabi/4.8.1/libgcc.a(_divsi3.o)
 .debug_line    0x0000725d       0x61 /mnt/scratch/gnuarm/lib/gcc/arm-none-eabi/4.8.1/libgcc.a(_dvmd_tls.o)
 .debug_line    0x000072be      0x164 /mnt/scratch/gnuarm/lib/gcc/arm-none-eabi/4.8.1/libgcc.a(_arm_addsubdf3.o)
 .debug_line    0x00007422      0x180 /mnt/scratch/gnuarm/lib/gcc/arm-none-eabi/4.8.1/libgcc.a(_arm_muldivdf3.o)
 .debug_line    0x000075a2       0xae /mnt/scratch/gnuarm/lib/gcc/arm-none-eabi/4.8.1/libgcc.a(_arm_cmpdf2.o)
 .debug_line    0x00007650       0x78 /mnt/scratch/gnuarm/lib/gcc/arm-none-eabi/4.8.1/libgcc.a(_arm_fixdfsi.o)

.debug_info     0x00000000    0x1f71e
 .debug_info    0x00000000       0x63 src/raspi/vectors.o
 .debug_info    0x00000063      0x790 src/raspi/calibrate.o
 .debug_info    0x000007f3      0x26d src/raspi/cubePinMapping.o
 .debug_info    0x00000a60      0x1a0 src/raspi/gpio.o
 .debug_info    0x00000c00      0x2a6 src/raspi/integrate.o
 .debug_info    0x00000ea6      0x4b9 src/raspi/irq.o
 .debug_info    0x0000135f      0x71d src/raspi/main.o
 .debug_info    0x00001a7c      0x3dd src/raspi/maindebug.o
 .debug_info    0x00001e59      0x8a9 src/raspi/mpu60x0.o
 .debug_info    0x00002702       0xd0 src/raspi/mpu60x0regs.o
 .debug_info    0x000027d2      0x492 src/raspi/spi.o
 .debug_info    0x00002c64       0xe5 src/raspi/support.o
 .debug_info    0x00002d49      0x74b src/raspi/uart.o
 .debug_info    0x00003494      0x117 /mnt/scratch/gnuarm/arm-none-eabi/lib//libc.a(lib_a-memset.o)
 .debug_info    0x000035ab      0x9ab /mnt/scratch/gnuarm/arm-none-eabi/lib//libc.a(lib_a-printf.o)
 .debug_info    0x00003f56      0x9ee /mnt/scratch/gnuarm/arm-none-eabi/lib//libc.a(lib_a-sprintf.o)
 .debug_info    0x00004944     0x1679 /mnt/scratch/gnuarm/arm-none-eabi/lib//libc.a(lib_a-svfprintf.o)
 .debug_info    0x00005fbd     0x1803 /mnt/scratch/gnuarm/arm-none-eabi/lib//libc.a(lib_a-vfprintf.o)
 .debug_info    0x000077c0      0x922 /mnt/scratch/gnuarm/arm-none-eabi/lib//libc.a(lib_a-wsetup.o)
 .debug_info    0x000080e2     0x132a /mnt/scratch/gnuarm/arm-none-eabi/lib//libc.a(lib_a-dtoa.o)
 .debug_info    0x0000940c      0xa93 /mnt/scratch/gnuarm/arm-none-eabi/lib//libc.a(lib_a-fflush.o)
 .debug_info    0x00009e9f      0xd15 /mnt/scratch/gnuarm/arm-none-eabi/lib//libc.a(lib_a-findfp.o)
 .debug_info    0x0000abb4      0xc06 /mnt/scratch/gnuarm/arm-none-eabi/lib//libc.a(lib_a-freer.o)
 .debug_info    0x0000b7ba      0x99e /mnt/scratch/gnuarm/arm-none-eabi/lib//libc.a(lib_a-fwalk.o)
 .debug_info    0x0000c158      0x894 /mnt/scratch/gnuarm/arm-none-eabi/lib//libc.a(lib_a-impure.o)
 .debug_info    0x0000c9ec      0xbe5 /mnt/scratch/gnuarm/arm-none-eabi/lib//libc.a(lib_a-locale.o)
 .debug_info    0x0000d5d1      0xae6 /mnt/scratch/gnuarm/arm-none-eabi/lib//libc.a(lib_a-makebuf.o)
 .debug_info    0x0000e0b7      0xd81 /mnt/scratch/gnuarm/arm-none-eabi/lib//libc.a(lib_a-mallocr.o)
 .debug_info    0x0000ee38      0x129 /mnt/scratch/gnuarm/arm-none-eabi/lib//libc.a(lib_a-memchr-stub.o)
 .debug_info    0x0000ef61      0x131 /mnt/scratch/gnuarm/arm-none-eabi/lib//libc.a(lib_a-memcpy-stub.o)
 .debug_info    0x0000f092      0x8b4 /mnt/scratch/gnuarm/arm-none-eabi/lib//libc.a(lib_a-mlock.o)
 .debug_info    0x0000f946     0x1682 /mnt/scratch/gnuarm/arm-none-eabi/lib//libc.a(lib_a-mprec.o)
 .debug_info    0x00010fc8       0xdb /mnt/scratch/gnuarm/arm-none-eabi/lib//libc.a(lib_a-s_fpclassify.o)
 .debug_info    0x000110a3      0x8f4 /mnt/scratch/gnuarm/arm-none-eabi/lib//libc.a(lib_a-sbrkr.o)
 .debug_info    0x00011997      0xb7e /mnt/scratch/gnuarm/arm-none-eabi/lib//libc.a(lib_a-stdio.o)
 .debug_info    0x00012515       0xb8 /mnt/scratch/gnuarm/arm-none-eabi/lib//libc.a(lib_a-strcmp.o)
 .debug_info    0x000125cd       0xb5 /mnt/scratch/gnuarm/arm-none-eabi/lib//libc.a(lib_a-strlen.o)
 .debug_info    0x00012682      0xffc /mnt/scratch/gnuarm/arm-none-eabi/lib//libc.a(lib_a-svfiprintf.o)
 .debug_info    0x0001367e      0x69c /mnt/scratch/gnuarm/arm-none-eabi/lib//libc.a(lib_a-syscalls.o)
 .debug_info    0x00013d1a     0x1513 /mnt/scratch/gnuarm/arm-none-eabi/lib//libc.a(lib_a-vfiprintf.o)
 .debug_info    0x0001522d      0x929 /mnt/scratch/gnuarm/arm-none-eabi/lib//libc.a(lib_a-writer.o)
 .debug_info    0x00015b56      0x9e0 /mnt/scratch/gnuarm/arm-none-eabi/lib//libc.a(lib_a-callocr.o)
 .debug_info    0x00016536      0x8e0 /mnt/scratch/gnuarm/arm-none-eabi/lib//libc.a(lib_a-closer.o)
 .debug_info    0x00016e16      0x889 /mnt/scratch/gnuarm/arm-none-eabi/lib//libc.a(lib_a-errno.o)
 .debug_info    0x0001769f      0x9c6 /mnt/scratch/gnuarm/arm-none-eabi/lib//libc.a(lib_a-fclose.o)
 .debug_info    0x00018065      0xab4 /mnt/scratch/gnuarm/arm-none-eabi/lib//libc.a(lib_a-fputwc.o)
 .debug_info    0x00018b19      0xa5e /mnt/scratch/gnuarm/arm-none-eabi/lib//libc.a(lib_a-fstatr.o)
 .debug_info    0x00019577      0xc65 /mnt/scratch/gnuarm/arm-none-eabi/lib//libc.a(lib_a-fvwrite.o)
 .debug_info    0x0001a1dc      0x8e0 /mnt/scratch/gnuarm/arm-none-eabi/lib//libc.a(lib_a-isattyr.o)
 .debug_info    0x0001aabc      0x90c /mnt/scratch/gnuarm/arm-none-eabi/lib//libc.a(lib_a-lseekr.o)
 .debug_info    0x0001b3c8      0x131 /mnt/scratch/gnuarm/arm-none-eabi/lib//libc.a(lib_a-memmove.o)
 .debug_info    0x0001b4f9      0x922 /mnt/scratch/gnuarm/arm-none-eabi/lib//libc.a(lib_a-readr.o)
 .debug_info    0x0001be1b      0xcd4 /mnt/scratch/gnuarm/arm-none-eabi/lib//libc.a(lib_a-reallocr.o)
 .debug_info    0x0001caef      0xa44 /mnt/scratch/gnuarm/arm-none-eabi/lib//libc.a(lib_a-reent.o)
 .debug_info    0x0001d533      0x9b7 /mnt/scratch/gnuarm/arm-none-eabi/lib//libc.a(lib_a-wbuf.o)
 .debug_info    0x0001deea      0xa68 /mnt/scratch/gnuarm/arm-none-eabi/lib//libc.a(lib_a-wcrtomb.o)
 .debug_info    0x0001e952      0x9b5 /mnt/scratch/gnuarm/arm-none-eabi/lib//libc.a(lib_a-wctomb_r.o)
 .debug_info    0x0001f307       0x95 /mnt/scratch/gnuarm/lib/gcc/arm-none-eabi/4.8.1/libgcc.a(_udivsi3.o)
 .debug_info    0x0001f39c       0x95 /mnt/scratch/gnuarm/lib/gcc/arm-none-eabi/4.8.1/libgcc.a(_divsi3.o)
 .debug_info    0x0001f431       0x95 /mnt/scratch/gnuarm/lib/gcc/arm-none-eabi/4.8.1/libgcc.a(_dvmd_tls.o)
 .debug_info    0x0001f4c6       0x96 /mnt/scratch/gnuarm/lib/gcc/arm-none-eabi/4.8.1/libgcc.a(_arm_addsubdf3.o)
 .debug_info    0x0001f55c       0x96 /mnt/scratch/gnuarm/lib/gcc/arm-none-eabi/4.8.1/libgcc.a(_arm_muldivdf3.o)
 .debug_info    0x0001f5f2       0x96 /mnt/scratch/gnuarm/lib/gcc/arm-none-eabi/4.8.1/libgcc.a(_arm_cmpdf2.o)
 .debug_info    0x0001f688       0x96 /mnt/scratch/gnuarm/lib/gcc/arm-none-eabi/4.8.1/libgcc.a(_arm_fixdfsi.o)

.debug_abbrev   0x00000000     0x6b9b
 .debug_abbrev  0x00000000       0x14 src/raspi/vectors.o
 .debug_abbrev  0x00000014      0x210 src/raspi/calibrate.o
 .debug_abbrev  0x00000224       0xde src/raspi/cubePinMapping.o
 .debug_abbrev  0x00000302       0xe2 src/raspi/gpio.o
 .debug_abbrev  0x000003e4      0x12f src/raspi/integrate.o
 .debug_abbrev  0x00000513      0x1ad src/raspi/irq.o
 .debug_abbrev  0x000006c0      0x22a src/raspi/main.o
 .debug_abbrev  0x000008ea      0x194 src/raspi/maindebug.o
 .debug_abbrev  0x00000a7e      0x1b7 src/raspi/mpu60x0.o
 .debug_abbrev  0x00000c35       0x5d src/raspi/mpu60x0regs.o
 .debug_abbrev  0x00000c92      0x151 src/raspi/spi.o
 .debug_abbrev  0x00000de3       0xd5 src/raspi/support.o
 .debug_abbrev  0x00000eb8      0x20d src/raspi/uart.o
 .debug_abbrev  0x000010c5       0x9f /mnt/scratch/gnuarm/arm-none-eabi/lib//libc.a(lib_a-memset.o)
 .debug_abbrev  0x00001164      0x227 /mnt/scratch/gnuarm/arm-none-eabi/lib//libc.a(lib_a-printf.o)
 .debug_abbrev  0x0000138b      0x218 /mnt/scratch/gnuarm/arm-none-eabi/lib//libc.a(lib_a-sprintf.o)
 .debug_abbrev  0x000015a3      0x36f /mnt/scratch/gnuarm/arm-none-eabi/lib//libc.a(lib_a-svfprintf.o)
 .debug_abbrev  0x00001912      0x3e0 /mnt/scratch/gnuarm/arm-none-eabi/lib//libc.a(lib_a-vfprintf.o)
 .debug_abbrev  0x00001cf2      0x1f3 /mnt/scratch/gnuarm/arm-none-eabi/lib//libc.a(lib_a-wsetup.o)
 .debug_abbrev  0x00001ee5      0x2dc /mnt/scratch/gnuarm/arm-none-eabi/lib//libc.a(lib_a-dtoa.o)
 .debug_abbrev  0x000021c1      0x27f /mnt/scratch/gnuarm/arm-none-eabi/lib//libc.a(lib_a-fflush.o)
 .debug_abbrev  0x00002440      0x348 /mnt/scratch/gnuarm/arm-none-eabi/lib//libc.a(lib_a-findfp.o)
 .debug_abbrev  0x00002788      0x26b /mnt/scratch/gnuarm/arm-none-eabi/lib//libc.a(lib_a-freer.o)
 .debug_abbrev  0x000029f3      0x1c2 /mnt/scratch/gnuarm/arm-none-eabi/lib//libc.a(lib_a-fwalk.o)
 .debug_abbrev  0x00002bb5      0x180 /mnt/scratch/gnuarm/arm-none-eabi/lib//libc.a(lib_a-impure.o)
 .debug_abbrev  0x00002d35      0x2a3 /mnt/scratch/gnuarm/arm-none-eabi/lib//libc.a(lib_a-locale.o)
 .debug_abbrev  0x00002fd8      0x206 /mnt/scratch/gnuarm/arm-none-eabi/lib//libc.a(lib_a-makebuf.o)
 .debug_abbrev  0x000031de      0x2a2 /mnt/scratch/gnuarm/arm-none-eabi/lib//libc.a(lib_a-mallocr.o)
 .debug_abbrev  0x00003480       0xba /mnt/scratch/gnuarm/arm-none-eabi/lib//libc.a(lib_a-memchr-stub.o)
 .debug_abbrev  0x0000353a       0xab /mnt/scratch/gnuarm/arm-none-eabi/lib//libc.a(lib_a-memcpy-stub.o)
 .debug_abbrev  0x000035e5      0x19a /mnt/scratch/gnuarm/arm-none-eabi/lib//libc.a(lib_a-mlock.o)
 .debug_abbrev  0x0000377f      0x3aa /mnt/scratch/gnuarm/arm-none-eabi/lib//libc.a(lib_a-mprec.o)
 .debug_abbrev  0x00003b29       0x6f /mnt/scratch/gnuarm/arm-none-eabi/lib//libc.a(lib_a-s_fpclassify.o)
 .debug_abbrev  0x00003b98      0x1fd /mnt/scratch/gnuarm/arm-none-eabi/lib//libc.a(lib_a-sbrkr.o)
 .debug_abbrev  0x00003d95      0x22b /mnt/scratch/gnuarm/arm-none-eabi/lib//libc.a(lib_a-stdio.o)
 .debug_abbrev  0x00003fc0       0x14 /mnt/scratch/gnuarm/arm-none-eabi/lib//libc.a(lib_a-strcmp.o)
 .debug_abbrev  0x00003fd4       0x70 /mnt/scratch/gnuarm/arm-none-eabi/lib//libc.a(lib_a-strlen.o)
 .debug_abbrev  0x00004044      0x2f2 /mnt/scratch/gnuarm/arm-none-eabi/lib//libc.a(lib_a-svfiprintf.o)
 .debug_abbrev  0x00004336      0x1a3 /mnt/scratch/gnuarm/arm-none-eabi/lib//libc.a(lib_a-syscalls.o)
 .debug_abbrev  0x000044d9      0x3ad /mnt/scratch/gnuarm/arm-none-eabi/lib//libc.a(lib_a-vfiprintf.o)
 .debug_abbrev  0x00004886      0x1f4 /mnt/scratch/gnuarm/arm-none-eabi/lib//libc.a(lib_a-writer.o)
 .debug_abbrev  0x00004a7a      0x213 /mnt/scratch/gnuarm/arm-none-eabi/lib//libc.a(lib_a-callocr.o)
 .debug_abbrev  0x00004c8d      0x1ef /mnt/scratch/gnuarm/arm-none-eabi/lib//libc.a(lib_a-closer.o)
 .debug_abbrev  0x00004e7c      0x18f /mnt/scratch/gnuarm/arm-none-eabi/lib//libc.a(lib_a-errno.o)
 .debug_abbrev  0x0000500b      0x26c /mnt/scratch/gnuarm/arm-none-eabi/lib//libc.a(lib_a-fclose.o)
 .debug_abbrev  0x00005277      0x299 /mnt/scratch/gnuarm/arm-none-eabi/lib//libc.a(lib_a-fputwc.o)
 .debug_abbrev  0x00005510      0x1fe /mnt/scratch/gnuarm/arm-none-eabi/lib//libc.a(lib_a-fstatr.o)
 .debug_abbrev  0x0000570e      0x247 /mnt/scratch/gnuarm/arm-none-eabi/lib//libc.a(lib_a-fvwrite.o)
 .debug_abbrev  0x00005955      0x1ef /mnt/scratch/gnuarm/arm-none-eabi/lib//libc.a(lib_a-isattyr.o)
 .debug_abbrev  0x00005b44      0x1fe /mnt/scratch/gnuarm/arm-none-eabi/lib//libc.a(lib_a-lseekr.o)
 .debug_abbrev  0x00005d42       0xab /mnt/scratch/gnuarm/arm-none-eabi/lib//libc.a(lib_a-memmove.o)
 .debug_abbrev  0x00005ded      0x1ef /mnt/scratch/gnuarm/arm-none-eabi/lib//libc.a(lib_a-readr.o)
 .debug_abbrev  0x00005fdc      0x25b /mnt/scratch/gnuarm/arm-none-eabi/lib//libc.a(lib_a-reallocr.o)
 .debug_abbrev  0x00006237      0x27b /mnt/scratch/gnuarm/arm-none-eabi/lib//libc.a(lib_a-reent.o)
 .debug_abbrev  0x000064b2      0x238 /mnt/scratch/gnuarm/arm-none-eabi/lib//libc.a(lib_a-wbuf.o)
 .debug_abbrev  0x000066ea      0x213 /mnt/scratch/gnuarm/arm-none-eabi/lib//libc.a(lib_a-wcrtomb.o)
 .debug_abbrev  0x000068fd      0x212 /mnt/scratch/gnuarm/arm-none-eabi/lib//libc.a(lib_a-wctomb_r.o)
 .debug_abbrev  0x00006b0f       0x14 /mnt/scratch/gnuarm/lib/gcc/arm-none-eabi/4.8.1/libgcc.a(_udivsi3.o)
 .debug_abbrev  0x00006b23       0x14 /mnt/scratch/gnuarm/lib/gcc/arm-none-eabi/4.8.1/libgcc.a(_divsi3.o)
 .debug_abbrev  0x00006b37       0x14 /mnt/scratch/gnuarm/lib/gcc/arm-none-eabi/4.8.1/libgcc.a(_dvmd_tls.o)
 .debug_abbrev  0x00006b4b       0x14 /mnt/scratch/gnuarm/lib/gcc/arm-none-eabi/4.8.1/libgcc.a(_arm_addsubdf3.o)
 .debug_abbrev  0x00006b5f       0x14 /mnt/scratch/gnuarm/lib/gcc/arm-none-eabi/4.8.1/libgcc.a(_arm_muldivdf3.o)
 .debug_abbrev  0x00006b73       0x14 /mnt/scratch/gnuarm/lib/gcc/arm-none-eabi/4.8.1/libgcc.a(_arm_cmpdf2.o)
 .debug_abbrev  0x00006b87       0x14 /mnt/scratch/gnuarm/lib/gcc/arm-none-eabi/4.8.1/libgcc.a(_arm_fixdfsi.o)

.debug_aranges  0x00000000      0x7f0
 .debug_aranges
                0x00000000       0x20 src/raspi/vectors.o
 .debug_aranges
                0x00000020       0x20 src/raspi/calibrate.o
 .debug_aranges
                0x00000040       0x20 src/raspi/cubePinMapping.o
 .debug_aranges
                0x00000060       0x20 src/raspi/gpio.o
 .debug_aranges
                0x00000080       0x20 src/raspi/integrate.o
 .debug_aranges
                0x000000a0       0x20 src/raspi/irq.o
 .debug_aranges
                0x000000c0       0x20 src/raspi/main.o
 .debug_aranges
                0x000000e0       0x20 src/raspi/maindebug.o
 .debug_aranges
                0x00000100       0x20 src/raspi/mpu60x0.o
 .debug_aranges
                0x00000120       0x18 src/raspi/mpu60x0regs.o
 .debug_aranges
                0x00000138       0x20 src/raspi/spi.o
 .debug_aranges
                0x00000158       0x20 src/raspi/support.o
 .debug_aranges
                0x00000178       0x20 src/raspi/uart.o
 .debug_aranges
                0x00000198       0x20 /mnt/scratch/gnuarm/arm-none-eabi/lib//libc.a(lib_a-memset.o)
 .debug_aranges
                0x000001b8       0x20 /mnt/scratch/gnuarm/arm-none-eabi/lib//libc.a(lib_a-printf.o)
 .debug_aranges
                0x000001d8       0x20 /mnt/scratch/gnuarm/arm-none-eabi/lib//libc.a(lib_a-sprintf.o)
 .debug_aranges
                0x000001f8       0x20 /mnt/scratch/gnuarm/arm-none-eabi/lib//libc.a(lib_a-svfprintf.o)
 .debug_aranges
                0x00000218       0x20 /mnt/scratch/gnuarm/arm-none-eabi/lib//libc.a(lib_a-vfprintf.o)
 .debug_aranges
                0x00000238       0x20 /mnt/scratch/gnuarm/arm-none-eabi/lib//libc.a(lib_a-wsetup.o)
 .debug_aranges
                0x00000258       0x20 /mnt/scratch/gnuarm/arm-none-eabi/lib//libc.a(lib_a-dtoa.o)
 .debug_aranges
                0x00000278       0x20 /mnt/scratch/gnuarm/arm-none-eabi/lib//libc.a(lib_a-fflush.o)
 .debug_aranges
                0x00000298       0x20 /mnt/scratch/gnuarm/arm-none-eabi/lib//libc.a(lib_a-findfp.o)
 .debug_aranges
                0x000002b8       0x20 /mnt/scratch/gnuarm/arm-none-eabi/lib//libc.a(lib_a-freer.o)
 .debug_aranges
                0x000002d8       0x20 /mnt/scratch/gnuarm/arm-none-eabi/lib//libc.a(lib_a-fwalk.o)
 .debug_aranges
                0x000002f8       0x18 /mnt/scratch/gnuarm/arm-none-eabi/lib//libc.a(lib_a-impure.o)
 .debug_aranges
                0x00000310       0x20 /mnt/scratch/gnuarm/arm-none-eabi/lib//libc.a(lib_a-locale.o)
 .debug_aranges
                0x00000330       0x20 /mnt/scratch/gnuarm/arm-none-eabi/lib//libc.a(lib_a-makebuf.o)
 .debug_aranges
                0x00000350       0x20 /mnt/scratch/gnuarm/arm-none-eabi/lib//libc.a(lib_a-mallocr.o)
 .debug_aranges
                0x00000370       0x20 /mnt/scratch/gnuarm/arm-none-eabi/lib//libc.a(lib_a-memchr-stub.o)
 .debug_aranges
                0x00000390       0x20 /mnt/scratch/gnuarm/arm-none-eabi/lib//libc.a(lib_a-memcpy-stub.o)
 .debug_aranges
                0x000003b0       0x20 /mnt/scratch/gnuarm/arm-none-eabi/lib//libc.a(lib_a-mlock.o)
 .debug_aranges
                0x000003d0       0x20 /mnt/scratch/gnuarm/arm-none-eabi/lib//libc.a(lib_a-mprec.o)
 .debug_aranges
                0x000003f0       0x20 /mnt/scratch/gnuarm/arm-none-eabi/lib//libc.a(lib_a-s_fpclassify.o)
 .debug_aranges
                0x00000410       0x20 /mnt/scratch/gnuarm/arm-none-eabi/lib//libc.a(lib_a-sbrkr.o)
 .debug_aranges
                0x00000430       0x20 /mnt/scratch/gnuarm/arm-none-eabi/lib//libc.a(lib_a-stdio.o)
 .debug_aranges
                0x00000450       0x20 /mnt/scratch/gnuarm/arm-none-eabi/lib//libc.a(lib_a-strcmp.o)
 .debug_aranges
                0x00000470       0x20 /mnt/scratch/gnuarm/arm-none-eabi/lib//libc.a(lib_a-strlen.o)
 .debug_aranges
                0x00000490       0x20 /mnt/scratch/gnuarm/arm-none-eabi/lib//libc.a(lib_a-svfiprintf.o)
 .debug_aranges
                0x000004b0       0x20 /mnt/scratch/gnuarm/arm-none-eabi/lib//libc.a(lib_a-syscalls.o)
 .debug_aranges
                0x000004d0       0x20 /mnt/scratch/gnuarm/arm-none-eabi/lib//libc.a(lib_a-vfiprintf.o)
 .debug_aranges
                0x000004f0       0x20 /mnt/scratch/gnuarm/arm-none-eabi/lib//libc.a(lib_a-writer.o)
 .debug_aranges
                0x00000510       0x20 /mnt/scratch/gnuarm/arm-none-eabi/lib//libc.a(lib_a-callocr.o)
 .debug_aranges
                0x00000530       0x20 /mnt/scratch/gnuarm/arm-none-eabi/lib//libc.a(lib_a-closer.o)
 .debug_aranges
                0x00000550       0x20 /mnt/scratch/gnuarm/arm-none-eabi/lib//libc.a(lib_a-errno.o)
 .debug_aranges
                0x00000570       0x20 /mnt/scratch/gnuarm/arm-none-eabi/lib//libc.a(lib_a-fclose.o)
 .debug_aranges
                0x00000590       0x20 /mnt/scratch/gnuarm/arm-none-eabi/lib//libc.a(lib_a-fputwc.o)
 .debug_aranges
                0x000005b0       0x20 /mnt/scratch/gnuarm/arm-none-eabi/lib//libc.a(lib_a-fstatr.o)
 .debug_aranges
                0x000005d0       0x20 /mnt/scratch/gnuarm/arm-none-eabi/lib//libc.a(lib_a-fvwrite.o)
 .debug_aranges
                0x000005f0       0x20 /mnt/scratch/gnuarm/arm-none-eabi/lib//libc.a(lib_a-isattyr.o)
 .debug_aranges
                0x00000610       0x20 /mnt/scratch/gnuarm/arm-none-eabi/lib//libc.a(lib_a-lseekr.o)
 .debug_aranges
                0x00000630       0x20 /mnt/scratch/gnuarm/arm-none-eabi/lib//libc.a(lib_a-memmove.o)
 .debug_aranges
                0x00000650       0x20 /mnt/scratch/gnuarm/arm-none-eabi/lib//libc.a(lib_a-readr.o)
 .debug_aranges
                0x00000670       0x20 /mnt/scratch/gnuarm/arm-none-eabi/lib//libc.a(lib_a-reallocr.o)
 .debug_aranges
                0x00000690       0x20 /mnt/scratch/gnuarm/arm-none-eabi/lib//libc.a(lib_a-reent.o)
 .debug_aranges
                0x000006b0       0x20 /mnt/scratch/gnuarm/arm-none-eabi/lib//libc.a(lib_a-wbuf.o)
 .debug_aranges
                0x000006d0       0x20 /mnt/scratch/gnuarm/arm-none-eabi/lib//libc.a(lib_a-wcrtomb.o)
 .debug_aranges
                0x000006f0       0x20 /mnt/scratch/gnuarm/arm-none-eabi/lib//libc.a(lib_a-wctomb_r.o)
 .debug_aranges
                0x00000710       0x20 /mnt/scratch/gnuarm/lib/gcc/arm-none-eabi/4.8.1/libgcc.a(_udivsi3.o)
 .debug_aranges
                0x00000730       0x20 /mnt/scratch/gnuarm/lib/gcc/arm-none-eabi/4.8.1/libgcc.a(_divsi3.o)
 .debug_aranges
                0x00000750       0x20 /mnt/scratch/gnuarm/lib/gcc/arm-none-eabi/4.8.1/libgcc.a(_dvmd_tls.o)
 .debug_aranges
                0x00000770       0x20 /mnt/scratch/gnuarm/lib/gcc/arm-none-eabi/4.8.1/libgcc.a(_arm_addsubdf3.o)
 .debug_aranges
                0x00000790       0x20 /mnt/scratch/gnuarm/lib/gcc/arm-none-eabi/4.8.1/libgcc.a(_arm_muldivdf3.o)
 .debug_aranges
                0x000007b0       0x20 /mnt/scratch/gnuarm/lib/gcc/arm-none-eabi/4.8.1/libgcc.a(_arm_cmpdf2.o)
 .debug_aranges
                0x000007d0       0x20 /mnt/scratch/gnuarm/lib/gcc/arm-none-eabi/4.8.1/libgcc.a(_arm_fixdfsi.o)

.debug_loc      0x00000000    0x13359
 .debug_loc     0x00000000      0x358 src/raspi/calibrate.o
 .debug_loc     0x00000358       0x20 src/raspi/cubePinMapping.o
 .debug_loc     0x00000378      0x189 src/raspi/gpio.o
 .debug_loc     0x00000501      0x312 src/raspi/integrate.o
 .debug_loc     0x00000813      0x2d4 src/raspi/irq.o
 .debug_loc     0x00000ae7       0xf2 src/raspi/main.o
 .debug_loc     0x00000bd9       0x81 src/raspi/maindebug.o
 .debug_loc     0x00000c5a      0x5a9 src/raspi/mpu60x0.o
 .debug_loc     0x00001203      0x290 src/raspi/spi.o
 .debug_loc     0x00001493       0x95 src/raspi/support.o
 .debug_loc     0x00001528      0x37c src/raspi/uart.o
 .debug_loc     0x000018a4      0x175 /mnt/scratch/gnuarm/arm-none-eabi/lib//libc.a(lib_a-memset.o)
 .debug_loc     0x00001a19       0x34 /mnt/scratch/gnuarm/arm-none-eabi/lib//libc.a(lib_a-printf.o)
 .debug_loc     0x00001a4d       0x79 /mnt/scratch/gnuarm/arm-none-eabi/lib//libc.a(lib_a-sprintf.o)
 .debug_loc     0x00001ac6     0x219d /mnt/scratch/gnuarm/arm-none-eabi/lib//libc.a(lib_a-svfprintf.o)
 .debug_loc     0x00003c63     0x227c /mnt/scratch/gnuarm/arm-none-eabi/lib//libc.a(lib_a-vfprintf.o)
 .debug_loc     0x00005edf       0xb6 /mnt/scratch/gnuarm/arm-none-eabi/lib//libc.a(lib_a-wsetup.o)
 .debug_loc     0x00005f95     0x3000 /mnt/scratch/gnuarm/arm-none-eabi/lib//libc.a(lib_a-dtoa.o)
 .debug_loc     0x00008f95      0x303 /mnt/scratch/gnuarm/arm-none-eabi/lib//libc.a(lib_a-fflush.o)
 .debug_loc     0x00009298      0x2dd /mnt/scratch/gnuarm/arm-none-eabi/lib//libc.a(lib_a-findfp.o)
 .debug_loc     0x00009575      0x3fc /mnt/scratch/gnuarm/arm-none-eabi/lib//libc.a(lib_a-freer.o)
 .debug_loc     0x00009971      0x284 /mnt/scratch/gnuarm/arm-none-eabi/lib//libc.a(lib_a-fwalk.o)
 .debug_loc     0x00009bf5      0x100 /mnt/scratch/gnuarm/arm-none-eabi/lib//libc.a(lib_a-locale.o)
 .debug_loc     0x00009cf5      0x170 /mnt/scratch/gnuarm/arm-none-eabi/lib//libc.a(lib_a-makebuf.o)
 .debug_loc     0x00009e65      0xcee /mnt/scratch/gnuarm/arm-none-eabi/lib//libc.a(lib_a-mallocr.o)
 .debug_loc     0x0000ab53      0x15a /mnt/scratch/gnuarm/arm-none-eabi/lib//libc.a(lib_a-memchr-stub.o)
 .debug_loc     0x0000acad      0x1c1 /mnt/scratch/gnuarm/arm-none-eabi/lib//libc.a(lib_a-memcpy-stub.o)
 .debug_loc     0x0000ae6e     0x2890 /mnt/scratch/gnuarm/arm-none-eabi/lib//libc.a(lib_a-mprec.o)
 .debug_loc     0x0000d6fe       0x84 /mnt/scratch/gnuarm/arm-none-eabi/lib//libc.a(lib_a-s_fpclassify.o)
 .debug_loc     0x0000d782       0x66 /mnt/scratch/gnuarm/arm-none-eabi/lib//libc.a(lib_a-sbrkr.o)
 .debug_loc     0x0000d7e8      0x2b5 /mnt/scratch/gnuarm/arm-none-eabi/lib//libc.a(lib_a-stdio.o)
 .debug_loc     0x0000da9d       0x21 /mnt/scratch/gnuarm/arm-none-eabi/lib//libc.a(lib_a-strlen.o)
 .debug_loc     0x0000dabe     0x1221 /mnt/scratch/gnuarm/arm-none-eabi/lib//libc.a(lib_a-svfiprintf.o)
 .debug_loc     0x0000ecdf      0x2bb /mnt/scratch/gnuarm/arm-none-eabi/lib//libc.a(lib_a-syscalls.o)
 .debug_loc     0x0000ef9a     0x1c58 /mnt/scratch/gnuarm/arm-none-eabi/lib//libc.a(lib_a-vfiprintf.o)
 .debug_loc     0x00010bf2       0xa5 /mnt/scratch/gnuarm/arm-none-eabi/lib//libc.a(lib_a-writer.o)
 .debug_loc     0x00010c97      0x20c /mnt/scratch/gnuarm/arm-none-eabi/lib//libc.a(lib_a-callocr.o)
 .debug_loc     0x00010ea3       0x4d /mnt/scratch/gnuarm/arm-none-eabi/lib//libc.a(lib_a-closer.o)
 .debug_loc     0x00010ef0      0x116 /mnt/scratch/gnuarm/arm-none-eabi/lib//libc.a(lib_a-fclose.o)
 .debug_loc     0x00011006      0x344 /mnt/scratch/gnuarm/arm-none-eabi/lib//libc.a(lib_a-fputwc.o)
 .debug_loc     0x0001134a       0x79 /mnt/scratch/gnuarm/arm-none-eabi/lib//libc.a(lib_a-fstatr.o)
 .debug_loc     0x000113c3      0x630 /mnt/scratch/gnuarm/arm-none-eabi/lib//libc.a(lib_a-fvwrite.o)
 .debug_loc     0x000119f3       0x4d /mnt/scratch/gnuarm/arm-none-eabi/lib//libc.a(lib_a-isattyr.o)
 .debug_loc     0x00011a40       0xa5 /mnt/scratch/gnuarm/arm-none-eabi/lib//libc.a(lib_a-lseekr.o)
 .debug_loc     0x00011ae5      0x2b0 /mnt/scratch/gnuarm/arm-none-eabi/lib//libc.a(lib_a-memmove.o)
 .debug_loc     0x00011d95       0xa5 /mnt/scratch/gnuarm/arm-none-eabi/lib//libc.a(lib_a-readr.o)
 .debug_loc     0x00011e3a      0xed3 /mnt/scratch/gnuarm/arm-none-eabi/lib//libc.a(lib_a-reallocr.o)
 .debug_loc     0x00012d0d      0x1a7 /mnt/scratch/gnuarm/arm-none-eabi/lib//libc.a(lib_a-reent.o)
 .debug_loc     0x00012eb4      0x15a /mnt/scratch/gnuarm/arm-none-eabi/lib//libc.a(lib_a-wbuf.o)
 .debug_loc     0x0001300e      0x235 /mnt/scratch/gnuarm/arm-none-eabi/lib//libc.a(lib_a-wcrtomb.o)
 .debug_loc     0x00013243      0x116 /mnt/scratch/gnuarm/arm-none-eabi/lib//libc.a(lib_a-wctomb_r.o)

.debug_ranges   0x00000000      0x778
 .debug_ranges  0x00000000       0x78 src/raspi/calibrate.o
 .debug_ranges  0x00000078       0x30 src/raspi/irq.o
 .debug_ranges  0x000000a8       0x18 src/raspi/main.o
 .debug_ranges  0x000000c0       0x30 src/raspi/maindebug.o
 .debug_ranges  0x000000f0       0x50 src/raspi/uart.o
 .debug_ranges  0x00000140      0x108 /mnt/scratch/gnuarm/arm-none-eabi/lib//libc.a(lib_a-svfprintf.o)
 .debug_ranges  0x00000248      0x108 /mnt/scratch/gnuarm/arm-none-eabi/lib//libc.a(lib_a-vfprintf.o)
 .debug_ranges  0x00000350       0x18 /mnt/scratch/gnuarm/arm-none-eabi/lib//libc.a(lib_a-fflush.o)
 .debug_ranges  0x00000368       0x68 /mnt/scratch/gnuarm/arm-none-eabi/lib//libc.a(lib_a-findfp.o)
 .debug_ranges  0x000003d0       0x28 /mnt/scratch/gnuarm/arm-none-eabi/lib//libc.a(lib_a-mallocr.o)
 .debug_ranges  0x000003f8       0x48 /mnt/scratch/gnuarm/arm-none-eabi/lib//libc.a(lib_a-mprec.o)
 .debug_ranges  0x00000440       0x10 /mnt/scratch/gnuarm/arm-none-eabi/lib//libc.a(lib_a-strlen.o)
 .debug_ranges  0x00000450       0x58 /mnt/scratch/gnuarm/arm-none-eabi/lib//libc.a(lib_a-svfiprintf.o)
 .debug_ranges  0x000004a8      0x190 /mnt/scratch/gnuarm/arm-none-eabi/lib//libc.a(lib_a-vfiprintf.o)
 .debug_ranges  0x00000638       0x30 /mnt/scratch/gnuarm/arm-none-eabi/lib//libc.a(lib_a-callocr.o)
 .debug_ranges  0x00000668       0x20 /mnt/scratch/gnuarm/arm-none-eabi/lib//libc.a(lib_a-fputwc.o)
 .debug_ranges  0x00000688       0x20 /mnt/scratch/gnuarm/arm-none-eabi/lib//libc.a(lib_a-fvwrite.o)
 .debug_ranges  0x000006a8       0xb8 /mnt/scratch/gnuarm/arm-none-eabi/lib//libc.a(lib_a-reallocr.o)
 .debug_ranges  0x00000760       0x18 /mnt/scratch/gnuarm/arm-none-eabi/lib//libc.a(lib_a-reent.o)

.debug_str      0x00000000     0x2693
 .debug_str     0x00000000      0x32a src/raspi/calibrate.o
                                0x389 (size before relaxing)
 .debug_str     0x0000032a      0x106 src/raspi/cubePinMapping.o
                                0x21a (size before relaxing)
 .debug_str     0x00000430       0x64 src/raspi/gpio.o
                                0x1c5 (size before relaxing)
 .debug_str     0x00000494       0x79 src/raspi/integrate.o
                                0x1a9 (size before relaxing)
 .debug_str     0x0000050d      0x1a1 src/raspi/irq.o
                                0x2df (size before relaxing)
 .debug_str     0x000006ae      0x1ac src/raspi/main.o
                                0x557 (size before relaxing)
 .debug_str     0x0000085a       0x33 src/raspi/maindebug.o
                                0x2f9 (size before relaxing)
 .debug_str     0x0000088d       0xd1 src/raspi/mpu60x0.o
                                0x484 (size before relaxing)
 .debug_str     0x0000095e       0x18 src/raspi/mpu60x0regs.o
                                0x174 (size before relaxing)
 .debug_str     0x00000976       0x57 src/raspi/spi.o
                                0x28d (size before relaxing)
 .debug_str     0x000009cd       0x4a src/raspi/support.o
                                 0xd2 (size before relaxing)
 .debug_str     0x00000a17       0x82 src/raspi/uart.o
                                0x2bd (size before relaxing)
 .debug_str     0x00000a99       0xb7 /mnt/scratch/gnuarm/arm-none-eabi/lib//libc.a(lib_a-memset.o)
                                0x157 (size before relaxing)
 .debug_str     0x00000b50      0x415 /mnt/scratch/gnuarm/arm-none-eabi/lib//libc.a(lib_a-printf.o)
                                0x53d (size before relaxing)
 .debug_str     0x00000f65       0x50 /mnt/scratch/gnuarm/arm-none-eabi/lib//libc.a(lib_a-sprintf.o)
                                0x541 (size before relaxing)
 .debug_str     0x00000fb5      0x2f9 /mnt/scratch/gnuarm/arm-none-eabi/lib//libc.a(lib_a-svfprintf.o)
                                0x897 (size before relaxing)
 .debug_str     0x000012ae       0x47 /mnt/scratch/gnuarm/arm-none-eabi/lib//libc.a(lib_a-vfprintf.o)
                                0x8da (size before relaxing)
 .debug_str     0x000012f5       0x4c /mnt/scratch/gnuarm/arm-none-eabi/lib//libc.a(lib_a-wsetup.o)
                                0x523 (size before relaxing)
 .debug_str     0x00001341      0x1a6 /mnt/scratch/gnuarm/arm-none-eabi/lib//libc.a(lib_a-dtoa.o)
                                0x666 (size before relaxing)
 .debug_str     0x000014e7       0x7a /mnt/scratch/gnuarm/arm-none-eabi/lib//libc.a(lib_a-fflush.o)
                                0x55e (size before relaxing)
 .debug_str     0x00001561       0xfe /mnt/scratch/gnuarm/arm-none-eabi/lib//libc.a(lib_a-findfp.o)
                                0x60d (size before relaxing)
 .debug_str     0x0000165f      0x180 /mnt/scratch/gnuarm/arm-none-eabi/lib//libc.a(lib_a-freer.o)
                                0x66d (size before relaxing)
 .debug_str     0x000017df       0x45 /mnt/scratch/gnuarm/arm-none-eabi/lib//libc.a(lib_a-fwalk.o)
                                0x519 (size before relaxing)
 .debug_str     0x00001824       0x8d /mnt/scratch/gnuarm/arm-none-eabi/lib//libc.a(lib_a-impure.o)
                                0x514 (size before relaxing)
 .debug_str     0x000018b1      0x16a /mnt/scratch/gnuarm/arm-none-eabi/lib//libc.a(lib_a-locale.o)
                                0x771 (size before relaxing)
 .debug_str     0x00001a1b      0x11f /mnt/scratch/gnuarm/arm-none-eabi/lib//libc.a(lib_a-makebuf.o)
                                0x616 (size before relaxing)
 .debug_str     0x00001b3a       0xe5 /mnt/scratch/gnuarm/arm-none-eabi/lib//libc.a(lib_a-mallocr.o)
                                0x723 (size before relaxing)
 .debug_str     0x00001c1f       0xa8 /mnt/scratch/gnuarm/arm-none-eabi/lib//libc.a(lib_a-memchr-stub.o)
                                0x16f (size before relaxing)
 .debug_str     0x00001cc7       0x6c /mnt/scratch/gnuarm/arm-none-eabi/lib//libc.a(lib_a-memcpy-stub.o)
                                0x17c (size before relaxing)
 .debug_str     0x00001d33       0x4c /mnt/scratch/gnuarm/arm-none-eabi/lib//libc.a(lib_a-mlock.o)
                                0x51d (size before relaxing)
 .debug_str     0x00001d7f       0xa2 /mnt/scratch/gnuarm/arm-none-eabi/lib//libc.a(lib_a-mprec.o)
                                0x620 (size before relaxing)
 .debug_str     0x00001e21       0x89 /mnt/scratch/gnuarm/arm-none-eabi/lib//libc.a(lib_a-s_fpclassify.o)
                                0x16d (size before relaxing)
 .debug_str     0x00001eaa       0x41 /mnt/scratch/gnuarm/arm-none-eabi/lib//libc.a(lib_a-sbrkr.o)
                                0x50b (size before relaxing)
 .debug_str     0x00001eeb       0x96 /mnt/scratch/gnuarm/arm-none-eabi/lib//libc.a(lib_a-stdio.o)
                                0x567 (size before relaxing)
 .debug_str     0x00001f81       0x40 /mnt/scratch/gnuarm/arm-none-eabi/lib//libc.a(lib_a-strlen.o)
                                0x150 (size before relaxing)
 .debug_str     0x00001fc1       0x30 /mnt/scratch/gnuarm/arm-none-eabi/lib//libc.a(lib_a-svfiprintf.o)
                                0x69a (size before relaxing)
 .debug_str     0x00001ff1      0x1c1 /mnt/scratch/gnuarm/arm-none-eabi/lib//libc.a(lib_a-syscalls.o)
                                0x3a2 (size before relaxing)
 .debug_str     0x000021b2       0x36 /mnt/scratch/gnuarm/arm-none-eabi/lib//libc.a(lib_a-vfiprintf.o)
                                0x6cc (size before relaxing)
 .debug_str     0x000021e8       0x37 /mnt/scratch/gnuarm/arm-none-eabi/lib//libc.a(lib_a-writer.o)
                                0x508 (size before relaxing)
 .debug_str     0x0000221f        0xf /mnt/scratch/gnuarm/arm-none-eabi/lib//libc.a(lib_a-callocr.o)
                                0x54d (size before relaxing)
 .debug_str     0x0000222e       0x37 /mnt/scratch/gnuarm/arm-none-eabi/lib//libc.a(lib_a-closer.o)
                                0x4f8 (size before relaxing)
 .debug_str     0x00002265       0x80 /mnt/scratch/gnuarm/arm-none-eabi/lib//libc.a(lib_a-errno.o)
                                0x4fc (size before relaxing)
 .debug_str     0x000022e5       0x48 /mnt/scratch/gnuarm/arm-none-eabi/lib//libc.a(lib_a-fclose.o)
                                0x550 (size before relaxing)
 .debug_str     0x0000232d       0x55 /mnt/scratch/gnuarm/arm-none-eabi/lib//libc.a(lib_a-fputwc.o)
                                0x55e (size before relaxing)
 .debug_str     0x00002382       0x3d /mnt/scratch/gnuarm/arm-none-eabi/lib//libc.a(lib_a-fstatr.o)
                                0x5eb (size before relaxing)
 .debug_str     0x000023bf       0x47 /mnt/scratch/gnuarm/arm-none-eabi/lib//libc.a(lib_a-fvwrite.o)
                                0x5a6 (size before relaxing)
 .debug_str     0x00002406       0x38 /mnt/scratch/gnuarm/arm-none-eabi/lib//libc.a(lib_a-isattyr.o)
                                0x502 (size before relaxing)
 .debug_str     0x0000243e       0x37 /mnt/scratch/gnuarm/arm-none-eabi/lib//libc.a(lib_a-lseekr.o)
                                0x506 (size before relaxing)
 .debug_str     0x00002475       0x42 /mnt/scratch/gnuarm/arm-none-eabi/lib//libc.a(lib_a-memmove.o)
                                0x176 (size before relaxing)
 .debug_str     0x000024b7       0x36 /mnt/scratch/gnuarm/arm-none-eabi/lib//libc.a(lib_a-readr.o)
                                0x506 (size before relaxing)
 .debug_str     0x000024ed       0x4e /mnt/scratch/gnuarm/arm-none-eabi/lib//libc.a(lib_a-reallocr.o)
                                0x5f5 (size before relaxing)
 .debug_str     0x0000253b       0x70 /mnt/scratch/gnuarm/arm-none-eabi/lib//libc.a(lib_a-reent.o)
                                0x541 (size before relaxing)
 .debug_str     0x000025ab       0x3d /mnt/scratch/gnuarm/arm-none-eabi/lib//libc.a(lib_a-wbuf.o)
                                0x528 (size before relaxing)
 .debug_str     0x000025e8       0x51 /mnt/scratch/gnuarm/arm-none-eabi/lib//libc.a(lib_a-wcrtomb.o)
                                0x545 (size before relaxing)
 .debug_str     0x00002639       0x5a /mnt/scratch/gnuarm/arm-none-eabi/lib//libc.a(lib_a-wctomb_r.o)
                                0x554 (size before relaxing)

.debug_frame    0x00000000     0x1474
 .debug_frame   0x00000000       0xa4 src/raspi/calibrate.o
 .debug_frame   0x000000a4       0x28 src/raspi/cubePinMapping.o
 .debug_frame   0x000000cc       0x38 src/raspi/gpio.o
 .debug_frame   0x00000104       0x58 src/raspi/integrate.o
 .debug_frame   0x0000015c       0x88 src/raspi/irq.o
 .debug_frame   0x000001e4       0x78 src/raspi/main.o
 .debug_frame   0x0000025c       0x30 src/raspi/maindebug.o
 .debug_frame   0x0000028c       0x88 src/raspi/mpu60x0.o
 .debug_frame   0x00000314       0xb0 src/raspi/spi.o
 .debug_frame   0x000003c4       0x48 src/raspi/support.o
 .debug_frame   0x0000040c       0xe4 src/raspi/uart.o
 .debug_frame   0x000004f0       0x2c /mnt/scratch/gnuarm/arm-none-eabi/lib//libc.a(lib_a-memset.o)
 .debug_frame   0x0000051c       0x58 /mnt/scratch/gnuarm/arm-none-eabi/lib//libc.a(lib_a-printf.o)
 .debug_frame   0x00000574       0x60 /mnt/scratch/gnuarm/arm-none-eabi/lib//libc.a(lib_a-sprintf.o)
 .debug_frame   0x000005d4       0x3c /mnt/scratch/gnuarm/arm-none-eabi/lib//libc.a(lib_a-svfprintf.o)
 .debug_frame   0x00000610       0x84 /mnt/scratch/gnuarm/arm-none-eabi/lib//libc.a(lib_a-vfprintf.o)
 .debug_frame   0x00000694       0x2c /mnt/scratch/gnuarm/arm-none-eabi/lib//libc.a(lib_a-wsetup.o)
 .debug_frame   0x000006c0       0x64 /mnt/scratch/gnuarm/arm-none-eabi/lib//libc.a(lib_a-dtoa.o)
 .debug_frame   0x00000724       0x64 /mnt/scratch/gnuarm/arm-none-eabi/lib//libc.a(lib_a-fflush.o)
 .debug_frame   0x00000788      0x130 /mnt/scratch/gnuarm/arm-none-eabi/lib//libc.a(lib_a-findfp.o)
 .debug_frame   0x000008b8       0x50 /mnt/scratch/gnuarm/arm-none-eabi/lib//libc.a(lib_a-freer.o)
 .debug_frame   0x00000908       0x54 /mnt/scratch/gnuarm/arm-none-eabi/lib//libc.a(lib_a-fwalk.o)
 .debug_frame   0x0000095c       0x98 /mnt/scratch/gnuarm/arm-none-eabi/lib//libc.a(lib_a-locale.o)
 .debug_frame   0x000009f4       0x30 /mnt/scratch/gnuarm/arm-none-eabi/lib//libc.a(lib_a-makebuf.o)
 .debug_frame   0x00000a24       0x38 /mnt/scratch/gnuarm/arm-none-eabi/lib//libc.a(lib_a-mallocr.o)
 .debug_frame   0x00000a5c       0x2c /mnt/scratch/gnuarm/arm-none-eabi/lib//libc.a(lib_a-memchr-stub.o)
 .debug_frame   0x00000a88       0x2c /mnt/scratch/gnuarm/arm-none-eabi/lib//libc.a(lib_a-memcpy-stub.o)
 .debug_frame   0x00000ab4       0x30 /mnt/scratch/gnuarm/arm-none-eabi/lib//libc.a(lib_a-mlock.o)
 .debug_frame   0x00000ae4      0x210 /mnt/scratch/gnuarm/arm-none-eabi/lib//libc.a(lib_a-mprec.o)
 .debug_frame   0x00000cf4       0x20 /mnt/scratch/gnuarm/arm-none-eabi/lib//libc.a(lib_a-s_fpclassify.o)
 .debug_frame   0x00000d14       0x2c /mnt/scratch/gnuarm/arm-none-eabi/lib//libc.a(lib_a-sbrkr.o)
 .debug_frame   0x00000d40       0x88 /mnt/scratch/gnuarm/arm-none-eabi/lib//libc.a(lib_a-stdio.o)
 .debug_frame   0x00000dc8       0x20 /mnt/scratch/gnuarm/arm-none-eabi/lib//libc.a(lib_a-strlen.o)
 .debug_frame   0x00000de8       0x64 /mnt/scratch/gnuarm/arm-none-eabi/lib//libc.a(lib_a-svfiprintf.o)
 .debug_frame   0x00000e4c      0x178 /mnt/scratch/gnuarm/arm-none-eabi/lib//libc.a(lib_a-syscalls.o)
 .debug_frame   0x00000fc4       0xb8 /mnt/scratch/gnuarm/arm-none-eabi/lib//libc.a(lib_a-vfiprintf.o)
 .debug_frame   0x0000107c       0x2c /mnt/scratch/gnuarm/arm-none-eabi/lib//libc.a(lib_a-writer.o)
 .debug_frame   0x000010a8       0x28 /mnt/scratch/gnuarm/arm-none-eabi/lib//libc.a(lib_a-callocr.o)
 .debug_frame   0x000010d0       0x2c /mnt/scratch/gnuarm/arm-none-eabi/lib//libc.a(lib_a-closer.o)
 .debug_frame   0x000010fc       0x20 /mnt/scratch/gnuarm/arm-none-eabi/lib//libc.a(lib_a-errno.o)
 .debug_frame   0x0000111c       0x3c /mnt/scratch/gnuarm/arm-none-eabi/lib//libc.a(lib_a-fclose.o)
 .debug_frame   0x00001158       0x50 /mnt/scratch/gnuarm/arm-none-eabi/lib//libc.a(lib_a-fputwc.o)
 .debug_frame   0x000011a8       0x2c /mnt/scratch/gnuarm/arm-none-eabi/lib//libc.a(lib_a-fstatr.o)
 .debug_frame   0x000011d4       0x38 /mnt/scratch/gnuarm/arm-none-eabi/lib//libc.a(lib_a-fvwrite.o)
 .debug_frame   0x0000120c       0x2c /mnt/scratch/gnuarm/arm-none-eabi/lib//libc.a(lib_a-isattyr.o)
 .debug_frame   0x00001238       0x2c /mnt/scratch/gnuarm/arm-none-eabi/lib//libc.a(lib_a-lseekr.o)
 .debug_frame   0x00001264       0x2c /mnt/scratch/gnuarm/arm-none-eabi/lib//libc.a(lib_a-memmove.o)
 .debug_frame   0x00001290       0x2c /mnt/scratch/gnuarm/arm-none-eabi/lib//libc.a(lib_a-readr.o)
 .debug_frame   0x000012bc       0x38 /mnt/scratch/gnuarm/arm-none-eabi/lib//libc.a(lib_a-reallocr.o)
 .debug_frame   0x000012f4       0x68 /mnt/scratch/gnuarm/arm-none-eabi/lib//libc.a(lib_a-reent.o)
 .debug_frame   0x0000135c       0x3c /mnt/scratch/gnuarm/arm-none-eabi/lib//libc.a(lib_a-wbuf.o)
 .debug_frame   0x00001398       0x58 /mnt/scratch/gnuarm/arm-none-eabi/lib//libc.a(lib_a-wcrtomb.o)
 .debug_frame   0x000013f0       0x44 /mnt/scratch/gnuarm/arm-none-eabi/lib//libc.a(lib_a-wctomb_r.o)
 .debug_frame   0x00001434       0x20 /mnt/scratch/gnuarm/lib/gcc/arm-none-eabi/4.8.1/libgcc.a(_udivsi3.o)
 .debug_frame   0x00001454       0x20 /mnt/scratch/gnuarm/lib/gcc/arm-none-eabi/4.8.1/libgcc.a(_divsi3.o)