Archive member included because of file (symbol)

/mnt/scratch/gnuarm/arm-none-eabi/lib//libc.a(lib_a-memset.o)
                              src/raspi/irq.o (memset)
/mnt/scratch/gnuarm/arm-none-eabi/lib//libc.a(lib_a-sprintf.o)
                              src/raspi/main.o (sprintf)
/mnt/scratch/gnuarm/arm-none-eabi/lib//libc.a(lib_a-svfprintf.o)
                              /mnt/scratch/gnuarm/arm-none-eabi/lib//libc.a(lib_a-sprintf.o) (_svfprintf_r)
/mnt/scratch/gnuarm/arm-none-eabi/lib//libc.a(lib_a-dtoa.o)
                              /mnt/scratch/gnuarm/arm-none-eabi/lib//libc.a(lib_a-svfprintf.o) (_dtoa_r)
/mnt/scratch/gnuarm/arm-none-eabi/lib//libc.a(lib_a-impure.o)
                              /mnt/scratch/gnuarm/arm-none-eabi/lib//libc.a(lib_a-sprintf.o) (_impure_ptr)
/mnt/scratch/gnuarm/arm-none-eabi/lib//libc.a(lib_a-locale.o)
                              /mnt/scratch/gnuarm/arm-none-eabi/lib//libc.a(lib_a-svfprintf.o) (_localeconv_r)
/mnt/scratch/gnuarm/arm-none-eabi/lib//libc.a(lib_a-mallocr.o)
                              /mnt/scratch/gnuarm/arm-none-eabi/lib//libc.a(lib_a-svfprintf.o) (_malloc_r)
/mnt/scratch/gnuarm/arm-none-eabi/lib//libc.a(lib_a-memchr-stub.o)
                              /mnt/scratch/gnuarm/arm-none-eabi/lib//libc.a(lib_a-svfprintf.o) (memchr)
/mnt/scratch/gnuarm/arm-none-eabi/lib//libc.a(lib_a-memcpy-stub.o)
                              /mnt/scratch/gnuarm/arm-none-eabi/lib//libc.a(lib_a-dtoa.o) (memcpy)
/mnt/scratch/gnuarm/arm-none-eabi/lib//libc.a(lib_a-mlock.o)
                              /mnt/scratch/gnuarm/arm-none-eabi/lib//libc.a(lib_a-mallocr.o) (__malloc_lock)
/mnt/scratch/gnuarm/arm-none-eabi/lib//libc.a(lib_a-mprec.o)
                              /mnt/scratch/gnuarm/arm-none-eabi/lib//libc.a(lib_a-dtoa.o) (_Balloc)
/mnt/scratch/gnuarm/arm-none-eabi/lib//libc.a(lib_a-s_fpclassify.o)
                              /mnt/scratch/gnuarm/arm-none-eabi/lib//libc.a(lib_a-svfprintf.o) (__fpclassifyd)
/mnt/scratch/gnuarm/arm-none-eabi/lib//libc.a(lib_a-sbrkr.o)
                              /mnt/scratch/gnuarm/arm-none-eabi/lib//libc.a(lib_a-mallocr.o) (_sbrk_r)
/mnt/scratch/gnuarm/arm-none-eabi/lib//libc.a(lib_a-strcmp.o)
                              /mnt/scratch/gnuarm/arm-none-eabi/lib//libc.a(lib_a-locale.o) (strcmp)
/mnt/scratch/gnuarm/arm-none-eabi/lib//libc.a(lib_a-strlen.o)
                              /mnt/scratch/gnuarm/arm-none-eabi/lib//libc.a(lib_a-svfprintf.o) (strlen)
/mnt/scratch/gnuarm/arm-none-eabi/lib//libc.a(lib_a-svfiprintf.o)
                              /mnt/scratch/gnuarm/arm-none-eabi/lib//libc.a(lib_a-svfprintf.o) (__ssprint_r)
/mnt/scratch/gnuarm/arm-none-eabi/lib//libc.a(lib_a-syscalls.o)
                              /mnt/scratch/gnuarm/arm-none-eabi/lib//libc.a(lib_a-sbrkr.o) (_sbrk)
/mnt/scratch/gnuarm/arm-none-eabi/lib//libc.a(lib_a-callocr.o)
                              /mnt/scratch/gnuarm/arm-none-eabi/lib//libc.a(lib_a-mprec.o) (_calloc_r)
/mnt/scratch/gnuarm/arm-none-eabi/lib//libc.a(lib_a-errno.o)
                              /mnt/scratch/gnuarm/arm-none-eabi/lib//libc.a(lib_a-syscalls.o) (__errno)
/mnt/scratch/gnuarm/arm-none-eabi/lib//libc.a(lib_a-freer.o)
                              /mnt/scratch/gnuarm/arm-none-eabi/lib//libc.a(lib_a-mallocr.o) (_free_r)
/mnt/scratch/gnuarm/arm-none-eabi/lib//libc.a(lib_a-memmove.o)
                              /mnt/scratch/gnuarm/arm-none-eabi/lib//libc.a(lib_a-svfiprintf.o) (memmove)
/mnt/scratch/gnuarm/arm-none-eabi/lib//libc.a(lib_a-reallocr.o)
                              /mnt/scratch/gnuarm/arm-none-eabi/lib//libc.a(lib_a-svfiprintf.o) (_realloc_r)
/mnt/scratch/gnuarm/arm-none-eabi/lib//libc.a(lib_a-reent.o)
                              /mnt/scratch/gnuarm/arm-none-eabi/lib//libc.a(lib_a-sbrkr.o) (errno)
/mnt/scratch/gnuarm/lib/gcc/arm-none-eabi/4.8.1/libgcc.a(_udivsi3.o)
                              /mnt/scratch/gnuarm/arm-none-eabi/lib//libc.a(lib_a-dtoa.o) (__aeabi_uidiv)
/mnt/scratch/gnuarm/lib/gcc/arm-none-eabi/4.8.1/libgcc.a(_dvmd_tls.o)
                              /mnt/scratch/gnuarm/lib/gcc/arm-none-eabi/4.8.1/libgcc.a(_udivsi3.o) (__aeabi_idiv0)
/mnt/scratch/gnuarm/lib/gcc/arm-none-eabi/4.8.1/libgcc.a(_arm_addsubdf3.o)
                              /mnt/scratch/gnuarm/arm-none-eabi/lib//libc.a(lib_a-dtoa.o) (__aeabi_dsub)
/mnt/scratch/gnuarm/lib/gcc/arm-none-eabi/4.8.1/libgcc.a(_arm_muldivdf3.o)
                              /mnt/scratch/gnuarm/arm-none-eabi/lib//libc.a(lib_a-dtoa.o) (__aeabi_dmul)
/mnt/scratch/gnuarm/lib/gcc/arm-none-eabi/4.8.1/libgcc.a(_arm_cmpdf2.o)
                              /mnt/scratch/gnuarm/arm-none-eabi/lib//libc.a(lib_a-svfprintf.o) (__aeabi_dcmpeq)
/mnt/scratch/gnuarm/lib/gcc/arm-none-eabi/4.8.1/libgcc.a(_arm_fixdfsi.o)
                              /mnt/scratch/gnuarm/arm-none-eabi/lib//libc.a(lib_a-dtoa.o) (__aeabi_d2iz)

Allocating common symbols
Common symbol       size              file

prev_heap_end       0x4               /mnt/scratch/gnuarm/arm-none-eabi/lib//libc.a(lib_a-syscalls.o)
errno               0x4               /mnt/scratch/gnuarm/arm-none-eabi/lib//libc.a(lib_a-reent.o)
irq_handlers        0x100             src/raspi/irq.o

Memory Configuration

Name             Origin             Length             Attributes
ram              0x00008000         0x10000000
*default*        0x00000000         0xffffffff

Linker script and memory map

LOAD src/raspi/vectors.o
LOAD src/raspi/gpio.o
LOAD src/raspi/irq.o
LOAD src/raspi/main.o
LOAD src/raspi/mpu60x0.o
LOAD src/raspi/mpu60x0regs.o
LOAD src/raspi/spi.o
LOAD src/raspi/support.o
LOAD src/raspi/uart.o

.text           0x00008000     0x86c4
 *(.text)
 .text          0x00008000       0xd4 src/raspi/vectors.o
                0x00008000                _start
                0x00008084                PUT32
                0x0000808c                PUT16
                0x00008094                PUT8
                0x0000809c                GET32
                0x000080a4                GETPC
                0x000080ac                BRANCHTO
                0x000080b0                dummy
                0x000080b4                enable_irq
 .text          0x000080d4       0x64 src/raspi/gpio.o
                0x000080d4                gpio_function_select
 .text          0x00008138      0x1e4 src/raspi/irq.o
                0x00008138                irq_gpio_falling_edge_en
                0x00008194                enable_interrupt_for_irq
                0x000081f8                c_irq_handler
                0x000082c0                register_irq_handler
                0x000082fc                c_enable_irq
 .text          0x0000831c      0x210 src/raspi/main.o
                0x0000831c                gpio_irq
                0x00008344                not_main
 .text          0x0000852c      0x2ac src/raspi/mpu60x0.o
                0x0000852c                mpu60x0_enable_interrupt
                0x00008538                mpu60x0_init
                0x000085dc                mpu60x0_get_reading
 .text          0x000087d8        0x0 src/raspi/mpu60x0regs.o
 .text          0x000087d8      0x1c4 src/raspi/spi.o
                0x000087d8                spi_pin_init
                0x0000882c                spi_begin
                0x0000885c                spi_transfer
                0x000088d4                spi_write
                0x00008928                spi_read
                0x00008980                spi_end
 .text          0x0000899c       0x1c src/raspi/support.o
                0x0000899c                wait
 .text          0x000089b8      0x1c8 src/raspi/uart.o
                0x000089b8                uart_init
                0x00008ac0                uart_putc
                0x00008af0                uart_getc
                0x00008b30                uart_puts
                0x00008b58                uart_putbuf
 .text          0x00008b80       0xf4 /mnt/scratch/gnuarm/arm-none-eabi/lib//libc.a(lib_a-memset.o)
                0x00008b80                memset
 .text          0x00008c74       0xdc /mnt/scratch/gnuarm/arm-none-eabi/lib//libc.a(lib_a-sprintf.o)
                0x00008c74                _sprintf_r
                0x00008cdc                sprintf
 .text          0x00008d50     0x1ce4 /mnt/scratch/gnuarm/arm-none-eabi/lib//libc.a(lib_a-svfprintf.o)
                0x00008d50                _svfprintf_r
 *fill*         0x0000aa34        0x4 00
 .text          0x0000aa38     0x18d8 /mnt/scratch/gnuarm/arm-none-eabi/lib//libc.a(lib_a-dtoa.o)
                0x0000ac18                _dtoa_r
 .text          0x0000c310        0x0 /mnt/scratch/gnuarm/arm-none-eabi/lib//libc.a(lib_a-impure.o)
 .text          0x0000c310       0xd0 /mnt/scratch/gnuarm/arm-none-eabi/lib//libc.a(lib_a-locale.o)
                0x0000c310                _setlocale_r
                0x0000c380                __locale_charset
                0x0000c38c                __locale_mb_cur_max
                0x0000c39c                __locale_msgcharset
                0x0000c3a8                __locale_cjk_lang
                0x0000c3b0                _localeconv_r
                0x0000c3bc                setlocale
                0x0000c3d4                localeconv
 .text          0x0000c3e0      0x72c /mnt/scratch/gnuarm/arm-none-eabi/lib//libc.a(lib_a-mallocr.o)
                0x0000c3e0                _malloc_r
 .text          0x0000cb0c      0x114 /mnt/scratch/gnuarm/arm-none-eabi/lib//libc.a(lib_a-memchr-stub.o)
                0x0000cb0c                memchr
 .text          0x0000cc20       0xf0 /mnt/scratch/gnuarm/arm-none-eabi/lib//libc.a(lib_a-memcpy-stub.o)
                0x0000cc20                memcpy
 .text          0x0000cd10        0x8 /mnt/scratch/gnuarm/arm-none-eabi/lib//libc.a(lib_a-mlock.o)
                0x0000cd10                __malloc_lock
                0x0000cd14                __malloc_unlock
 .text          0x0000cd18      0xd30 /mnt/scratch/gnuarm/arm-none-eabi/lib//libc.a(lib_a-mprec.o)
                0x0000cd18                _Balloc
                0x0000cda4                _Bfree
                0x0000cdc0                __multadd
                0x0000ce9c                __s2b
                0x0000cf84                __hi0bits
                0x0000cfe0                __lo0bits
                0x0000d074                __i2b
                0x0000d098                __multiply
                0x0000d280                __pow5mult
                0x0000d384                __lshift
                0x0000d490                __mcmp
                0x0000d4f0                __mdiff
                0x0000d634                __ulp
                0x0000d698                __b2d
                0x0000d770                __d2b
                0x0000d87c                __ratio
                0x0000d904                _mprec_log10
                0x0000d95c                __copybits
                0x0000d9cc                __any_on
 .text          0x0000da48       0x6c /mnt/scratch/gnuarm/arm-none-eabi/lib//libc.a(lib_a-s_fpclassify.o)
                0x0000da48                __fpclassifyd
 .text          0x0000dab4       0x44 /mnt/scratch/gnuarm/arm-none-eabi/lib//libc.a(lib_a-sbrkr.o)
                0x0000dab4                _sbrk_r
 .text          0x0000daf8      0x230 /mnt/scratch/gnuarm/arm-none-eabi/lib//libc.a(lib_a-strcmp.o)
                0x0000daf8                strcmp
 .text          0x0000dd28       0x60 /mnt/scratch/gnuarm/arm-none-eabi/lib//libc.a(lib_a-strlen.o)
                0x0000dd28                strlen
 .text          0x0000dd88     0x101c /mnt/scratch/gnuarm/arm-none-eabi/lib//libc.a(lib_a-svfiprintf.o)
                0x0000dd88                __ssprint_r
                0x0000df34                _svfiprintf_r
 .text          0x0000eda4      0x150 /mnt/scratch/gnuarm/arm-none-eabi/lib//libc.a(lib_a-syscalls.o)
                0x0000eda4                initialise_monitor_handles
                0x0000eda8                _read
                0x0000edb0                _lseek
                0x0000edb8                _write
                0x0000ede8                _open
                0x0000edf8                _close
                0x0000ee00                _exit
                0x0000ee04                _kill
                0x0000ee0c                _getpid
                0x0000ee14                _sbrk
                0x0000ee3c                _fstat
                0x0000ee44                _stat
                0x0000ee4c                _link
                0x0000ee54                _unlink
                0x0000ee5c                _raise
                0x0000ee60                _gettimeofday
                0x0000ee88                _times
                0x0000eea8                _isatty
                0x0000eeb0                _system
                0x0000eed8                _rename
 .text          0x0000eef4       0x9c /mnt/scratch/gnuarm/arm-none-eabi/lib//libc.a(lib_a-callocr.o)
                0x0000eef4                _calloc_r
 .text          0x0000ef90       0x10 /mnt/scratch/gnuarm/arm-none-eabi/lib//libc.a(lib_a-errno.o)
                0x0000ef90                __errno
 .text          0x0000efa0      0x36c /mnt/scratch/gnuarm/arm-none-eabi/lib//libc.a(lib_a-freer.o)
                0x0000efa0                _malloc_trim_r
                0x0000f0a0                _free_r
 .text          0x0000f30c      0x134 /mnt/scratch/gnuarm/arm-none-eabi/lib//libc.a(lib_a-memmove.o)
                0x0000f30c                memmove
 .text          0x0000f440      0x56c /mnt/scratch/gnuarm/arm-none-eabi/lib//libc.a(lib_a-reallocr.o)
                0x0000f440                _realloc_r
 .text          0x0000f9ac      0x1a8 /mnt/scratch/gnuarm/arm-none-eabi/lib//libc.a(lib_a-reent.o)
                0x0000f9ac                cleanup_glue
                0x0000f9d8                _reclaim_reent
                0x0000fae0                _wrapup_reent
 .text          0x0000fb54      0x114 /mnt/scratch/gnuarm/lib/gcc/arm-none-eabi/4.8.1/libgcc.a(_udivsi3.o)
                0x0000fb54                __udivsi3
                0x0000fb54                __aeabi_uidiv
                0x0000fc48                __aeabi_uidivmod
 .text          0x0000fc68        0x4 /mnt/scratch/gnuarm/lib/gcc/arm-none-eabi/4.8.1/libgcc.a(_dvmd_tls.o)
                0x0000fc68                __aeabi_ldiv0
                0x0000fc68                __aeabi_idiv0
 .text          0x0000fc6c      0x41c /mnt/scratch/gnuarm/lib/gcc/arm-none-eabi/4.8.1/libgcc.a(_arm_addsubdf3.o)
                0x0000fc6c                __aeabi_drsub
                0x0000fc74                __aeabi_dsub
                0x0000fc74                __subdf3
                0x0000fc78                __adddf3
                0x0000fc78                __aeabi_dadd
                0x0000ff88                __aeabi_ui2d
                0x0000ff88                __floatunsidf
                0x0000ffac                __floatsidf
                0x0000ffac                __aeabi_i2d
                0x0000ffd4                __extendsfdf2
                0x0000ffd4                __aeabi_f2d
                0x00010014                __aeabi_ul2d
                0x00010014                __floatundidf
                0x00010028                __floatdidf
                0x00010028                __aeabi_l2d
 .text          0x00010088      0x49c /mnt/scratch/gnuarm/lib/gcc/arm-none-eabi/4.8.1/libgcc.a(_arm_muldivdf3.o)
                0x00010088                __aeabi_dmul
                0x00010088                __muldf3
                0x00010318                __aeabi_ddiv
                0x00010318                __divdf3
 .text          0x00010524      0x144 /mnt/scratch/gnuarm/lib/gcc/arm-none-eabi/4.8.1/libgcc.a(_arm_cmpdf2.o)
                0x00010524                __gtdf2
                0x00010524                __gedf2
                0x0001052c                __ltdf2
                0x0001052c                __ledf2
                0x00010534                __cmpdf2
                0x00010534                __eqdf2
                0x00010534                __nedf2
                0x000105bc                __aeabi_cdrcmple
                0x000105d8                __aeabi_cdcmple
                0x000105d8                __aeabi_cdcmpeq
                0x000105f0                __aeabi_dcmpeq
                0x00010608                __aeabi_dcmplt
                0x00010620                __aeabi_dcmple
                0x00010638                __aeabi_dcmpge
                0x00010650                __aeabi_dcmpgt
 .text          0x00010668       0x5c /mnt/scratch/gnuarm/lib/gcc/arm-none-eabi/4.8.1/libgcc.a(_arm_fixdfsi.o)
                0x00010668                __fixdfsi
                0x00010668                __aeabi_d2iz

.rodata         0x000106c8      0x1b8
 .rodata        0x000106c8        0x8 src/raspi/irq.o
                0x000106c8                IRQ_BITS_PER_REG
                0x000106cc                GPIO_TOTAL
 .rodata        0x000106d0       0x40 src/raspi/mpu60x0regs.o
                0x000106d0                inv_mpu60x0_gyro_conv_ratio
                0x000106f0                inv_mpu60x0_accl_conv_ratio
 .rodata        0x00010710       0x20 /mnt/scratch/gnuarm/arm-none-eabi/lib//libc.a(lib_a-svfprintf.o)
 .rodata        0x00010730        0x4 /mnt/scratch/gnuarm/arm-none-eabi/lib//libc.a(lib_a-impure.o)
                0x00010730                _global_impure_ptr
 *fill*         0x00010734        0x4 00
 .rodata        0x00010738      0x128 /mnt/scratch/gnuarm/arm-none-eabi/lib//libc.a(lib_a-mprec.o)
                0x00010748                __mprec_tens
                0x00010810                __mprec_tinytens
                0x00010838                __mprec_bigtens
 .rodata        0x00010860       0x20 /mnt/scratch/gnuarm/arm-none-eabi/lib//libc.a(lib_a-svfiprintf.o)

.rodata.str1.4  0x00010880       0xd0
 .rodata.str1.4
                0x00010880       0x69 src/raspi/main.o
                                 0x6c (size before relaxing)
 *fill*         0x000108e9        0x3 00
 .rodata.str1.4
                0x000108ec       0x42 /mnt/scratch/gnuarm/arm-none-eabi/lib//libc.a(lib_a-svfprintf.o)
                                 0x44 (size before relaxing)
 *fill*         0x0001092e        0x2 00
 .rodata.str1.4
                0x00010930       0x10 /mnt/scratch/gnuarm/arm-none-eabi/lib//libc.a(lib_a-dtoa.o)
                                 0x14 (size before relaxing)
 .rodata.str1.4
                0x00010940        0x2 /mnt/scratch/gnuarm/arm-none-eabi/lib//libc.a(lib_a-impure.o)
                                  0x4 (size before relaxing)
 *fill*         0x00010942        0x2 00
 .rodata.str1.4
                0x00010944        0xc /mnt/scratch/gnuarm/arm-none-eabi/lib//libc.a(lib_a-locale.o)
                                 0x14 (size before relaxing)
 .rodata.str1.4
                0x00000000       0x30 /mnt/scratch/gnuarm/arm-none-eabi/lib//libc.a(lib_a-svfiprintf.o)

.glue_7         0x00010950        0x0
 .glue_7        0x00000000        0x0 linker stubs

.glue_7t        0x00010950        0x0
 .glue_7t       0x00000000        0x0 linker stubs

.vfp11_veneer   0x00010950        0x0
 .vfp11_veneer  0x00000000        0x0 linker stubs

.v4_bx          0x00010950        0x0
 .v4_bx         0x00000000        0x0 linker stubs

.iplt           0x00010950        0x0
 .iplt          0x00000000        0x0 src/raspi/vectors.o

.rel.dyn        0x00010950        0x0
 .rel.iplt      0x00000000        0x0 src/raspi/vectors.o

.data           0x00010950      0x928
 *(.data)
 .data          0x00010950        0x0 src/raspi/vectors.o
 .data          0x00010950       0x10 src/raspi/gpio.o
                0x00010950                GPIO_GPFSEL0
                0x00010954                GPIO_GPLEV0
                0x00010958                GPIO_GPCLR0
                0x0001095c                GPIO_GPSET0
 .data          0x00010960       0x40 src/raspi/irq.o
                0x00010960                GPIO_FEN0
                0x00010964                IRQ_TOTAL
                0x00010968                IRQ_IRQ1ENABLE
                0x0001096c                IRQ_PENDING1
                0x00010970                IRQ_PENDING2
                0x00010974                GPIO_INT3
                0x00010978                GPIO_INT2
                0x0001097c                GPIO_INT1
                0x00010980                GPIO_INT0
                0x00010984                IRQ_BASICDISABLE
                0x00010988                IRQ_IRQ1DISABLE
                0x0001098c                IRQ_BASICENABLE
                0x00010990                IRQ_IRQ2ENABLE
                0x00010994                IRQ_FIQ_CONTROL
                0x00010998                IRQ_BASICPENDING
                0x0001099c                IRQBASE
 .data          0x000109a0        0x0 src/raspi/main.o
 .data          0x000109a0        0x0 src/raspi/mpu60x0.o
 .data          0x000109a0        0x0 src/raspi/mpu60x0regs.o
 .data          0x000109a0       0x18 src/raspi/spi.o
                0x000109a0                SPI0_CONTROL
                0x000109a4                SPI0_CLK
                0x000109a8                SPI0_FIFO
                0x000109ac                SPI0_DC
                0x000109b0                SPI0_LTOH
                0x000109b4                SPI0_DLEN
 .data          0x000109b8        0x0 src/raspi/support.o
 .data          0x000109b8        0x0 src/raspi/uart.o
 .data          0x000109b8        0x0 /mnt/scratch/gnuarm/arm-none-eabi/lib//libc.a(lib_a-memset.o)
 .data          0x000109b8        0x0 /mnt/scratch/gnuarm/arm-none-eabi/lib//libc.a(lib_a-sprintf.o)
 .data          0x000109b8        0x0 /mnt/scratch/gnuarm/arm-none-eabi/lib//libc.a(lib_a-svfprintf.o)
 .data          0x000109b8        0x0 /mnt/scratch/gnuarm/arm-none-eabi/lib//libc.a(lib_a-dtoa.o)
 .data          0x000109b8      0x430 /mnt/scratch/gnuarm/arm-none-eabi/lib//libc.a(lib_a-impure.o)
                0x000109b8                _impure_ptr
 .data          0x00010de8       0x7c /mnt/scratch/gnuarm/arm-none-eabi/lib//libc.a(lib_a-locale.o)
                0x00010e08                __mb_cur_max
 .data          0x00010e64      0x410 /mnt/scratch/gnuarm/arm-none-eabi/lib//libc.a(lib_a-mallocr.o)
                0x00010e64                __malloc_av_
                0x0001126c                __malloc_sbrk_base
                0x00011270                __malloc_trim_threshold
 .data          0x00011274        0x0 /mnt/scratch/gnuarm/arm-none-eabi/lib//libc.a(lib_a-memchr-stub.o)
 .data          0x00011274        0x0 /mnt/scratch/gnuarm/arm-none-eabi/lib//libc.a(lib_a-memcpy-stub.o)
 .data          0x00011274        0x0 /mnt/scratch/gnuarm/arm-none-eabi/lib//libc.a(lib_a-mlock.o)
 .data          0x00011274        0x0 /mnt/scratch/gnuarm/arm-none-eabi/lib//libc.a(lib_a-mprec.o)
 .data          0x00011274        0x0 /mnt/scratch/gnuarm/arm-none-eabi/lib//libc.a(lib_a-s_fpclassify.o)
 .data          0x00011274        0x0 /mnt/scratch/gnuarm/arm-none-eabi/lib//libc.a(lib_a-sbrkr.o)
 .data          0x00011274        0x0 /mnt/scratch/gnuarm/arm-none-eabi/lib//libc.a(lib_a-strcmp.o)
 .data          0x00011274        0x0 /mnt/scratch/gnuarm/arm-none-eabi/lib//libc.a(lib_a-strlen.o)
 .data          0x00011274        0x0 /mnt/scratch/gnuarm/arm-none-eabi/lib//libc.a(lib_a-svfiprintf.o)
 .data          0x00011274        0x4 /mnt/scratch/gnuarm/arm-none-eabi/lib//libc.a(lib_a-syscalls.o)
                0x00011274                heap_end
 .data          0x00011278        0x0 /mnt/scratch/gnuarm/arm-none-eabi/lib//libc.a(lib_a-callocr.o)
 .data          0x00011278        0x0 /mnt/scratch/gnuarm/arm-none-eabi/lib//libc.a(lib_a-errno.o)
 .data          0x00011278        0x0 /mnt/scratch/gnuarm/arm-none-eabi/lib//libc.a(lib_a-freer.o)
 .data          0x00011278        0x0 /mnt/scratch/gnuarm/arm-none-eabi/lib//libc.a(lib_a-memmove.o)
 .data          0x00011278        0x0 /mnt/scratch/gnuarm/arm-none-eabi/lib//libc.a(lib_a-reallocr.o)
 .data          0x00011278        0x0 /mnt/scratch/gnuarm/arm-none-eabi/lib//libc.a(lib_a-reent.o)
 .data          0x00011278        0x0 /mnt/scratch/gnuarm/lib/gcc/arm-none-eabi/4.8.1/libgcc.a(_udivsi3.o)
 .data          0x00011278        0x0 /mnt/scratch/gnuarm/lib/gcc/arm-none-eabi/4.8.1/libgcc.a(_dvmd_tls.o)
 .data          0x00011278        0x0 /mnt/scratch/gnuarm/lib/gcc/arm-none-eabi/4.8.1/libgcc.a(_arm_addsubdf3.o)
 .data          0x00011278        0x0 /mnt/scratch/gnuarm/lib/gcc/arm-none-eabi/4.8.1/libgcc.a(_arm_muldivdf3.o)
 .data          0x00011278        0x0 /mnt/scratch/gnuarm/lib/gcc/arm-none-eabi/4.8.1/libgcc.a(_arm_cmpdf2.o)
 .data          0x00011278        0x0 /mnt/scratch/gnuarm/lib/gcc/arm-none-eabi/4.8.1/libgcc.a(_arm_fixdfsi.o)
                0x00011278                __bss_start__ = .

.igot.plt       0x00011278        0x0
 .igot.plt      0x00000000        0x0 src/raspi/vectors.o

.bss            0x00011278      0x14c
 *(.bss)
 .bss           0x00011278        0x0 src/raspi/vectors.o
 .bss           0x00011278        0x0 src/raspi/gpio.o
 .bss           0x00011278        0x0 src/raspi/irq.o
 .bss           0x00011278        0x4 src/raspi/main.o
                0x00011278                flag
 .bss           0x0001127c        0x0 src/raspi/mpu60x0.o
 .bss           0x0001127c        0x0 src/raspi/mpu60x0regs.o
 .bss           0x0001127c        0x0 src/raspi/spi.o
 .bss           0x0001127c        0x0 src/raspi/support.o
 .bss           0x0001127c        0x0 src/raspi/uart.o
 .bss           0x0001127c        0x0 /mnt/scratch/gnuarm/arm-none-eabi/lib//libc.a(lib_a-memset.o)
 .bss           0x0001127c        0x0 /mnt/scratch/gnuarm/arm-none-eabi/lib//libc.a(lib_a-sprintf.o)
 .bss           0x0001127c        0x0 /mnt/scratch/gnuarm/arm-none-eabi/lib//libc.a(lib_a-svfprintf.o)
 .bss           0x0001127c        0x0 /mnt/scratch/gnuarm/arm-none-eabi/lib//libc.a(lib_a-dtoa.o)
 .bss           0x0001127c        0x0 /mnt/scratch/gnuarm/arm-none-eabi/lib//libc.a(lib_a-impure.o)
 .bss           0x0001127c        0xc /mnt/scratch/gnuarm/arm-none-eabi/lib//libc.a(lib_a-locale.o)
                0x0001127c                _PathLocale
                0x00011280                __mlocale_changed
                0x00011284                __nlocale_changed
 .bss           0x00011288       0x34 /mnt/scratch/gnuarm/arm-none-eabi/lib//libc.a(lib_a-mallocr.o)
                0x00011288                __malloc_top_pad
                0x0001128c                __malloc_current_mallinfo
                0x000112b4                __malloc_max_sbrked_mem
                0x000112b8                __malloc_max_total_mem
 .bss           0x000112bc        0x0 /mnt/scratch/gnuarm/arm-none-eabi/lib//libc.a(lib_a-memchr-stub.o)
 .bss           0x000112bc        0x0 /mnt/scratch/gnuarm/arm-none-eabi/lib//libc.a(lib_a-memcpy-stub.o)
 .bss           0x000112bc        0x0 /mnt/scratch/gnuarm/arm-none-eabi/lib//libc.a(lib_a-mlock.o)
 .bss           0x000112bc        0x0 /mnt/scratch/gnuarm/arm-none-eabi/lib//libc.a(lib_a-mprec.o)
 .bss           0x000112bc        0x0 /mnt/scratch/gnuarm/arm-none-eabi/lib//libc.a(lib_a-s_fpclassify.o)
 .bss           0x000112bc        0x0 /mnt/scratch/gnuarm/arm-none-eabi/lib//libc.a(lib_a-sbrkr.o)
 .bss           0x000112bc        0x0 /mnt/scratch/gnuarm/arm-none-eabi/lib//libc.a(lib_a-strcmp.o)
 .bss           0x000112bc        0x0 /mnt/scratch/gnuarm/arm-none-eabi/lib//libc.a(lib_a-strlen.o)
 .bss           0x000112bc        0x0 /mnt/scratch/gnuarm/arm-none-eabi/lib//libc.a(lib_a-svfiprintf.o)
 .bss           0x000112bc        0x0 /mnt/scratch/gnuarm/arm-none-eabi/lib//libc.a(lib_a-syscalls.o)
 .bss           0x000112bc        0x0 /mnt/scratch/gnuarm/arm-none-eabi/lib//libc.a(lib_a-callocr.o)
 .bss           0x000112bc        0x0 /mnt/scratch/gnuarm/arm-none-eabi/lib//libc.a(lib_a-errno.o)
 .bss           0x000112bc        0x0 /mnt/scratch/gnuarm/arm-none-eabi/lib//libc.a(lib_a-freer.o)
 .bss           0x000112bc        0x0 /mnt/scratch/gnuarm/arm-none-eabi/lib//libc.a(lib_a-memmove.o)
 .bss           0x000112bc        0x0 /mnt/scratch/gnuarm/arm-none-eabi/lib//libc.a(lib_a-reallocr.o)
 .bss           0x000112bc        0x0 /mnt/scratch/gnuarm/arm-none-eabi/lib//libc.a(lib_a-reent.o)
 .bss           0x000112bc        0x0 /mnt/scratch/gnuarm/lib/gcc/arm-none-eabi/4.8.1/libgcc.a(_udivsi3.o)
 .bss           0x000112bc        0x0 /mnt/scratch/gnuarm/lib/gcc/arm-none-eabi/4.8.1/libgcc.a(_dvmd_tls.o)
 .bss           0x000112bc        0x0 /mnt/scratch/gnuarm/lib/gcc/arm-none-eabi/4.8.1/libgcc.a(_arm_addsubdf3.o)
 .bss           0x000112bc        0x0 /mnt/scratch/gnuarm/lib/gcc/arm-none-eabi/4.8.1/libgcc.a(_arm_muldivdf3.o)
 .bss           0x000112bc        0x0 /mnt/scratch/gnuarm/lib/gcc/arm-none-eabi/4.8.1/libgcc.a(_arm_cmpdf2.o)
 .bss           0x000112bc        0x0 /mnt/scratch/gnuarm/lib/gcc/arm-none-eabi/4.8.1/libgcc.a(_arm_fixdfsi.o)
 COMMON         0x000112bc      0x100 src/raspi/irq.o
                0x000112bc                irq_handlers
 COMMON         0x000113bc        0x4 /mnt/scratch/gnuarm/arm-none-eabi/lib//libc.a(lib_a-syscalls.o)
                0x000113bc                prev_heap_end
 COMMON         0x000113c0        0x4 /mnt/scratch/gnuarm/arm-none-eabi/lib//libc.a(lib_a-reent.o)
                0x000113c0                errno
                0x000113c4                __bss_end__ = .
LOAD /mnt/scratch/gnuarm/arm-none-eabi/lib//libc.a
LOAD /mnt/scratch/gnuarm/lib/gcc/arm-none-eabi/4.8.1/libgcc.a
OUTPUT(bin/kernel.elf elf32-littlearm)

.ARM.attributes
                0x00000000       0x34
 .ARM.attributes
                0x00000000       0x26 src/raspi/vectors.o
 .ARM.attributes
                0x00000026       0x38 src/raspi/gpio.o
 .ARM.attributes
                0x0000005e       0x38 src/raspi/irq.o
 .ARM.attributes
                0x00000096       0x38 src/raspi/main.o
 .ARM.attributes
                0x000000ce       0x38 src/raspi/mpu60x0.o
 .ARM.attributes
                0x00000106       0x38 src/raspi/mpu60x0regs.o
 .ARM.attributes
                0x0000013e       0x38 src/raspi/spi.o
 .ARM.attributes
                0x00000176       0x38 src/raspi/support.o
 .ARM.attributes
                0x000001ae       0x38 src/raspi/uart.o
 .ARM.attributes
                0x000001e6       0x30 /mnt/scratch/gnuarm/arm-none-eabi/lib//libc.a(lib_a-memset.o)
 .ARM.attributes
                0x00000216       0x30 /mnt/scratch/gnuarm/arm-none-eabi/lib//libc.a(lib_a-sprintf.o)
 .ARM.attributes
                0x00000246       0x30 /mnt/scratch/gnuarm/arm-none-eabi/lib//libc.a(lib_a-svfprintf.o)
 .ARM.attributes
                0x00000276       0x30 /mnt/scratch/gnuarm/arm-none-eabi/lib//libc.a(lib_a-dtoa.o)
 .ARM.attributes
                0x000002a6       0x30 /mnt/scratch/gnuarm/arm-none-eabi/lib//libc.a(lib_a-impure.o)
 .ARM.attributes
                0x000002d6       0x30 /mnt/scratch/gnuarm/arm-none-eabi/lib//libc.a(lib_a-locale.o)
 .ARM.attributes
                0x00000306       0x30 /mnt/scratch/gnuarm/arm-none-eabi/lib//libc.a(lib_a-mallocr.o)
 .ARM.attributes
                0x00000336       0x30 /mnt/scratch/gnuarm/arm-none-eabi/lib//libc.a(lib_a-memchr-stub.o)
 .ARM.attributes
                0x00000366       0x30 /mnt/scratch/gnuarm/arm-none-eabi/lib//libc.a(lib_a-memcpy-stub.o)
 .ARM.attributes
                0x00000396       0x30 /mnt/scratch/gnuarm/arm-none-eabi/lib//libc.a(lib_a-mlock.o)
 .ARM.attributes
                0x000003c6       0x30 /mnt/scratch/gnuarm/arm-none-eabi/lib//libc.a(lib_a-mprec.o)
 .ARM.attributes
                0x000003f6       0x30 /mnt/scratch/gnuarm/arm-none-eabi/lib//libc.a(lib_a-s_fpclassify.o)
 .ARM.attributes
                0x00000426       0x30 /mnt/scratch/gnuarm/arm-none-eabi/lib//libc.a(lib_a-sbrkr.o)
 .ARM.attributes
                0x00000456       0x16 /mnt/scratch/gnuarm/arm-none-eabi/lib//libc.a(lib_a-strcmp.o)
 .ARM.attributes
                0x0000046c       0x30 /mnt/scratch/gnuarm/arm-none-eabi/lib//libc.a(lib_a-strlen.o)
 .ARM.attributes
                0x0000049c       0x30 /mnt/scratch/gnuarm/arm-none-eabi/lib//libc.a(lib_a-svfiprintf.o)
 .ARM.attributes
                0x000004cc       0x30 /mnt/scratch/gnuarm/arm-none-eabi/lib//libc.a(lib_a-syscalls.o)
 .ARM.attributes
                0x000004fc       0x30 /mnt/scratch/gnuarm/arm-none-eabi/lib//libc.a(lib_a-callocr.o)
 .ARM.attributes
                0x0000052c       0x30 /mnt/scratch/gnuarm/arm-none-eabi/lib//libc.a(lib_a-errno.o)
 .ARM.attributes
                0x0000055c       0x30 /mnt/scratch/gnuarm/arm-none-eabi/lib//libc.a(lib_a-freer.o)
 .ARM.attributes
                0x0000058c       0x30 /mnt/scratch/gnuarm/arm-none-eabi/lib//libc.a(lib_a-memmove.o)
 .ARM.attributes
                0x000005bc       0x30 /mnt/scratch/gnuarm/arm-none-eabi/lib//libc.a(lib_a-reallocr.o)
 .ARM.attributes
                0x000005ec       0x30 /mnt/scratch/gnuarm/arm-none-eabi/lib//libc.a(lib_a-reent.o)
 .ARM.attributes
                0x0000061c       0x18 /mnt/scratch/gnuarm/lib/gcc/arm-none-eabi/4.8.1/libgcc.a(_udivsi3.o)
 .ARM.attributes
                0x00000634       0x18 /mnt/scratch/gnuarm/lib/gcc/arm-none-eabi/4.8.1/libgcc.a(_dvmd_tls.o)
 .ARM.attributes
                0x0000064c       0x18 /mnt/scratch/gnuarm/lib/gcc/arm-none-eabi/4.8.1/libgcc.a(_arm_addsubdf3.o)
 .ARM.attributes
                0x00000664       0x18 /mnt/scratch/gnuarm/lib/gcc/arm-none-eabi/4.8.1/libgcc.a(_arm_muldivdf3.o)
 .ARM.attributes
                0x0000067c       0x18 /mnt/scratch/gnuarm/lib/gcc/arm-none-eabi/4.8.1/libgcc.a(_arm_cmpdf2.o)
 .ARM.attributes
                0x00000694       0x18 /mnt/scratch/gnuarm/lib/gcc/arm-none-eabi/4.8.1/libgcc.a(_arm_fixdfsi.o)

.comment        0x00000000       0x81
 .comment       0x00000000       0x70 src/raspi/gpio.o
                                 0x71 (size before relaxing)
 .comment       0x00000000       0x71 src/raspi/irq.o
 .comment       0x00000000       0x71 src/raspi/main.o
 .comment       0x00000000       0x71 src/raspi/mpu60x0.o
 .comment       0x00000000       0x71 src/raspi/mpu60x0regs.o
 .comment       0x00000000       0x71 src/raspi/spi.o
 .comment       0x00000000       0x71 src/raspi/support.o
 .comment       0x00000000       0x71 src/raspi/uart.o
 .comment       0x00000070       0x11 /mnt/scratch/gnuarm/arm-none-eabi/lib//libc.a(lib_a-memset.o)
                                 0x12 (size before relaxing)
 .comment       0x00000000       0x12 /mnt/scratch/gnuarm/arm-none-eabi/lib//libc.a(lib_a-sprintf.o)
 .comment       0x00000000       0x12 /mnt/scratch/gnuarm/arm-none-eabi/lib//libc.a(lib_a-svfprintf.o)
 .comment       0x00000000       0x12 /mnt/scratch/gnuarm/arm-none-eabi/lib//libc.a(lib_a-dtoa.o)
 .comment       0x00000000       0x12 /mnt/scratch/gnuarm/arm-none-eabi/lib//libc.a(lib_a-impure.o)
 .comment       0x00000000       0x12 /mnt/scratch/gnuarm/arm-none-eabi/lib//libc.a(lib_a-locale.o)
 .comment       0x00000000       0x12 /mnt/scratch/gnuarm/arm-none-eabi/lib//libc.a(lib_a-mallocr.o)
 .comment       0x00000000       0x12 /mnt/scratch/gnuarm/arm-none-eabi/lib//libc.a(lib_a-memchr-stub.o)
 .comment       0x00000000       0x12 /mnt/scratch/gnuarm/arm-none-eabi/lib//libc.a(lib_a-memcpy-stub.o)
 .comment       0x00000000       0x12 /mnt/scratch/gnuarm/arm-none-eabi/lib//libc.a(lib_a-mlock.o)
 .comment       0x00000000       0x12 /mnt/scratch/gnuarm/arm-none-eabi/lib//libc.a(lib_a-mprec.o)
 .comment       0x00000000       0x12 /mnt/scratch/gnuarm/arm-none-eabi/lib//libc.a(lib_a-s_fpclassify.o)
 .comment       0x00000000       0x12 /mnt/scratch/gnuarm/arm-none-eabi/lib//libc.a(lib_a-sbrkr.o)
 .comment       0x00000000       0x12 /mnt/scratch/gnuarm/arm-none-eabi/lib//libc.a(lib_a-strlen.o)
 .comment       0x00000000       0x12 /mnt/scratch/gnuarm/arm-none-eabi/lib//libc.a(lib_a-svfiprintf.o)
 .comment       0x00000000       0x12 /mnt/scratch/gnuarm/arm-none-eabi/lib//libc.a(lib_a-syscalls.o)
 .comment       0x00000000       0x12 /mnt/scratch/gnuarm/arm-none-eabi/lib//libc.a(lib_a-callocr.o)
 .comment       0x00000000       0x12 /mnt/scratch/gnuarm/arm-none-eabi/lib//libc.a(lib_a-errno.o)
 .comment       0x00000000       0x12 /mnt/scratch/gnuarm/arm-none-eabi/lib//libc.a(lib_a-freer.o)
 .comment       0x00000000       0x12 /mnt/scratch/gnuarm/arm-none-eabi/lib//libc.a(lib_a-memmove.o)
 .comment       0x00000000       0x12 /mnt/scratch/gnuarm/arm-none-eabi/lib//libc.a(lib_a-reallocr.o)
 .comment       0x00000000       0x12 /mnt/scratch/gnuarm/arm-none-eabi/lib//libc.a(lib_a-reent.o)

.debug_line     0x00000000     0x4333
 .debug_line    0x00000000       0x70 src/raspi/vectors.o
 .debug_line    0x00000070       0x61 src/raspi/gpio.o
 .debug_line    0x000000d1      0x189 src/raspi/irq.o
 .debug_line    0x0000025a      0x1ea src/raspi/main.o
 .debug_line    0x00000444      0x1b9 src/raspi/mpu60x0.o
 .debug_line    0x000005fd       0xbb src/raspi/mpu60x0regs.o
 .debug_line    0x000006b8      0x12b src/raspi/spi.o
 .debug_line    0x000007e3       0x44 src/raspi/support.o
 .debug_line    0x00000827      0x10f src/raspi/uart.o
 .debug_line    0x00000936      0x122 /mnt/scratch/gnuarm/arm-none-eabi/lib//libc.a(lib_a-memset.o)
 .debug_line    0x00000a58      0x1ad /mnt/scratch/gnuarm/arm-none-eabi/lib//libc.a(lib_a-sprintf.o)
 .debug_line    0x00000c05      0x88f /mnt/scratch/gnuarm/arm-none-eabi/lib//libc.a(lib_a-svfprintf.o)
 .debug_line    0x00001494      0x667 /mnt/scratch/gnuarm/arm-none-eabi/lib//libc.a(lib_a-dtoa.o)
 .debug_line    0x00001afb       0xf2 /mnt/scratch/gnuarm/arm-none-eabi/lib//libc.a(lib_a-impure.o)
 .debug_line    0x00001bed      0x192 /mnt/scratch/gnuarm/arm-none-eabi/lib//libc.a(lib_a-locale.o)
 .debug_line    0x00001d7f      0x349 /mnt/scratch/gnuarm/arm-none-eabi/lib//libc.a(lib_a-mallocr.o)
 .debug_line    0x000020c8      0x133 /mnt/scratch/gnuarm/arm-none-eabi/lib//libc.a(lib_a-memchr-stub.o)
 .debug_line    0x000021fb      0x137 /mnt/scratch/gnuarm/arm-none-eabi/lib//libc.a(lib_a-memcpy-stub.o)
 .debug_line    0x00002332      0x104 /mnt/scratch/gnuarm/arm-none-eabi/lib//libc.a(lib_a-mlock.o)
 .debug_line    0x00002436      0x5b0 /mnt/scratch/gnuarm/arm-none-eabi/lib//libc.a(lib_a-mprec.o)
 .debug_line    0x000029e6      0x11f /mnt/scratch/gnuarm/arm-none-eabi/lib//libc.a(lib_a-s_fpclassify.o)
 .debug_line    0x00002b05      0x15e /mnt/scratch/gnuarm/arm-none-eabi/lib//libc.a(lib_a-sbrkr.o)
 .debug_line    0x00002c63      0x104 /mnt/scratch/gnuarm/arm-none-eabi/lib//libc.a(lib_a-strcmp.o)
 .debug_line    0x00002d67       0xf3 /mnt/scratch/gnuarm/arm-none-eabi/lib//libc.a(lib_a-strlen.o)
 .debug_line    0x00002e5a      0x55e /mnt/scratch/gnuarm/arm-none-eabi/lib//libc.a(lib_a-svfiprintf.o)
 .debug_line    0x000033b8      0x130 /mnt/scratch/gnuarm/arm-none-eabi/lib//libc.a(lib_a-syscalls.o)
 .debug_line    0x000034e8      0x12d /mnt/scratch/gnuarm/arm-none-eabi/lib//libc.a(lib_a-callocr.o)
 .debug_line    0x00003615      0x10d /mnt/scratch/gnuarm/arm-none-eabi/lib//libc.a(lib_a-errno.o)
 .debug_line    0x00003722      0x226 /mnt/scratch/gnuarm/arm-none-eabi/lib//libc.a(lib_a-freer.o)
 .debug_line    0x00003948      0x12e /mnt/scratch/gnuarm/arm-none-eabi/lib//libc.a(lib_a-memmove.o)
 .debug_line    0x00003a76      0x239 /mnt/scratch/gnuarm/arm-none-eabi/lib//libc.a(lib_a-reallocr.o)
 .debug_line    0x00003caf      0x18f /mnt/scratch/gnuarm/arm-none-eabi/lib//libc.a(lib_a-reent.o)
 .debug_line    0x00003e3e       0x8a /mnt/scratch/gnuarm/lib/gcc/arm-none-eabi/4.8.1/libgcc.a(_udivsi3.o)
 .debug_line    0x00003ec8       0x61 /mnt/scratch/gnuarm/lib/gcc/arm-none-eabi/4.8.1/libgcc.a(_dvmd_tls.o)
 .debug_line    0x00003f29      0x164 /mnt/scratch/gnuarm/lib/gcc/arm-none-eabi/4.8.1/libgcc.a(_arm_addsubdf3.o)
 .debug_line    0x0000408d      0x180 /mnt/scratch/gnuarm/lib/gcc/arm-none-eabi/4.8.1/libgcc.a(_arm_muldivdf3.o)
 .debug_line    0x0000420d       0xae /mnt/scratch/gnuarm/lib/gcc/arm-none-eabi/4.8.1/libgcc.a(_arm_cmpdf2.o)
 .debug_line    0x000042bb       0x78 /mnt/scratch/gnuarm/lib/gcc/arm-none-eabi/4.8.1/libgcc.a(_arm_fixdfsi.o)

.debug_info     0x00000000     0xef54
 .debug_info    0x00000000       0x63 src/raspi/vectors.o
 .debug_info    0x00000063      0x126 src/raspi/gpio.o
 .debug_info    0x00000189      0x45d src/raspi/irq.o
 .debug_info    0x000005e6      0x63f src/raspi/main.o
 .debug_info    0x00000c25      0x594 src/raspi/mpu60x0.o
 .debug_info    0x000011b9       0xd0 src/raspi/mpu60x0regs.o
 .debug_info    0x00001289      0x3f2 src/raspi/spi.o
 .debug_info    0x0000167b       0x56 src/raspi/support.o
 .debug_info    0x000016d1      0x443 src/raspi/uart.o
 .debug_info    0x00001b14      0x117 /mnt/scratch/gnuarm/arm-none-eabi/lib//libc.a(lib_a-memset.o)
 .debug_info    0x00001c2b      0x9ee /mnt/scratch/gnuarm/arm-none-eabi/lib//libc.a(lib_a-sprintf.o)
 .debug_info    0x00002619     0x1679 /mnt/scratch/gnuarm/arm-none-eabi/lib//libc.a(lib_a-svfprintf.o)
 .debug_info    0x00003c92     0x132a /mnt/scratch/gnuarm/arm-none-eabi/lib//libc.a(lib_a-dtoa.o)
 .debug_info    0x00004fbc      0x894 /mnt/scratch/gnuarm/arm-none-eabi/lib//libc.a(lib_a-impure.o)
 .debug_info    0x00005850      0xbe5 /mnt/scratch/gnuarm/arm-none-eabi/lib//libc.a(lib_a-locale.o)
 .debug_info    0x00006435      0xd81 /mnt/scratch/gnuarm/arm-none-eabi/lib//libc.a(lib_a-mallocr.o)
 .debug_info    0x000071b6      0x129 /mnt/scratch/gnuarm/arm-none-eabi/lib//libc.a(lib_a-memchr-stub.o)
 .debug_info    0x000072df      0x131 /mnt/scratch/gnuarm/arm-none-eabi/lib//libc.a(lib_a-memcpy-stub.o)
 .debug_info    0x00007410      0x8b4 /mnt/scratch/gnuarm/arm-none-eabi/lib//libc.a(lib_a-mlock.o)
 .debug_info    0x00007cc4     0x1682 /mnt/scratch/gnuarm/arm-none-eabi/lib//libc.a(lib_a-mprec.o)
 .debug_info    0x00009346       0xdb /mnt/scratch/gnuarm/arm-none-eabi/lib//libc.a(lib_a-s_fpclassify.o)
 .debug_info    0x00009421      0x8f4 /mnt/scratch/gnuarm/arm-none-eabi/lib//libc.a(lib_a-sbrkr.o)
 .debug_info    0x00009d15       0xb8 /mnt/scratch/gnuarm/arm-none-eabi/lib//libc.a(lib_a-strcmp.o)
 .debug_info    0x00009dcd       0xb5 /mnt/scratch/gnuarm/arm-none-eabi/lib//libc.a(lib_a-strlen.o)
 .debug_info    0x00009e82      0xffc /mnt/scratch/gnuarm/arm-none-eabi/lib//libc.a(lib_a-svfiprintf.o)
 .debug_info    0x0000ae7e      0x69c /mnt/scratch/gnuarm/arm-none-eabi/lib//libc.a(lib_a-syscalls.o)
 .debug_info    0x0000b51a      0x9e0 /mnt/scratch/gnuarm/arm-none-eabi/lib//libc.a(lib_a-callocr.o)
 .debug_info    0x0000befa      0x889 /mnt/scratch/gnuarm/arm-none-eabi/lib//libc.a(lib_a-errno.o)
 .debug_info    0x0000c783      0xc06 /mnt/scratch/gnuarm/arm-none-eabi/lib//libc.a(lib_a-freer.o)
 .debug_info    0x0000d389      0x131 /mnt/scratch/gnuarm/arm-none-eabi/lib//libc.a(lib_a-memmove.o)
 .debug_info    0x0000d4ba      0xcd4 /mnt/scratch/gnuarm/arm-none-eabi/lib//libc.a(lib_a-reallocr.o)
 .debug_info    0x0000e18e      0xa44 /mnt/scratch/gnuarm/arm-none-eabi/lib//libc.a(lib_a-reent.o)
 .debug_info    0x0000ebd2       0x95 /mnt/scratch/gnuarm/lib/gcc/arm-none-eabi/4.8.1/libgcc.a(_udivsi3.o)
 .debug_info    0x0000ec67       0x95 /mnt/scratch/gnuarm/lib/gcc/arm-none-eabi/4.8.1/libgcc.a(_dvmd_tls.o)
 .debug_info    0x0000ecfc       0x96 /mnt/scratch/gnuarm/lib/gcc/arm-none-eabi/4.8.1/libgcc.a(_arm_addsubdf3.o)
 .debug_info    0x0000ed92       0x96 /mnt/scratch/gnuarm/lib/gcc/arm-none-eabi/4.8.1/libgcc.a(_arm_muldivdf3.o)
 .debug_info    0x0000ee28       0x96 /mnt/scratch/gnuarm/lib/gcc/arm-none-eabi/4.8.1/libgcc.a(_arm_cmpdf2.o)
 .debug_info    0x0000eebe       0x96 /mnt/scratch/gnuarm/lib/gcc/arm-none-eabi/4.8.1/libgcc.a(_arm_fixdfsi.o)

.debug_abbrev   0x00000000     0x33b2
 .debug_abbrev  0x00000000       0x14 src/raspi/vectors.o
 .debug_abbrev  0x00000014       0xa8 src/raspi/gpio.o
 .debug_abbrev  0x000000bc      0x1c5 src/raspi/irq.o
 .debug_abbrev  0x00000281      0x1e0 src/raspi/main.o
 .debug_abbrev  0x00000461      0x1b1 src/raspi/mpu60x0.o
 .debug_abbrev  0x00000612       0x5d src/raspi/mpu60x0regs.o
 .debug_abbrev  0x0000066f      0x1b2 src/raspi/spi.o
 .debug_abbrev  0x00000821       0x48 src/raspi/support.o
 .debug_abbrev  0x00000869      0x14e src/raspi/uart.o
 .debug_abbrev  0x000009b7       0x9f /mnt/scratch/gnuarm/arm-none-eabi/lib//libc.a(lib_a-memset.o)
 .debug_abbrev  0x00000a56      0x218 /mnt/scratch/gnuarm/arm-none-eabi/lib//libc.a(lib_a-sprintf.o)
 .debug_abbrev  0x00000c6e      0x36f /mnt/scratch/gnuarm/arm-none-eabi/lib//libc.a(lib_a-svfprintf.o)
 .debug_abbrev  0x00000fdd      0x2dc /mnt/scratch/gnuarm/arm-none-eabi/lib//libc.a(lib_a-dtoa.o)
 .debug_abbrev  0x000012b9      0x180 /mnt/scratch/gnuarm/arm-none-eabi/lib//libc.a(lib_a-impure.o)
 .debug_abbrev  0x00001439      0x2a3 /mnt/scratch/gnuarm/arm-none-eabi/lib//libc.a(lib_a-locale.o)
 .debug_abbrev  0x000016dc      0x2a2 /mnt/scratch/gnuarm/arm-none-eabi/lib//libc.a(lib_a-mallocr.o)
 .debug_abbrev  0x0000197e       0xba /mnt/scratch/gnuarm/arm-none-eabi/lib//libc.a(lib_a-memchr-stub.o)
 .debug_abbrev  0x00001a38       0xab /mnt/scratch/gnuarm/arm-none-eabi/lib//libc.a(lib_a-memcpy-stub.o)
 .debug_abbrev  0x00001ae3      0x19a /mnt/scratch/gnuarm/arm-none-eabi/lib//libc.a(lib_a-mlock.o)
 .debug_abbrev  0x00001c7d      0x3aa /mnt/scratch/gnuarm/arm-none-eabi/lib//libc.a(lib_a-mprec.o)
 .debug_abbrev  0x00002027       0x6f /mnt/scratch/gnuarm/arm-none-eabi/lib//libc.a(lib_a-s_fpclassify.o)
 .debug_abbrev  0x00002096      0x1fd /mnt/scratch/gnuarm/arm-none-eabi/lib//libc.a(lib_a-sbrkr.o)
 .debug_abbrev  0x00002293       0x14 /mnt/scratch/gnuarm/arm-none-eabi/lib//libc.a(lib_a-strcmp.o)
 .debug_abbrev  0x000022a7       0x70 /mnt/scratch/gnuarm/arm-none-eabi/lib//libc.a(lib_a-strlen.o)
 .debug_abbrev  0x00002317      0x2f2 /mnt/scratch/gnuarm/arm-none-eabi/lib//libc.a(lib_a-svfiprintf.o)
 .debug_abbrev  0x00002609      0x1a3 /mnt/scratch/gnuarm/arm-none-eabi/lib//libc.a(lib_a-syscalls.o)
 .debug_abbrev  0x000027ac      0x213 /mnt/scratch/gnuarm/arm-none-eabi/lib//libc.a(lib_a-callocr.o)
 .debug_abbrev  0x000029bf      0x18f /mnt/scratch/gnuarm/arm-none-eabi/lib//libc.a(lib_a-errno.o)
 .debug_abbrev  0x00002b4e      0x26b /mnt/scratch/gnuarm/arm-none-eabi/lib//libc.a(lib_a-freer.o)
 .debug_abbrev  0x00002db9       0xab /mnt/scratch/gnuarm/arm-none-eabi/lib//libc.a(lib_a-memmove.o)
 .debug_abbrev  0x00002e64      0x25b /mnt/scratch/gnuarm/arm-none-eabi/lib//libc.a(lib_a-reallocr.o)
 .debug_abbrev  0x000030bf      0x27b /mnt/scratch/gnuarm/arm-none-eabi/lib//libc.a(lib_a-reent.o)
 .debug_abbrev  0x0000333a       0x14 /mnt/scratch/gnuarm/lib/gcc/arm-none-eabi/4.8.1/libgcc.a(_udivsi3.o)
 .debug_abbrev  0x0000334e       0x14 /mnt/scratch/gnuarm/lib/gcc/arm-none-eabi/4.8.1/libgcc.a(_dvmd_tls.o)
 .debug_abbrev  0x00003362       0x14 /mnt/scratch/gnuarm/lib/gcc/arm-none-eabi/4.8.1/libgcc.a(_arm_addsubdf3.o)
 .debug_abbrev  0x00003376       0x14 /mnt/scratch/gnuarm/lib/gcc/arm-none-eabi/4.8.1/libgcc.a(_arm_muldivdf3.o)
 .debug_abbrev  0x0000338a       0x14 /mnt/scratch/gnuarm/lib/gcc/arm-none-eabi/4.8.1/libgcc.a(_arm_cmpdf2.o)
 .debug_abbrev  0x0000339e       0x14 /mnt/scratch/gnuarm/lib/gcc/arm-none-eabi/4.8.1/libgcc.a(_arm_fixdfsi.o)

.debug_aranges  0x00000000      0x4b0
 .debug_aranges
                0x00000000       0x20 src/raspi/vectors.o
 .debug_aranges
                0x00000020       0x20 src/raspi/gpio.o
 .debug_aranges
                0x00000040       0x20 src/raspi/irq.o
 .debug_aranges
                0x00000060       0x20 src/raspi/main.o
 .debug_aranges
                0x00000080       0x20 src/raspi/mpu60x0.o
 .debug_aranges
                0x000000a0       0x18 src/raspi/mpu60x0regs.o
 .debug_aranges
                0x000000b8       0x20 src/raspi/spi.o
 .debug_aranges
                0x000000d8       0x20 src/raspi/support.o
 .debug_aranges
                0x000000f8       0x20 src/raspi/uart.o
 .debug_aranges
                0x00000118       0x20 /mnt/scratch/gnuarm/arm-none-eabi/lib//libc.a(lib_a-memset.o)
 .debug_aranges
                0x00000138       0x20 /mnt/scratch/gnuarm/arm-none-eabi/lib//libc.a(lib_a-sprintf.o)
 .debug_aranges
                0x00000158       0x20 /mnt/scratch/gnuarm/arm-none-eabi/lib//libc.a(lib_a-svfprintf.o)
 .debug_aranges
                0x00000178       0x20 /mnt/scratch/gnuarm/arm-none-eabi/lib//libc.a(lib_a-dtoa.o)
 .debug_aranges
                0x00000198       0x18 /mnt/scratch/gnuarm/arm-none-eabi/lib//libc.a(lib_a-impure.o)
 .debug_aranges
                0x000001b0       0x20 /mnt/scratch/gnuarm/arm-none-eabi/lib//libc.a(lib_a-locale.o)
 .debug_aranges
                0x000001d0       0x20 /mnt/scratch/gnuarm/arm-none-eabi/lib//libc.a(lib_a-mallocr.o)
 .debug_aranges
                0x000001f0       0x20 /mnt/scratch/gnuarm/arm-none-eabi/lib//libc.a(lib_a-memchr-stub.o)
 .debug_aranges
                0x00000210       0x20 /mnt/scratch/gnuarm/arm-none-eabi/lib//libc.a(lib_a-memcpy-stub.o)
 .debug_aranges
                0x00000230       0x20 /mnt/scratch/gnuarm/arm-none-eabi/lib//libc.a(lib_a-mlock.o)
 .debug_aranges
                0x00000250       0x20 /mnt/scratch/gnuarm/arm-none-eabi/lib//libc.a(lib_a-mprec.o)
 .debug_aranges
                0x00000270       0x20 /mnt/scratch/gnuarm/arm-none-eabi/lib//libc.a(lib_a-s_fpclassify.o)
 .debug_aranges
                0x00000290       0x20 /mnt/scratch/gnuarm/arm-none-eabi/lib//libc.a(lib_a-sbrkr.o)
 .debug_aranges
                0x000002b0       0x20 /mnt/scratch/gnuarm/arm-none-eabi/lib//libc.a(lib_a-strcmp.o)
 .debug_aranges
                0x000002d0       0x20 /mnt/scratch/gnuarm/arm-none-eabi/lib//libc.a(lib_a-strlen.o)
 .debug_aranges
                0x000002f0       0x20 /mnt/scratch/gnuarm/arm-none-eabi/lib//libc.a(lib_a-svfiprintf.o)
 .debug_aranges
                0x00000310       0x20 /mnt/scratch/gnuarm/arm-none-eabi/lib//libc.a(lib_a-syscalls.o)
 .debug_aranges
                0x00000330       0x20 /mnt/scratch/gnuarm/arm-none-eabi/lib//libc.a(lib_a-callocr.o)
 .debug_aranges
                0x00000350       0x20 /mnt/scratch/gnuarm/arm-none-eabi/lib//libc.a(lib_a-errno.o)
 .debug_aranges
                0x00000370       0x20 /mnt/scratch/gnuarm/arm-none-eabi/lib//libc.a(lib_a-freer.o)
 .debug_aranges
                0x00000390       0x20 /mnt/scratch/gnuarm/arm-none-eabi/lib//libc.a(lib_a-memmove.o)
 .debug_aranges
                0x000003b0       0x20 /mnt/scratch/gnuarm/arm-none-eabi/lib//libc.a(lib_a-reallocr.o)
 .debug_aranges
                0x000003d0       0x20 /mnt/scratch/gnuarm/arm-none-eabi/lib//libc.a(lib_a-reent.o)
 .debug_aranges
                0x000003f0       0x20 /mnt/scratch/gnuarm/lib/gcc/arm-none-eabi/4.8.1/libgcc.a(_udivsi3.o)
 .debug_aranges
                0x00000410       0x20 /mnt/scratch/gnuarm/lib/gcc/arm-none-eabi/4.8.1/libgcc.a(_dvmd_tls.o)
 .debug_aranges
                0x00000430       0x20 /mnt/scratch/gnuarm/lib/gcc/arm-none-eabi/4.8.1/libgcc.a(_arm_addsubdf3.o)
 .debug_aranges
                0x00000450       0x20 /mnt/scratch/gnuarm/lib/gcc/arm-none-eabi/4.8.1/libgcc.a(_arm_muldivdf3.o)
 .debug_aranges
                0x00000470       0x20 /mnt/scratch/gnuarm/lib/gcc/arm-none-eabi/4.8.1/libgcc.a(_arm_cmpdf2.o)
 .debug_aranges
                0x00000490       0x20 /mnt/scratch/gnuarm/lib/gcc/arm-none-eabi/4.8.1/libgcc.a(_arm_fixdfsi.o)

.debug_loc      0x00000000     0xc5f2
 .debug_loc     0x00000000       0xd2 src/raspi/gpio.o
 .debug_loc     0x000000d2      0x2ab src/raspi/irq.o
 .debug_loc     0x0000037d       0x5f src/raspi/main.o
 .debug_loc     0x000003dc      0x214 src/raspi/mpu60x0.o
 .debug_loc     0x000005f0      0x1d3 src/raspi/spi.o
 .debug_loc     0x000007c3       0x36 src/raspi/support.o
 .debug_loc     0x000007f9      0x1bc src/raspi/uart.o
 .debug_loc     0x000009b5      0x175 /mnt/scratch/gnuarm/arm-none-eabi/lib//libc.a(lib_a-memset.o)
 .debug_loc     0x00000b2a       0x79 /mnt/scratch/gnuarm/arm-none-eabi/lib//libc.a(lib_a-sprintf.o)
 .debug_loc     0x00000ba3     0x219d /mnt/scratch/gnuarm/arm-none-eabi/lib//libc.a(lib_a-svfprintf.o)
 .debug_loc     0x00002d40     0x3000 /mnt/scratch/gnuarm/arm-none-eabi/lib//libc.a(lib_a-dtoa.o)
 .debug_loc     0x00005d40      0x100 /mnt/scratch/gnuarm/arm-none-eabi/lib//libc.a(lib_a-locale.o)
 .debug_loc     0x00005e40      0xcee /mnt/scratch/gnuarm/arm-none-eabi/lib//libc.a(lib_a-mallocr.o)
 .debug_loc     0x00006b2e      0x15a /mnt/scratch/gnuarm/arm-none-eabi/lib//libc.a(lib_a-memchr-stub.o)
 .debug_loc     0x00006c88      0x1c1 /mnt/scratch/gnuarm/arm-none-eabi/lib//libc.a(lib_a-memcpy-stub.o)
 .debug_loc     0x00006e49     0x2890 /mnt/scratch/gnuarm/arm-none-eabi/lib//libc.a(lib_a-mprec.o)
 .debug_loc     0x000096d9       0x84 /mnt/scratch/gnuarm/arm-none-eabi/lib//libc.a(lib_a-s_fpclassify.o)
 .debug_loc     0x0000975d       0x66 /mnt/scratch/gnuarm/arm-none-eabi/lib//libc.a(lib_a-sbrkr.o)
 .debug_loc     0x000097c3       0x21 /mnt/scratch/gnuarm/arm-none-eabi/lib//libc.a(lib_a-strlen.o)
 .debug_loc     0x000097e4     0x1221 /mnt/scratch/gnuarm/arm-none-eabi/lib//libc.a(lib_a-svfiprintf.o)
 .debug_loc     0x0000aa05      0x2bb /mnt/scratch/gnuarm/arm-none-eabi/lib//libc.a(lib_a-syscalls.o)
 .debug_loc     0x0000acc0      0x20c /mnt/scratch/gnuarm/arm-none-eabi/lib//libc.a(lib_a-callocr.o)
 .debug_loc     0x0000aecc      0x3fc /mnt/scratch/gnuarm/arm-none-eabi/lib//libc.a(lib_a-freer.o)
 .debug_loc     0x0000b2c8      0x2b0 /mnt/scratch/gnuarm/arm-none-eabi/lib//libc.a(lib_a-memmove.o)
 .debug_loc     0x0000b578      0xed3 /mnt/scratch/gnuarm/arm-none-eabi/lib//libc.a(lib_a-reallocr.o)
 .debug_loc     0x0000c44b      0x1a7 /mnt/scratch/gnuarm/arm-none-eabi/lib//libc.a(lib_a-reent.o)

.debug_str      0x00000000     0x1d17
 .debug_str     0x00000000      0x15e src/raspi/gpio.o
                                0x16b (size before relaxing)
 .debug_str     0x0000015e      0x208 src/raspi/irq.o
                                0x2bc (size before relaxing)
 .debug_str     0x00000366      0x217 src/raspi/main.o
                                0x45a (size before relaxing)
 .debug_str     0x0000057d      0x1a5 src/raspi/mpu60x0.o
                                0x46b (size before relaxing)
 .debug_str     0x00000722       0x18 src/raspi/mpu60x0regs.o
                                0x174 (size before relaxing)
 .debug_str     0x0000073a       0x4c src/raspi/spi.o
                                0x22c (size before relaxing)
 .debug_str     0x00000786       0x1a src/raspi/support.o
                                 0x9c (size before relaxing)
 .debug_str     0x000007a0       0x35 src/raspi/uart.o
                                0x206 (size before relaxing)
 .debug_str     0x000007d5       0xb7 /mnt/scratch/gnuarm/arm-none-eabi/lib//libc.a(lib_a-memset.o)
                                0x157 (size before relaxing)
 .debug_str     0x0000088c      0x420 /mnt/scratch/gnuarm/arm-none-eabi/lib//libc.a(lib_a-sprintf.o)
                                0x541 (size before relaxing)
 .debug_str     0x00000cac      0x2f9 /mnt/scratch/gnuarm/arm-none-eabi/lib//libc.a(lib_a-svfprintf.o)
                                0x897 (size before relaxing)
 .debug_str     0x00000fa5      0x1a6 /mnt/scratch/gnuarm/arm-none-eabi/lib//libc.a(lib_a-dtoa.o)
                                0x666 (size before relaxing)
 .debug_str     0x0000114b       0xa0 /mnt/scratch/gnuarm/arm-none-eabi/lib//libc.a(lib_a-impure.o)
                                0x514 (size before relaxing)
 .debug_str     0x000011eb      0x16a /mnt/scratch/gnuarm/arm-none-eabi/lib//libc.a(lib_a-locale.o)
                                0x771 (size before relaxing)
 .debug_str     0x00001355      0x239 /mnt/scratch/gnuarm/arm-none-eabi/lib//libc.a(lib_a-mallocr.o)
                                0x723 (size before relaxing)
 .debug_str     0x0000158e       0xa8 /mnt/scratch/gnuarm/arm-none-eabi/lib//libc.a(lib_a-memchr-stub.o)
                                0x16f (size before relaxing)
 .debug_str     0x00001636       0x6c /mnt/scratch/gnuarm/arm-none-eabi/lib//libc.a(lib_a-memcpy-stub.o)
                                0x17c (size before relaxing)
 .debug_str     0x000016a2       0x4c /mnt/scratch/gnuarm/arm-none-eabi/lib//libc.a(lib_a-mlock.o)
                                0x51d (size before relaxing)
 .debug_str     0x000016ee       0xa2 /mnt/scratch/gnuarm/arm-none-eabi/lib//libc.a(lib_a-mprec.o)
                                0x620 (size before relaxing)
 .debug_str     0x00001790       0x89 /mnt/scratch/gnuarm/arm-none-eabi/lib//libc.a(lib_a-s_fpclassify.o)
                                0x16d (size before relaxing)
 .debug_str     0x00001819       0x41 /mnt/scratch/gnuarm/arm-none-eabi/lib//libc.a(lib_a-sbrkr.o)
                                0x50b (size before relaxing)
 .debug_str     0x0000185a       0x40 /mnt/scratch/gnuarm/arm-none-eabi/lib//libc.a(lib_a-strlen.o)
                                0x150 (size before relaxing)
 .debug_str     0x0000189a       0x30 /mnt/scratch/gnuarm/arm-none-eabi/lib//libc.a(lib_a-svfiprintf.o)
                                0x69a (size before relaxing)
 .debug_str     0x000018ca      0x28a /mnt/scratch/gnuarm/arm-none-eabi/lib//libc.a(lib_a-syscalls.o)
                                0x3a2 (size before relaxing)
 .debug_str     0x00001b54        0xf /mnt/scratch/gnuarm/arm-none-eabi/lib//libc.a(lib_a-callocr.o)
                                0x54d (size before relaxing)
 .debug_str     0x00001b63       0x80 /mnt/scratch/gnuarm/arm-none-eabi/lib//libc.a(lib_a-errno.o)
                                0x4fc (size before relaxing)
 .debug_str     0x00001be3       0x34 /mnt/scratch/gnuarm/arm-none-eabi/lib//libc.a(lib_a-freer.o)
                                0x66d (size before relaxing)
 .debug_str     0x00001c17       0x42 /mnt/scratch/gnuarm/arm-none-eabi/lib//libc.a(lib_a-memmove.o)
                                0x176 (size before relaxing)
 .debug_str     0x00001c59       0x4e /mnt/scratch/gnuarm/arm-none-eabi/lib//libc.a(lib_a-reallocr.o)
                                0x5f5 (size before relaxing)
 .debug_str     0x00001ca7       0x70 /mnt/scratch/gnuarm/arm-none-eabi/lib//libc.a(lib_a-reent.o)
                                0x541 (size before relaxing)

.debug_frame    0x00000000      0xafc
 .debug_frame   0x00000000       0x28 src/raspi/gpio.o
 .debug_frame   0x00000028       0x88 src/raspi/irq.o
 .debug_frame   0x000000b0       0x48 src/raspi/main.o
 .debug_frame   0x000000f8       0x60 src/raspi/mpu60x0.o
 .debug_frame   0x00000158       0x98 src/raspi/spi.o
 .debug_frame   0x000001f0       0x20 src/raspi/support.o
 .debug_frame   0x00000210       0x8c src/raspi/uart.o
 .debug_frame   0x0000029c       0x2c /mnt/scratch/gnuarm/arm-none-eabi/lib//libc.a(lib_a-memset.o)
 .debug_frame   0x000002c8       0x60 /mnt/scratch/gnuarm/arm-none-eabi/lib//libc.a(lib_a-sprintf.o)
 .debug_frame   0x00000328       0x3c /mnt/scratch/gnuarm/arm-none-eabi/lib//libc.a(lib_a-svfprintf.o)
 .debug_frame   0x00000364       0x64 /mnt/scratch/gnuarm/arm-none-eabi/lib//libc.a(lib_a-dtoa.o)
 .debug_frame   0x000003c8       0x98 /mnt/scratch/gnuarm/arm-none-eabi/lib//libc.a(lib_a-locale.o)
 .debug_frame   0x00000460       0x38 /mnt/scratch/gnuarm/arm-none-eabi/lib//libc.a(lib_a-mallocr.o)
 .debug_frame   0x00000498       0x2c /mnt/scratch/gnuarm/arm-none-eabi/lib//libc.a(lib_a-memchr-stub.o)
 .debug_frame   0x000004c4       0x2c /mnt/scratch/gnuarm/arm-none-eabi/lib//libc.a(lib_a-memcpy-stub.o)
 .debug_frame   0x000004f0       0x30 /mnt/scratch/gnuarm/arm-none-eabi/lib//libc.a(lib_a-mlock.o)
 .debug_frame   0x00000520      0x210 /mnt/scratch/gnuarm/arm-none-eabi/lib//libc.a(lib_a-mprec.o)
 .debug_frame   0x00000730       0x20 /mnt/scratch/gnuarm/arm-none-eabi/lib//libc.a(lib_a-s_fpclassify.o)
 .debug_frame   0x00000750       0x2c /mnt/scratch/gnuarm/arm-none-eabi/lib//libc.a(lib_a-sbrkr.o)
 .debug_frame   0x0000077c       0x20 /mnt/scratch/gnuarm/arm-none-eabi/lib//libc.a(lib_a-strlen.o)
 .debug_frame   0x0000079c       0x64 /mnt/scratch/gnuarm/arm-none-eabi/lib//libc.a(lib_a-svfiprintf.o)
 .debug_frame   0x00000800      0x178 /mnt/scratch/gnuarm/arm-none-eabi/lib//libc.a(lib_a-syscalls.o)
 .debug_frame   0x00000978       0x28 /mnt/scratch/gnuarm/arm-none-eabi/lib//libc.a(lib_a-callocr.o)
 .debug_frame   0x000009a0       0x20 /mnt/scratch/gnuarm/arm-none-eabi/lib//libc.a(lib_a-errno.o)
 .debug_frame   0x000009c0       0x50 /mnt/scratch/gnuarm/arm-none-eabi/lib//libc.a(lib_a-freer.o)
 .debug_frame   0x00000a10       0x2c /mnt/scratch/gnuarm/arm-none-eabi/lib//libc.a(lib_a-memmove.o)
 .debug_frame   0x00000a3c       0x38 /mnt/scratch/gnuarm/arm-none-eabi/lib//libc.a(lib_a-reallocr.o)
 .debug_frame   0x00000a74       0x68 /mnt/scratch/gnuarm/arm-none-eabi/lib//libc.a(lib_a-reent.o)
 .debug_frame   0x00000adc       0x20 /mnt/scratch/gnuarm/lib/gcc/arm-none-eabi/4.8.1/libgcc.a(_udivsi3.o)

.debug_ranges   0x00000000      0x408
 .debug_ranges  0x00000000       0x38 src/raspi/irq.o
 .debug_ranges  0x00000038       0x30 src/raspi/main.o
 .debug_ranges  0x00000068       0xa0 src/raspi/spi.o
 .debug_ranges  0x00000108       0x20 src/raspi/uart.o
 .debug_ranges  0x00000128      0x108 /mnt/scratch/gnuarm/arm-none-eabi/lib//libc.a(lib_a-svfprintf.o)
 .debug_ranges  0x00000230       0x28 /mnt/scratch/gnuarm/arm-none-eabi/lib//libc.a(lib_a-mallocr.o)
 .debug_ranges  0x00000258       0x48 /mnt/scratch/gnuarm/arm-none-eabi/lib//libc.a(lib_a-mprec.o)
 .debug_ranges  0x000002a0       0x10 /mnt/scratch/gnuarm/arm-none-eabi/lib//libc.a(lib_a-strlen.o)
 .debug_ranges  0x000002b0       0x58 /mnt/scratch/gnuarm/arm-none-eabi/lib//libc.a(lib_a-svfiprintf.o)
 .debug_ranges  0x00000308       0x30 /mnt/scratch/gnuarm/arm-none-eabi/lib//libc.a(lib_a-callocr.o)
 .debug_ranges  0x00000338       0xb8 /mnt/scratch/gnuarm/arm-none-eabi/lib//libc.a(lib_a-reallocr.o)
 .debug_ranges  0x000003f0       0x18 /mnt/scratch/gnuarm/arm-none-eabi/lib//libc.a(lib_a-reent.o)
